c:\users\hp\documents\hl2sb-src\src\vgui2\vgui_controls\debug\buildfactoryhelper.obj
c:\users\hp\documents\hl2sb-src\src\vgui2\vgui_controls\debug\checkbutton.obj
c:\users\hp\documents\hl2sb-src\src\vgui2\vgui_controls\debug\directoryselectdialog.obj
c:\users\hp\documents\hl2sb-src\src\vgui2\vgui_controls\debug\graphpanel.obj
c:\users\hp\documents\hl2sb-src\src\vgui2\vgui_controls\debug\label.obj
c:\users\hp\documents\hl2sb-src\src\vgui2\vgui_controls\debug\menubutton.obj
c:\users\hp\documents\hl2sb-src\src\vgui2\vgui_controls\debug\perforcefilelist.obj
c:\users\hp\documents\hl2sb-src\src\vgui2\vgui_controls\debug\propertysheet.obj
c:\users\hp\documents\hl2sb-src\src\vgui2\vgui_controls\debug\sectionedlistpanel.obj
c:\users\hp\documents\hl2sb-src\src\vgui2\vgui_controls\debug\urllabel.obj
c:\users\hp\documents\hl2sb-src\src\vgui2\vgui_controls\debug\button.obj
c:\users\hp\documents\hl2sb-src\src\vgui2\vgui_controls\debug\consoledialog.obj
c:\users\hp\documents\hl2sb-src\src\vgui2\vgui_controls\debug\filesystem_helpers.obj
c:\users\hp\documents\hl2sb-src\src\vgui2\vgui_controls\debug\image.obj
c:\users\hp\documents\hl2sb-src\src\vgui2\vgui_controls\debug\keyboardeditordialog.obj
c:\users\hp\documents\hl2sb-src\src\vgui2\vgui_controls\debug\menuitem.obj
c:\users\hp\documents\hl2sb-src\src\vgui2\vgui_controls\debug\perforcefilelistframe.obj
c:\users\hp\documents\hl2sb-src\src\vgui2\vgui_controls\debug\richtext.obj
c:\users\hp\documents\hl2sb-src\src\vgui2\vgui_controls\debug\treeviewlistcontrol.obj
c:\users\hp\documents\hl2sb-src\src\vgui2\vgui_controls\debug\animatingimagepanel.obj
c:\users\hp\documents\hl2sb-src\src\vgui2\vgui_controls\debug\circularprogressbar.obj
c:\users\hp\documents\hl2sb-src\src\vgui2\vgui_controls\debug\editablepanel.obj
c:\users\hp\documents\hl2sb-src\src\vgui2\vgui_controls\debug\imagepanel.obj
c:\users\hp\documents\hl2sb-src\src\vgui2\vgui_controls\debug\listviewpanel.obj
c:\users\hp\documents\hl2sb-src\src\vgui2\vgui_controls\debug\messagedialog.obj
c:\users\hp\documents\hl2sb-src\src\vgui2\vgui_controls\debug\progressbox.obj
c:\users\hp\documents\hl2sb-src\src\vgui2\vgui_controls\debug\rotatingprogressbar.obj
c:\users\hp\documents\hl2sb-src\src\vgui2\vgui_controls\debug\slider.obj
c:\users\hp\documents\hl2sb-src\src\vgui2\vgui_controls\debug\toolwindow.obj
c:\users\hp\documents\hl2sb-src\src\vgui2\vgui_controls\debug\bitmapimagepanel.obj
c:\users\hp\documents\hl2sb-src\src\vgui2\vgui_controls\debug\checkbuttonlist.obj
c:\users\hp\documents\hl2sb-src\src\vgui2\vgui_controls\debug\expandbutton.obj
c:\users\hp\documents\hl2sb-src\src\vgui2\vgui_controls\debug\html.obj
c:\users\hp\documents\hl2sb-src\src\vgui2\vgui_controls\debug\panellistpanel.obj
c:\users\hp\documents\hl2sb-src\src\vgui2\vgui_controls\debug\propertydialog.obj
c:\users\hp\documents\hl2sb-src\src\vgui2\vgui_controls\debug\scalableimagepanel.obj
c:\users\hp\documents\hl2sb-src\src\vgui2\vgui_controls\debug\subrectimage.obj
c:\users\hp\documents\hl2sb-src\src\vgui2\vgui_controls\debug\tooltip.obj
c:\users\hp\documents\hl2sb-src\src\vgui2\vgui_controls\debug\buildgroup.obj
c:\users\hp\documents\hl2sb-src\src\vgui2\vgui_controls\debug\controllermap.obj
c:\users\hp\documents\hl2sb-src\src\vgui2\vgui_controls\debug\fileopendialog.obj
c:\users\hp\documents\hl2sb-src\src\vgui2\vgui_controls\debug\keybindinghelpdialog.obj
c:\users\hp\documents\hl2sb-src\src\vgui2\vgui_controls\debug\menubar.obj
c:\users\hp\documents\hl2sb-src\src\vgui2\vgui_controls\debug\panel.obj
c:\users\hp\documents\hl2sb-src\src\vgui2\vgui_controls\debug\savedocumentquery.obj
c:\users\hp\documents\hl2sb-src\src\vgui2\vgui_controls\debug\splitter.obj
c:\users\hp\documents\hl2sb-src\src\vgui2\vgui_controls\debug\treeview.obj
c:\users\hp\documents\hl2sb-src\src\vgui2\vgui_controls\debug\analogbar.obj
c:\users\hp\documents\hl2sb-src\src\vgui2\vgui_controls\debug\combobox.obj
c:\users\hp\documents\hl2sb-src\src\vgui2\vgui_controls\debug\fileopenstatemachine.obj
c:\users\hp\documents\hl2sb-src\src\vgui2\vgui_controls\debug\imagelist.obj
c:\users\hp\documents\hl2sb-src\src\vgui2\vgui_controls\debug\keyrepeat.obj
c:\users\hp\documents\hl2sb-src\src\vgui2\vgui_controls\debug\perforcefileexplorer.obj
c:\users\hp\documents\hl2sb-src\src\vgui2\vgui_controls\debug\querybox.obj
c:\users\hp\documents\hl2sb-src\src\vgui2\vgui_controls\debug\scrollbar.obj
c:\users\hp\documents\hl2sb-src\src\vgui2\vgui_controls\debug\textimage.obj
c:\users\hp\documents\hl2sb-src\src\vgui2\vgui_controls\debug\vgui_key_translation.obj
c:\users\hp\documents\hl2sb-src\src\vgui2\vgui_controls\debug\animationcontroller.obj
c:\users\hp\documents\hl2sb-src\src\vgui2\vgui_controls\debug\controls.obj
c:\users\hp\documents\hl2sb-src\src\vgui2\vgui_controls\debug\divider.obj
c:\users\hp\documents\hl2sb-src\src\vgui2\vgui_controls\debug\frame.obj
c:\users\hp\documents\hl2sb-src\src\vgui2\vgui_controls\debug\listpanel.obj
c:\users\hp\documents\hl2sb-src\src\vgui2\vgui_controls\debug\messagebox.obj
c:\users\hp\documents\hl2sb-src\src\vgui2\vgui_controls\debug\progressbar.obj
c:\users\hp\documents\hl2sb-src\src\vgui2\vgui_controls\debug\radiobutton.obj
c:\users\hp\documents\hl2sb-src\src\vgui2\vgui_controls\debug\scrollbarslider.obj
c:\users\hp\documents\hl2sb-src\src\vgui2\vgui_controls\debug\togglebutton.obj
c:\users\hp\documents\hl2sb-src\src\vgui2\vgui_controls\debug\wizardsubpanel.obj
c:\users\hp\documents\hl2sb-src\src\vgui2\vgui_controls\debug\buildmodedialog.obj
c:\users\hp\documents\hl2sb-src\src\vgui2\vgui_controls\debug\cvartogglecheckbutton.obj
c:\users\hp\documents\hl2sb-src\src\vgui2\vgui_controls\debug\focusnavgroup.obj
c:\users\hp\documents\hl2sb-src\src\vgui2\vgui_controls\debug\inputdialog.obj
c:\users\hp\documents\hl2sb-src\src\vgui2\vgui_controls\debug\menu.obj
c:\users\hp\documents\hl2sb-src\src\vgui2\vgui_controls\debug\propertypage.obj
c:\users\hp\documents\hl2sb-src\src\vgui2\vgui_controls\debug\scrollableeditablepanel.obj
c:\users\hp\documents\hl2sb-src\src\vgui2\vgui_controls\debug\textentry.obj
c:\users\hp\documents\hl2sb-src\src\vgui2\vgui_controls\debug\wizardpanel.obj
c:\users\hp\documents\hl2sb-src\src\vgui2\vgui_controls\debug\vc120.pdb
c:\users\hp\downloads\hl2sb-src-master\src\vgui2\vgui_controls\vgui_controls.vpc.sentinel
c:\users\hp\documents\hl2sb-src\src\lib\public\vgui_controls.lib
c:\users\hp\documents\hl2sb-src\src\vgui2\vgui_controls\debug\vc120.idb
c:\users\hp\documents\hl2sb-src\src\vgui2\vgui_controls\..\..\lib\public\.\vgui_controls.lib
c:\users\hp\documents\hl2sb-src\src\vgui2\vgui_controls\debug\vgui_controls.tlog\cl.command.1.tlog
c:\users\hp\documents\hl2sb-src\src\vgui2\vgui_controls\debug\vgui_controls.tlog\cl.read.1.tlog
c:\users\hp\documents\hl2sb-src\src\vgui2\vgui_controls\debug\vgui_controls.tlog\cl.write.1.tlog
c:\users\hp\documents\hl2sb-src\src\vgui2\vgui_controls\debug\vgui_controls.tlog\custombuild.command.1.tlog
c:\users\hp\documents\hl2sb-src\src\vgui2\vgui_controls\debug\vgui_controls.tlog\custombuild.read.1.tlog
c:\users\hp\documents\hl2sb-src\src\vgui2\vgui_controls\debug\vgui_controls.tlog\custombuild.write.1.tlog
c:\users\hp\documents\hl2sb-src\src\vgui2\vgui_controls\debug\vgui_controls.tlog\lib-link.read.1.tlog
c:\users\hp\documents\hl2sb-src\src\vgui2\vgui_controls\debug\vgui_controls.tlog\lib-link.write.1.tlog
c:\users\hp\documents\hl2sb-src\src\vgui2\vgui_controls\debug\vgui_controls.tlog\lib.command.1.tlog
