c:\users\hp\documents\hl2sb-src\src\game\client\debug_mod_hl2mp\client.pch
c:\users\hp\documents\hl2sb-src\src\game\client\debug_mod_hl2mp\vc120.pdb
c:\users\hp\documents\hl2sb-src\src\game\client\debug_mod_hl2mp\vc120.idb
c:\users\hp\documents\hl2sb-src\src\game\client\debug_mod_hl2mp\stdafx.obj
c:\users\hp\documents\hl2sb-src\src\game\client\debug_mod_hl2mp\replaycamera.obj
c:\users\hp\documents\hl2sb-src\src\game\client\debug_mod_hl2mp\animatedoffsettextureproxy.obj
c:\users\hp\documents\hl2sb-src\src\game\client\debug_mod_hl2mp\baseachievement.obj
c:\users\hp\documents\hl2sb-src\src\game\client\debug_mod_hl2mp\c_basecombatweapon.obj
c:\users\hp\documents\hl2sb-src\src\game\client\debug_mod_hl2mp\c_env_particlescript.obj
c:\users\hp\documents\hl2sb-src\src\game\client\debug_mod_hl2mp\c_fire_smoke.obj
c:\users\hp\documents\hl2sb-src\src\game\client\debug_mod_hl2mp\c_func_occluder.obj
c:\users\hp\documents\hl2sb-src\src\game\client\debug_mod_hl2mp\c_lightglow.obj
c:\users\hp\documents\hl2sb-src\src\game\client\debug_mod_hl2mp\c_plasma.obj
c:\users\hp\documents\hl2sb-src\src\game\client\debug_mod_hl2mp\c_rope.obj
c:\users\hp\documents\hl2sb-src\src\game\client\debug_mod_hl2mp\c_vehicle_choreo_generic.obj
c:\users\hp\documents\hl2sb-src\src\game\client\debug_mod_hl2mp\cdll_bounded_cvars.obj
c:\users\hp\documents\hl2sb-src\src\game\client\debug_mod_hl2mp\cdll_util.obj
c:\users\hp\documents\hl2sb-src\src\game\client\debug_mod_hl2mp\clientsideeffects.obj
c:\users\hp\documents\hl2sb-src\src\game\client\debug_mod_hl2mp\clientsteamcontext.obj
c:\users\hp\documents\hl2sb-src\src\game\client\debug_mod_hl2mp\dummyproxy.obj
c:\users\hp\documents\hl2sb-src\src\game\client\debug_mod_hl2mp\effectsclient.obj
c:\users\hp\documents\hl2sb-src\src\game\client\debug_mod_hl2mp\entityparticletrail_shared.obj
c:\users\hp\documents\hl2sb-src\src\game\client\debug_mod_hl2mp\flashlighteffect.obj
c:\users\hp\documents\hl2sb-src\src\game\client\debug_mod_hl2mp\fx_fleck.obj
c:\users\hp\documents\hl2sb-src\src\game\client\debug_mod_hl2mp\fx_shelleject.obj
c:\users\hp\documents\hl2sb-src\src\game\client\debug_mod_hl2mp\gamerules.obj
c:\users\hp\documents\hl2sb-src\src\game\client\debug_mod_hl2mp\history_resource.obj
c:\users\hp\documents\hl2sb-src\src\game\client\debug_mod_hl2mp\hud_crosshair.obj
c:\users\hp\documents\hl2sb-src\src\game\client\debug_mod_hl2mp\hud_redraw.obj
c:\users\hp\documents\hl2sb-src\src\game\client\debug_mod_hl2mp\initializer.obj
c:\users\hp\documents\hl2sb-src\src\game\client\debug_mod_hl2mp\lamphaloproxy.obj
c:\users\hp\documents\hl2sb-src\src\game\client\debug_mod_hl2mp\movehelper_client.obj
c:\users\hp\documents\hl2sb-src\src\game\client\debug_mod_hl2mp\particle_collision.obj
c:\users\hp\documents\hl2sb-src\src\game\client\debug_mod_hl2mp\particle_property.obj
c:\users\hp\documents\hl2sb-src\src\game\client\debug_mod_hl2mp\particles_ez.obj
c:\users\hp\documents\hl2sb-src\src\game\client\debug_mod_hl2mp\perfvisualbenchmark.obj
c:\users\hp\documents\hl2sb-src\src\game\client\debug_mod_hl2mp\playerandobjectenumerator.obj
c:\users\hp\documents\hl2sb-src\src\game\client\debug_mod_hl2mp\point_posecontroller.obj
c:\users\hp\documents\hl2sb-src\src\game\client\debug_mod_hl2mp\predicted_viewmodel.obj
c:\users\hp\documents\hl2sb-src\src\game\client\debug_mod_hl2mp\proxyplayer.obj
c:\users\hp\documents\hl2sb-src\src\game\client\debug_mod_hl2mp\sceneentity_shared.obj
c:\users\hp\documents\hl2sb-src\src\game\client\debug_mod_hl2mp\simtimer.obj
c:\users\hp\documents\hl2sb-src\src\game\client\debug_mod_hl2mp\soundenvelope.obj
c:\users\hp\documents\hl2sb-src\src\game\client\debug_mod_hl2mp\teamplay_gamerules.obj
c:\users\hp\documents\hl2sb-src\src\game\client\debug_mod_hl2mp\timematerialproxy.obj
c:\users\hp\documents\hl2sb-src\src\game\client\debug_mod_hl2mp\util_shared.obj
c:\users\hp\documents\hl2sb-src\src\game\client\debug_mod_hl2mp\vgui_bitmappanel.obj
c:\users\hp\documents\hl2sb-src\src\game\client\debug_mod_hl2mp\vgui_int.obj
c:\users\hp\documents\hl2sb-src\src\game\client\debug_mod_hl2mp\view_beams.obj
c:\users\hp\documents\hl2sb-src\src\game\client\debug_mod_hl2mp\viewrender.obj
c:\users\hp\documents\hl2sb-src\src\game\client\debug_mod_hl2mp\c_basehelicopter.obj
c:\users\hp\documents\hl2sb-src\src\game\client\debug_mod_hl2mp\c_env_headcrabcanister.obj
c:\users\hp\documents\hl2sb-src\src\game\client\debug_mod_hl2mp\c_prop_combine_ball.obj
c:\users\hp\documents\hl2sb-src\src\game\client\debug_mod_hl2mp\c_te_flare.obj
c:\users\hp\documents\hl2sb-src\src\game\client\debug_mod_hl2mp\c_weapon__stubs_hl2.obj
c:\users\hp\documents\hl2sb-src\src\game\client\debug_mod_hl2mp\hl2_usermessages.obj
c:\users\hp\documents\hl2sb-src\src\game\client\debug_mod_hl2mp\hud_ammo.obj
c:\users\hp\documents\hl2sb-src\src\game\client\debug_mod_hl2mp\hud_quickinfo.obj
c:\users\hp\documents\hl2sb-src\src\game\client\debug_mod_hl2mp\clientmode_hl2mpnormal.obj
c:\users\hp\documents\hl2sb-src\src\game\client\debug_mod_hl2mp\weapon_hl2mpbase.obj
c:\users\hp\documents\hl2sb-src\src\game\client\debug_mod_hl2mp\lbspflags.obj
c:\users\hp\documents\hl2sb-src\src\game\client\debug_mod_hl2mp\sixense_convars.obj
c:\users\hp\documents\hl2sb-src\src\game\client\debug_mod_hl2mp\c_particle_smokegrenade.obj
c:\users\hp\documents\hl2sb-src\src\game\client\debug_mod_hl2mp\c_te_armorricochet.obj
c:\users\hp\documents\hl2sb-src\src\game\client\debug_mod_hl2mp\c_te_beamlaser.obj
c:\users\hp\documents\hl2sb-src\src\game\client\debug_mod_hl2mp\c_te_bloodstream.obj
c:\users\hp\documents\hl2sb-src\src\game\client\debug_mod_hl2mp\c_te_effect_dispatch.obj
c:\users\hp\documents\hl2sb-src\src\game\client\debug_mod_hl2mp\c_te_killplayerattachments.obj
c:\users\hp\documents\hl2sb-src\src\game\client\debug_mod_hl2mp\c_te_physicsprop.obj
c:\users\hp\documents\hl2sb-src\src\game\client\debug_mod_hl2mp\c_te_worlddecal.obj
c:\users\hp\documents\hl2sb-src\src\game\client\debug_mod_hl2mp\smoke_fog_overlay.obj
c:\users\hp\documents\hl2sb-src\src\game\client\debug_mod_hl2mp\achievementmgr.obj
c:\users\hp\documents\hl2sb-src\src\game\client\debug_mod_hl2mp\c_baseflex.obj
c:\users\hp\documents\hl2sb-src\src\game\client\debug_mod_hl2mp\c_func_rotating.obj
c:\users\hp\documents\hl2sb-src\src\game\client\debug_mod_hl2mp\c_materialmodifycontrol.obj
c:\users\hp\documents\hl2sb-src\src\game\client\debug_mod_hl2mp\c_point_camera.obj
c:\users\hp\documents\hl2sb-src\src\game\client\debug_mod_hl2mp\c_sceneentity.obj
c:\users\hp\documents\hl2sb-src\src\game\client\debug_mod_hl2mp\client_factorylist.obj
c:\users\hp\documents\hl2sb-src\src\game\client\debug_mod_hl2mp\clienteffectprecachesystem.obj
c:\users\hp\documents\hl2sb-src\src\game\client\debug_mod_hl2mp\functionproxy.obj
c:\users\hp\documents\hl2sb-src\src\game\client\debug_mod_hl2mp\fx_impact.obj
c:\users\hp\documents\hl2sb-src\src\game\client\debug_mod_hl2mp\fx_trail.obj
c:\users\hp\documents\hl2sb-src\src\game\client\debug_mod_hl2mp\gamestringpool.obj
c:\users\hp\documents\hl2sb-src\src\game\client\debug_mod_hl2mp\haptic_utils.obj
c:\users\hp\documents\hl2sb-src\src\game\client\debug_mod_hl2mp\hud_autoaim.obj
c:\users\hp\documents\hl2sb-src\src\game\client\debug_mod_hl2mp\hud_filmdemo.obj
c:\users\hp\documents\hl2sb-src\src\game\client\debug_mod_hl2mp\hud_vehicle.obj
c:\users\hp\documents\hl2sb-src\src\game\client\debug_mod_hl2mp\isnpcproxy.obj
c:\users\hp\documents\hl2sb-src\src\game\client\debug_mod_hl2mp\matrixproxy.obj
c:\users\hp\documents\hl2sb-src\src\game\client\debug_mod_hl2mp\mp_shareddefs.obj
c:\users\hp\documents\hl2sb-src\src\game\client\debug_mod_hl2mp\panelmetaclassmgr.obj
c:\users\hp\documents\hl2sb-src\src\game\client\debug_mod_hl2mp\physics_main_shared.obj
c:\users\hp\documents\hl2sb-src\src\game\client\debug_mod_hl2mp\simple_keys.obj
c:\users\hp\documents\hl2sb-src\src\game\client\debug_mod_hl2mp\soundemittersystem.obj
c:\users\hp\documents\hl2sb-src\src\game\client\debug_mod_hl2mp\vehicle_viewblend_shared.obj
c:\users\hp\documents\hl2sb-src\src\game\client\debug_mod_hl2mp\vgui_bitmapimage.obj
c:\users\hp\documents\hl2sb-src\src\game\client\debug_mod_hl2mp\vgui_loadingdiscpanel.obj
c:\users\hp\documents\hl2sb-src\src\game\client\debug_mod_hl2mp\view.obj
c:\users\hp\documents\hl2sb-src\src\game\client\debug_mod_hl2mp\voice_status.obj
c:\users\hp\documents\hl2sb-src\src\game\client\debug_mod_hl2mp\commandmenu.obj
c:\users\hp\documents\hl2sb-src\src\game\client\debug_mod_hl2mp\teammenu.obj
c:\users\hp\documents\hl2sb-src\src\game\client\debug_mod_hl2mp\c_npc_manhack.obj
c:\users\hp\documents\hl2sb-src\src\game\client\debug_mod_hl2mp\c_script_intro.obj
c:\users\hp\documents\hl2sb-src\src\game\client\debug_mod_hl2mp\c_vehicle_prisoner_pod.obj
c:\users\hp\documents\hl2sb-src\src\game\client\debug_mod_hl2mp\fx_antlion.obj
c:\users\hp\documents\hl2sb-src\src\game\client\debug_mod_hl2mp\hl_gamemovement.obj
c:\users\hp\documents\hl2sb-src\src\game\client\debug_mod_hl2mp\hud_poisondamageindicator.obj
c:\users\hp\documents\hl2sb-src\src\game\client\debug_mod_hl2mp\shieldproxy.obj
c:\users\hp\documents\hl2sb-src\src\game\client\debug_mod_hl2mp\c_hl2mp_player.obj
c:\users\hp\documents\hl2sb-src\src\game\client\debug_mod_hl2mp\backgroundpanel.obj
c:\users\hp\documents\hl2sb-src\src\game\client\debug_mod_hl2mp\hud_deathnotice.obj
c:\users\hp\documents\hl2sb-src\src\game\client\debug_mod_hl2mp\lcdll_util.obj
c:\users\hp\documents\hl2sb-src\src\game\client\debug_mod_hl2mp\luamanager.obj
c:\users\hp\documents\hl2sb-src\src\game\client\debug_mod_hl2mp\c_smoke_trail.obj
c:\users\hp\documents\hl2sb-src\src\game\client\debug_mod_hl2mp\c_te_beamfollow.obj
c:\users\hp\documents\hl2sb-src\src\game\client\debug_mod_hl2mp\c_te_breakmodel.obj
c:\users\hp\documents\hl2sb-src\src\game\client\debug_mod_hl2mp\c_te_energysplash.obj
c:\users\hp\documents\hl2sb-src\src\game\client\debug_mod_hl2mp\c_te_largefunnel.obj
c:\users\hp\documents\hl2sb-src\src\game\client\debug_mod_hl2mp\c_te_playerdecal.obj
c:\users\hp\documents\hl2sb-src\src\game\client\debug_mod_hl2mp\fx_discreetline.obj
c:\users\hp\documents\hl2sb-src\src\game\client\debug_mod_hl2mp\bonelist.obj
c:\users\hp\documents\hl2sb-src\src\game\client\debug_mod_hl2mp\achievement_saverestore.obj
c:\users\hp\documents\hl2sb-src\src\game\client\debug_mod_hl2mp\animatedtextureproxy.obj
c:\users\hp\documents\hl2sb-src\src\game\client\debug_mod_hl2mp\baseanimatedtextureproxy.obj
c:\users\hp\documents\hl2sb-src\src\game\client\debug_mod_hl2mp\basegrenade_shared.obj
c:\users\hp\documents\hl2sb-src\src\game\client\debug_mod_hl2mp\basepresence.obj
c:\users\hp\documents\hl2sb-src\src\game\client\debug_mod_hl2mp\beamdraw.obj
c:\users\hp\documents\hl2sb-src\src\game\client\debug_mod_hl2mp\c_basedoor.obj
c:\users\hp\documents\hl2sb-src\src\game\client\debug_mod_hl2mp\c_breakableprop.obj
c:\users\hp\documents\hl2sb-src\src\game\client\debug_mod_hl2mp\c_dynamiclight.obj
c:\users\hp\documents\hl2sb-src\src\game\client\debug_mod_hl2mp\c_entitydissolve.obj
c:\users\hp\documents\hl2sb-src\src\game\client\debug_mod_hl2mp\c_fish.obj
c:\users\hp\documents\hl2sb-src\src\game\client\debug_mod_hl2mp\c_func_dust.obj
c:\users\hp\documents\hl2sb-src\src\game\client\debug_mod_hl2mp\c_gib.obj
c:\users\hp\documents\hl2sb-src\src\game\client\debug_mod_hl2mp\c_pixel_visibility.obj
c:\users\hp\documents\hl2sb-src\src\game\client\debug_mod_hl2mp\c_spotlight_end.obj
c:\users\hp\documents\hl2sb-src\src\game\client\debug_mod_hl2mp\c_team.obj
c:\users\hp\documents\hl2sb-src\src\game\client\debug_mod_hl2mp\c_user_message_register.obj
c:\users\hp\documents\hl2sb-src\src\game\client\debug_mod_hl2mp\c_vehicle_jeep.obj
c:\users\hp\documents\hl2sb-src\src\game\client\debug_mod_hl2mp\cam_thirdperson.obj
c:\users\hp\documents\hl2sb-src\src\game\client\debug_mod_hl2mp\cl_mat_stub.obj
c:\users\hp\documents\hl2sb-src\src\game\client\debug_mod_hl2mp\client_virtualreality.obj
c:\users\hp\documents\hl2sb-src\src\game\client\debug_mod_hl2mp\commentary_modelviewer.obj
c:\users\hp\documents\hl2sb-src\src\game\client\debug_mod_hl2mp\gamevars_shared.obj
c:\users\hp\documents\hl2sb-src\src\game\client\debug_mod_hl2mp\haptic_msgs.obj
c:\users\hp\documents\hl2sb-src\src\game\client\debug_mod_hl2mp\hltvcamera.obj
c:\users\hp\documents\hl2sb-src\src\game\client\debug_mod_hl2mp\hud_bitmapnumericdisplay.obj
c:\users\hp\documents\hl2sb-src\src\game\client\debug_mod_hl2mp\hud_msg.obj
c:\users\hp\documents\hl2sb-src\src\game\client\debug_mod_hl2mp\hud_voicestatus.obj
c:\users\hp\documents\hl2sb-src\src\game\client\debug_mod_hl2mp\physics_main_client.obj
c:\users\hp\documents\hl2sb-src\src\game\client\debug_mod_hl2mp\playerspawncache.obj
c:\users\hp\documents\hl2sb-src\src\game\client\debug_mod_hl2mp\point_bonusmaps_accessor.obj
c:\users\hp\documents\hl2sb-src\src\game\client\debug_mod_hl2mp\precache_register.obj
c:\users\hp\documents\hl2sb-src\src\game\client\debug_mod_hl2mp\proxyentity.obj
c:\users\hp\documents\hl2sb-src\src\game\client\debug_mod_hl2mp\ragdoll.obj
c:\users\hp\documents\hl2sb-src\src\game\client\debug_mod_hl2mp\spritemodel.obj
c:\users\hp\documents\hl2sb-src\src\game\client\debug_mod_hl2mp\text_message.obj
c:\users\hp\documents\hl2sb-src\src\game\client\debug_mod_hl2mp\train.obj
c:\users\hp\documents\hl2sb-src\src\game\client\debug_mod_hl2mp\vgui_debugoverlaypanel.obj
c:\users\hp\documents\hl2sb-src\src\game\client\debug_mod_hl2mp\vgui_slideshow_display_screen.obj
c:\users\hp\documents\hl2sb-src\src\game\client\debug_mod_hl2mp\viewangleanim.obj
c:\users\hp\documents\hl2sb-src\src\game\client\debug_mod_hl2mp\waterlodmaterialproxy.obj
c:\users\hp\documents\hl2sb-src\src\game\client\debug_mod_hl2mp\worlddimsproxy.obj
c:\users\hp\documents\hl2sb-src\src\game\client\debug_mod_hl2mp\basemodel_panel.obj
c:\users\hp\documents\hl2sb-src\src\game\client\debug_mod_hl2mp\mapoverview.obj
c:\users\hp\documents\hl2sb-src\src\game\client\debug_mod_hl2mp\c_basehlcombatweapon.obj
c:\users\hp\documents\hl2sb-src\src\game\client\debug_mod_hl2mp\c_env_starfield.obj
c:\users\hp\documents\hl2sb-src\src\game\client\debug_mod_hl2mp\c_npc_combinegunship.obj
c:\users\hp\documents\hl2sb-src\src\game\client\debug_mod_hl2mp\c_vehicle_airboat.obj
c:\users\hp\documents\hl2sb-src\src\game\client\debug_mod_hl2mp\hl2_clientmode.obj
c:\users\hp\documents\hl2sb-src\src\game\client\debug_mod_hl2mp\c_te_hl2mp_shotgun_shot.obj
c:\users\hp\documents\hl2sb-src\src\game\client\debug_mod_hl2mp\hl2mp_gamerules.obj
c:\users\hp\documents\hl2sb-src\src\game\client\debug_mod_hl2mp\hl2mpclientscoreboard.obj
c:\users\hp\documents\hl2sb-src\src\game\client\debug_mod_hl2mp\weapon_frag.obj
c:\users\hp\documents\hl2sb-src\src\game\client\debug_mod_hl2mp\weapon_pistol.obj
c:\users\hp\documents\hl2sb-src\src\game\client\debug_mod_hl2mp\basescripted.obj
c:\users\hp\documents\hl2sb-src\src\game\client\debug_mod_hl2mp\c_movie_explosion.obj
c:\users\hp\documents\hl2sb-src\src\game\client\debug_mod_hl2mp\c_smokestack.obj
c:\users\hp\documents\hl2sb-src\src\game\client\debug_mod_hl2mp\c_te_basebeam.obj
c:\users\hp\documents\hl2sb-src\src\game\client\debug_mod_hl2mp\c_te_beamringpoint.obj
c:\users\hp\documents\hl2sb-src\src\game\client\debug_mod_hl2mp\c_te_bubbletrail.obj
c:\users\hp\documents\hl2sb-src\src\game\client\debug_mod_hl2mp\c_te_fizz.obj
c:\users\hp\documents\hl2sb-src\src\game\client\debug_mod_hl2mp\c_te_legacytempents.obj
c:\users\hp\documents\hl2sb-src\src\game\client\debug_mod_hl2mp\mp3player.obj
c:\users\hp\documents\hl2sb-src\src\game\client\debug_mod_hl2mp\ammodef.obj
c:\users\hp\documents\hl2sb-src\src\game\client\debug_mod_hl2mp\animatespecifictextureproxy.obj
c:\users\hp\documents\hl2sb-src\src\game\client\debug_mod_hl2mp\baseclientrendertargets.obj
c:\users\hp\documents\hl2sb-src\src\game\client\debug_mod_hl2mp\baseentity_shared.obj
c:\users\hp\documents\hl2sb-src\src\game\client\debug_mod_hl2mp\baseprojectile.obj
c:\users\hp\documents\hl2sb-src\src\game\client\debug_mod_hl2mp\bone_merge_cache.obj
c:\users\hp\documents\hl2sb-src\src\game\client\debug_mod_hl2mp\c_baseanimatingoverlay.obj
c:\users\hp\documents\hl2sb-src\src\game\client\debug_mod_hl2mp\c_colorcorrection.obj
c:\users\hp\documents\hl2sb-src\src\game\client\debug_mod_hl2mp\c_env_fog_controller.obj
c:\users\hp\documents\hl2sb-src\src\game\client\debug_mod_hl2mp\c_env_projectedtexture.obj
c:\users\hp\documents\hl2sb-src\src\game\client\debug_mod_hl2mp\c_func_breakablesurf.obj
c:\users\hp\documents\hl2sb-src\src\game\client\debug_mod_hl2mp\c_func_reflective_glass.obj
c:\users\hp\documents\hl2sb-src\src\game\client\debug_mod_hl2mp\c_particle_system.obj
c:\users\hp\documents\hl2sb-src\src\game\client\debug_mod_hl2mp\c_props.obj
c:\users\hp\documents\hl2sb-src\src\game\client\debug_mod_hl2mp\c_sprite.obj
c:\users\hp\documents\hl2sb-src\src\game\client\debug_mod_hl2mp\c_team_train_watcher.obj
c:\users\hp\documents\hl2sb-src\src\game\client\debug_mod_hl2mp\c_waterbullet.obj
c:\users\hp\documents\hl2sb-src\src\game\client\debug_mod_hl2mp\camomaterialproxy.obj
c:\users\hp\documents\hl2sb-src\src\game\client\debug_mod_hl2mp\client_thinklist.obj
c:\users\hp\documents\hl2sb-src\src\game\client\debug_mod_hl2mp\clientleafsystem.obj
c:\users\hp\documents\hl2sb-src\src\game\client\debug_mod_hl2mp\effect_dispatch_data.obj
c:\users\hp\documents\hl2sb-src\src\game\client\debug_mod_hl2mp\entitylist_base.obj
c:\users\hp\documents\hl2sb-src\src\game\client\debug_mod_hl2mp\env_wind_shared.obj
c:\users\hp\documents\hl2sb-src\src\game\client\debug_mod_hl2mp\fx_blood.obj
c:\users\hp\documents\hl2sb-src\src\game\client\debug_mod_hl2mp\fx_staticline.obj
c:\users\hp\documents\hl2sb-src\src\game\client\debug_mod_hl2mp\gamestats.obj
c:\users\hp\documents\hl2sb-src\src\game\client\debug_mod_hl2mp\hud_closecaption.obj
c:\users\hp\documents\hl2sb-src\src\game\client\debug_mod_hl2mp\in_joystick.obj
c:\users\hp\documents\hl2sb-src\src\game\client\debug_mod_hl2mp\mapentities_shared.obj
c:\users\hp\documents\hl2sb-src\src\game\client\debug_mod_hl2mp\movevars_shared.obj
c:\users\hp\documents\hl2sb-src\src\game\client\debug_mod_hl2mp\obstacle_pushaway.obj
c:\users\hp\documents\hl2sb-src\src\game\client\debug_mod_hl2mp\particle_litsmokeemitter.obj
c:\users\hp\documents\hl2sb-src\src\game\client\debug_mod_hl2mp\particle_simple3d.obj
c:\users\hp\documents\hl2sb-src\src\game\client\debug_mod_hl2mp\particles_simple.obj
c:\users\hp\documents\hl2sb-src\src\game\client\debug_mod_hl2mp\physpropclientside.obj
c:\users\hp\documents\hl2sb-src\src\game\client\debug_mod_hl2mp\predictioncopy.obj
c:\users\hp\documents\hl2sb-src\src\game\client\debug_mod_hl2mp\ragdoll_shared.obj
c:\users\hp\documents\hl2sb-src\src\game\client\debug_mod_hl2mp\sprite.obj
c:\users\hp\documents\hl2sb-src\src\game\client\debug_mod_hl2mp\teamplayroundbased_gamerules.obj
c:\users\hp\documents\hl2sb-src\src\game\client\debug_mod_hl2mp\vgui_consolepanel.obj
c:\users\hp\documents\hl2sb-src\src\game\client\debug_mod_hl2mp\vgui_game_viewport.obj
c:\users\hp\documents\hl2sb-src\src\game\client\debug_mod_hl2mp\vgui_messagechars.obj
c:\users\hp\documents\hl2sb-src\src\game\client\debug_mod_hl2mp\vgui_video_player.obj
c:\users\hp\documents\hl2sb-src\src\game\client\debug_mod_hl2mp\voice_banmgr.obj
c:\users\hp\documents\hl2sb-src\src\game\client\debug_mod_hl2mp\weapon_parse.obj
c:\users\hp\documents\hl2sb-src\src\game\client\debug_mod_hl2mp\clientscoreboarddialog.obj
c:\users\hp\documents\hl2sb-src\src\game\client\debug_mod_hl2mp\vguitextwindow.obj
c:\users\hp\documents\hl2sb-src\src\game\client\debug_mod_hl2mp\c_strider.obj
c:\users\hp\documents\hl2sb-src\src\game\client\debug_mod_hl2mp\fx_hl2_impacts.obj
c:\users\hp\documents\hl2sb-src\src\game\client\debug_mod_hl2mp\hl_prediction.obj
c:\users\hp\documents\hl2sb-src\src\game\client\debug_mod_hl2mp\hud_damageindicator.obj
c:\users\hp\documents\hl2sb-src\src\game\client\debug_mod_hl2mp\hud_zoom.obj
c:\users\hp\documents\hl2sb-src\src\game\client\debug_mod_hl2mp\hl2mp_hud_team.obj
c:\users\hp\documents\hl2sb-src\src\game\client\debug_mod_hl2mp\weapon_crossbow.obj
c:\users\hp\documents\hl2sb-src\src\game\client\debug_mod_hl2mp\weapon_hl2mpbasebasebludgeon.obj
c:\users\hp\documents\hl2sb-src\src\game\client\debug_mod_hl2mp\weapon_stunstick.obj
c:\users\hp\documents\hl2sb-src\src\game\client\debug_mod_hl2mp\lkeyvalues.obj
c:\users\hp\documents\hl2sb-src\src\game\client\debug_mod_hl2mp\luacachefile.obj
c:\users\hp\documents\hl2sb-src\src\game\client\debug_mod_hl2mp\c_recipientfilter.obj
c:\users\hp\documents\hl2sb-src\src\game\client\debug_mod_hl2mp\c_stickybolt.obj
c:\users\hp\documents\hl2sb-src\src\game\client\debug_mod_hl2mp\c_te_beamring.obj
c:\users\hp\documents\hl2sb-src\src\game\client\debug_mod_hl2mp\c_te_clientprojectile.obj
c:\users\hp\documents\hl2sb-src\src\game\client\debug_mod_hl2mp\c_te_glowsprite.obj
c:\users\hp\documents\hl2sb-src\src\game\client\debug_mod_hl2mp\c_te_smoke.obj
c:\users\hp\documents\hl2sb-src\src\game\client\debug_mod_hl2mp\c_tracer.obj
c:\users\hp\documents\hl2sb-src\src\game\client\debug_mod_hl2mp\fx_envelope.obj
c:\users\hp\documents\hl2sb-src\src\game\client\debug_mod_hl2mp\entity_client_tools.obj
c:\users\hp\documents\hl2sb-src\src\game\client\debug_mod_hl2mp\achievement_notification_panel.obj
c:\users\hp\documents\hl2sb-src\src\game\client\debug_mod_hl2mp\bone_accessor.obj
c:\users\hp\documents\hl2sb-src\src\game\client\debug_mod_hl2mp\c_ai_basehumanoid.obj
c:\users\hp\documents\hl2sb-src\src\game\client\debug_mod_hl2mp\c_basecombatcharacter.obj
c:\users\hp\documents\hl2sb-src\src\game\client\debug_mod_hl2mp\c_baseviewmodel.obj
c:\users\hp\documents\hl2sb-src\src\game\client\debug_mod_hl2mp\c_colorcorrectionvolume.obj
c:\users\hp\documents\hl2sb-src\src\game\client\debug_mod_hl2mp\c_entityparticletrail.obj
c:\users\hp\documents\hl2sb-src\src\game\client\debug_mod_hl2mp\c_env_tonemap_controller.obj
c:\users\hp\documents\hl2sb-src\src\game\client\debug_mod_hl2mp\c_func_areaportalwindow.obj
c:\users\hp\documents\hl2sb-src\src\game\client\debug_mod_hl2mp\c_func_lod.obj
c:\users\hp\documents\hl2sb-src\src\game\client\debug_mod_hl2mp\c_func_smokevolume.obj
c:\users\hp\documents\hl2sb-src\src\game\client\debug_mod_hl2mp\c_physmagnet.obj
c:\users\hp\documents\hl2sb-src\src\game\client\debug_mod_hl2mp\c_ragdoll_manager.obj
c:\users\hp\documents\hl2sb-src\src\game\client\debug_mod_hl2mp\c_slideshow_display.obj
c:\users\hp\documents\hl2sb-src\src\game\client\debug_mod_hl2mp\c_test_proxytoggle.obj
c:\users\hp\documents\hl2sb-src\src\game\client\debug_mod_hl2mp\c_vguiscreen.obj
c:\users\hp\documents\hl2sb-src\src\game\client\debug_mod_hl2mp\collisionproperty.obj
c:\users\hp\documents\hl2sb-src\src\game\client\debug_mod_hl2mp\debugoverlay_shared.obj
c:\users\hp\documents\hl2sb-src\src\game\client\debug_mod_hl2mp\detailobjectsystem.obj
c:\users\hp\documents\hl2sb-src\src\game\client\debug_mod_hl2mp\fx_explosion.obj
c:\users\hp\documents\hl2sb-src\src\game\client\debug_mod_hl2mp\fx_water.obj
c:\users\hp\documents\hl2sb-src\src\game\client\debug_mod_hl2mp\geiger.obj
c:\users\hp\documents\hl2sb-src\src\game\client\debug_mod_hl2mp\hud_basetimer.obj
c:\users\hp\documents\hl2sb-src\src\game\client\debug_mod_hl2mp\hud_hintdisplay.obj
c:\users\hp\documents\hl2sb-src\src\game\client\debug_mod_hl2mp\igamesystem.obj
c:\users\hp\documents\hl2sb-src\src\game\client\debug_mod_hl2mp\in_main.obj
c:\users\hp\documents\hl2sb-src\src\game\client\debug_mod_hl2mp\particle_proxies.obj
c:\users\hp\documents\hl2sb-src\src\game\client\debug_mod_hl2mp\particles_attractor.obj
c:\users\hp\documents\hl2sb-src\src\game\client\debug_mod_hl2mp\particlesystemquery.obj
c:\users\hp\documents\hl2sb-src\src\game\client\debug_mod_hl2mp\physics_shared.obj
c:\users\hp\documents\hl2sb-src\src\game\client\debug_mod_hl2mp\predictableid.obj
c:\users\hp\documents\hl2sb-src\src\game\client\debug_mod_hl2mp\proxyhealth.obj
c:\users\hp\documents\hl2sb-src\src\game\client\debug_mod_hl2mp\recvproxy.obj
c:\users\hp\documents\hl2sb-src\src\game\client\debug_mod_hl2mp\saverestore.obj
c:\users\hp\documents\hl2sb-src\src\game\client\debug_mod_hl2mp\teamplay_round_timer.obj
c:\users\hp\documents\hl2sb-src\src\game\client\debug_mod_hl2mp\vgui_centerstringpanel.obj
c:\users\hp\documents\hl2sb-src\src\game\client\debug_mod_hl2mp\vgui_schemevisualizer.obj
c:\users\hp\documents\hl2sb-src\src\game\client\debug_mod_hl2mp\viewpostprocess.obj
c:\users\hp\documents\hl2sb-src\src\game\client\debug_mod_hl2mp\baseviewport.obj
c:\users\hp\documents\hl2sb-src\src\game\client\debug_mod_hl2mp\c_barney.obj
c:\users\hp\documents\hl2sb-src\src\game\client\debug_mod_hl2mp\c_citadel_effects.obj
c:\users\hp\documents\hl2sb-src\src\game\client\debug_mod_hl2mp\c_hl2_playerlocaldata.obj
c:\users\hp\documents\hl2sb-src\src\game\client\debug_mod_hl2mp\c_npc_rollermine.obj
c:\users\hp\documents\hl2sb-src\src\game\client\debug_mod_hl2mp\c_thumper_dust.obj
c:\users\hp\documents\hl2sb-src\src\game\client\debug_mod_hl2mp\c_vort_charge_token.obj
c:\users\hp\documents\hl2sb-src\src\game\client\debug_mod_hl2mp\fx_hl2_tracers.obj
c:\users\hp\documents\hl2sb-src\src\game\client\debug_mod_hl2mp\hud_blood.obj
c:\users\hp\documents\hl2sb-src\src\game\client\debug_mod_hl2mp\hud_health.obj
c:\users\hp\documents\hl2sb-src\src\game\client\debug_mod_hl2mp\script_intro_shared.obj
c:\users\hp\documents\hl2sb-src\src\game\client\debug_mod_hl2mp\vgui_rootpanel_hl2.obj
c:\users\hp\documents\hl2sb-src\src\game\client\debug_mod_hl2mp\weapon_357.obj
c:\users\hp\documents\hl2sb-src\src\game\client\debug_mod_hl2mp\weapon_crowbar.obj
c:\users\hp\documents\hl2sb-src\src\game\client\debug_mod_hl2mp\weapon_hl2mpbasehlmpcombatweapon.obj
c:\users\hp\documents\hl2sb-src\src\game\client\debug_mod_hl2mp\weapon_slam.obj
c:\users\hp\documents\hl2sb-src\src\game\client\debug_mod_hl2mp\c_impact_effects.obj
c:\users\hp\documents\hl2sb-src\src\game\client\debug_mod_hl2mp\c_te.obj
c:\users\hp\documents\hl2sb-src\src\game\client\debug_mod_hl2mp\c_te_beaments.obj
c:\users\hp\documents\hl2sb-src\src\game\client\debug_mod_hl2mp\c_te_bloodsprite.obj
c:\users\hp\documents\hl2sb-src\src\game\client\debug_mod_hl2mp\c_te_dynamiclight.obj
c:\users\hp\documents\hl2sb-src\src\game\client\debug_mod_hl2mp\c_te_impact.obj
c:\users\hp\documents\hl2sb-src\src\game\client\debug_mod_hl2mp\c_te_showline.obj
c:\users\hp\documents\hl2sb-src\src\game\client\debug_mod_hl2mp\c_te_spritespray.obj
c:\users\hp\documents\hl2sb-src\src\game\client\debug_mod_hl2mp\fx_line.obj
c:\users\hp\documents\hl2sb-src\src\game\client\debug_mod_hl2mp\cdll_replay.obj
c:\users\hp\documents\hl2sb-src\src\game\client\debug_mod_hl2mp\alphamaterialproxy.obj
c:\users\hp\documents\hl2sb-src\src\game\client\debug_mod_hl2mp\base_playeranimstate.obj
c:\users\hp\documents\hl2sb-src\src\game\client\debug_mod_hl2mp\baseparticleentity.obj
c:\users\hp\documents\hl2sb-src\src\game\client\debug_mod_hl2mp\baseviewmodel_shared.obj
c:\users\hp\documents\hl2sb-src\src\game\client\debug_mod_hl2mp\c_baseanimating.obj
c:\users\hp\documents\hl2sb-src\src\game\client\debug_mod_hl2mp\c_func_tracktrain.obj
c:\users\hp\documents\hl2sb-src\src\game\client\debug_mod_hl2mp\c_physbox.obj
c:\users\hp\documents\hl2sb-src\src\game\client\debug_mod_hl2mp\c_point_commentary_node.obj
c:\users\hp\documents\hl2sb-src\src\game\client\debug_mod_hl2mp\c_waterlodcontrol.obj
c:\users\hp\documents\hl2sb-src\src\game\client\debug_mod_hl2mp\cdll_client_int.obj
c:\users\hp\documents\hl2sb-src\src\game\client\debug_mod_hl2mp\hintsystem.obj
c:\users\hp\documents\hl2sb-src\src\game\client\debug_mod_hl2mp\hud_basechat.obj
c:\users\hp\documents\hl2sb-src\src\game\client\debug_mod_hl2mp\hud_pdump.obj
c:\users\hp\documents\hl2sb-src\src\game\client\debug_mod_hl2mp\interpolatedvar.obj
c:\users\hp\documents\hl2sb-src\src\game\client\debug_mod_hl2mp\message.obj
c:\users\hp\documents\hl2sb-src\src\game\client\debug_mod_hl2mp\particlemgr.obj
c:\users\hp\documents\hl2sb-src\src\game\client\debug_mod_hl2mp\props_shared.obj
c:\users\hp\documents\hl2sb-src\src\game\client\debug_mod_hl2mp\screenspaceeffects.obj
c:\users\hp\documents\hl2sb-src\src\game\client\debug_mod_hl2mp\soundparametersinternal.obj
c:\users\hp\documents\hl2sb-src\src\game\client\debug_mod_hl2mp\studio_stats.obj
c:\users\hp\documents\hl2sb-src\src\game\client\debug_mod_hl2mp\usermessages.obj
c:\users\hp\documents\hl2sb-src\src\game\client\debug_mod_hl2mp\vgui_bitmapbutton.obj
c:\users\hp\documents\hl2sb-src\src\game\client\debug_mod_hl2mp\vgui_grid.obj
c:\users\hp\documents\hl2sb-src\src\game\client\debug_mod_hl2mp\vgui_video.obj
c:\users\hp\documents\hl2sb-src\src\game\client\debug_mod_hl2mp\viewconeimage.obj
c:\users\hp\documents\hl2sb-src\src\game\client\debug_mod_hl2mp\basemodelpanel.obj
c:\users\hp\documents\hl2sb-src\src\game\client\debug_mod_hl2mp\spectatorgui.obj
c:\users\hp\documents\hl2sb-src\src\game\client\debug_mod_hl2mp\c_corpse.obj
c:\users\hp\documents\hl2sb-src\src\game\client\debug_mod_hl2mp\c_info_teleporter_countdown.obj
c:\users\hp\documents\hl2sb-src\src\game\client\debug_mod_hl2mp\hud_flashlight.obj
c:\users\hp\documents\hl2sb-src\src\game\client\debug_mod_hl2mp\hud_weaponselection.obj
c:\users\hp\documents\hl2sb-src\src\game\client\debug_mod_hl2mp\hl2mp_hud_chat.obj
c:\users\hp\documents\hl2sb-src\src\game\client\debug_mod_hl2mp\weapon_hl2mpbase_machinegun.obj
c:\users\hp\documents\hl2sb-src\src\game\client\debug_mod_hl2mp\weapon_rpg.obj
c:\users\hp\documents\hl2sb-src\src\game\client\debug_mod_hl2mp\ltakedamageinfo.obj
c:\users\hp\documents\hl2sb-src\src\game\client\debug_mod_hl2mp\in_sixense_gesture_bindings.obj
c:\users\hp\documents\hl2sb-src\src\game\client\debug_mod_hl2mp\c_particle_fire.obj
c:\users\hp\documents\hl2sb-src\src\game\client\debug_mod_hl2mp\c_steamjet.obj
c:\users\hp\documents\hl2sb-src\src\game\client\debug_mod_hl2mp\c_te_beamentpoint.obj
c:\users\hp\documents\hl2sb-src\src\game\client\debug_mod_hl2mp\c_te_beamspline.obj
c:\users\hp\documents\hl2sb-src\src\game\client\debug_mod_hl2mp\c_te_decal.obj
c:\users\hp\documents\hl2sb-src\src\game\client\debug_mod_hl2mp\c_te_glassshatter.obj
c:\users\hp\documents\hl2sb-src\src\game\client\debug_mod_hl2mp\c_te_projecteddecal.obj
c:\users\hp\documents\hl2sb-src\src\game\client\debug_mod_hl2mp\c_testtraceline.obj
c:\users\hp\documents\hl2sb-src\src\game\client\debug_mod_hl2mp\particlesphererenderer.obj
c:\users\hp\documents\hl2sb-src\src\game\client\debug_mod_hl2mp\toolframework_client.obj
c:\users\hp\documents\hl2sb-src\src\game\client\debug_mod_hl2mp\achievements_hlx.obj
c:\users\hp\documents\hl2sb-src\src\game\client\debug_mod_hl2mp\animatedentitytextureproxy.obj
c:\users\hp\documents\hl2sb-src\src\game\client\debug_mod_hl2mp\animation.obj
c:\users\hp\documents\hl2sb-src\src\game\client\debug_mod_hl2mp\basecombatweapon_shared.obj
c:\users\hp\documents\hl2sb-src\src\game\client\debug_mod_hl2mp\beam_shared.obj
c:\users\hp\documents\hl2sb-src\src\game\client\debug_mod_hl2mp\c_baseentity.obj
c:\users\hp\documents\hl2sb-src\src\game\client\debug_mod_hl2mp\c_env_screenoverlay.obj
c:\users\hp\documents\hl2sb-src\src\game\client\debug_mod_hl2mp\c_func_conveyor.obj
c:\users\hp\documents\hl2sb-src\src\game\client\debug_mod_hl2mp\c_func_monitor.obj
c:\users\hp\documents\hl2sb-src\src\game\client\debug_mod_hl2mp\c_hairball.obj
c:\users\hp\documents\hl2sb-src\src\game\client\debug_mod_hl2mp\c_playerresource.obj
c:\users\hp\documents\hl2sb-src\src\game\client\debug_mod_hl2mp\c_shadowcontrol.obj
c:\users\hp\documents\hl2sb-src\src\game\client\debug_mod_hl2mp\c_sprite_perfmonitor.obj
c:\users\hp\documents\hl2sb-src\src\game\client\debug_mod_hl2mp\c_sun.obj
c:\users\hp\documents\hl2sb-src\src\game\client\debug_mod_hl2mp\c_tesla.obj
c:\users\hp\documents\hl2sb-src\src\game\client\debug_mod_hl2mp\c_vote_controller.obj
c:\users\hp\documents\hl2sb-src\src\game\client\debug_mod_hl2mp\clientshadowmgr.obj
c:\users\hp\documents\hl2sb-src\src\game\client\debug_mod_hl2mp\entityoriginmaterialproxy.obj
c:\users\hp\documents\hl2sb-src\src\game\client\debug_mod_hl2mp\eventlist.obj
c:\users\hp\documents\hl2sb-src\src\game\client\debug_mod_hl2mp\fx_cube.obj
c:\users\hp\documents\hl2sb-src\src\game\client\debug_mod_hl2mp\fx_interpvalue.obj
c:\users\hp\documents\hl2sb-src\src\game\client\debug_mod_hl2mp\fx_tracer.obj
c:\users\hp\documents\hl2sb-src\src\game\client\debug_mod_hl2mp\gamerules_register.obj
c:\users\hp\documents\hl2sb-src\src\game\client\debug_mod_hl2mp\gametrace_client.obj
c:\users\hp\documents\hl2sb-src\src\game\client\debug_mod_hl2mp\glow_outline_effect.obj
c:\users\hp\documents\hl2sb-src\src\game\client\debug_mod_hl2mp\hintmessage.obj
c:\users\hp\documents\hl2sb-src\src\game\client\debug_mod_hl2mp\hud.obj
c:\users\hp\documents\hl2sb-src\src\game\client\debug_mod_hl2mp\hud_numericdisplay.obj
c:\users\hp\documents\hl2sb-src\src\game\client\debug_mod_hl2mp\in_camera.obj
c:\users\hp\documents\hl2sb-src\src\game\client\debug_mod_hl2mp\lampbeamproxy.obj
c:\users\hp\documents\hl2sb-src\src\game\client\debug_mod_hl2mp\menu.obj
c:\users\hp\documents\hl2sb-src\src\game\client\debug_mod_hl2mp\particles_localspace.obj
c:\users\hp\documents\hl2sb-src\src\game\client\debug_mod_hl2mp\physics.obj
c:\users\hp\documents\hl2sb-src\src\game\client\debug_mod_hl2mp\prediction.obj
c:\users\hp\documents\hl2sb-src\src\game\client\debug_mod_hl2mp\spritetrail.obj
c:\users\hp\documents\hl2sb-src\src\game\client\debug_mod_hl2mp\test_ehandle.obj
c:\users\hp\documents\hl2sb-src\src\game\client\debug_mod_hl2mp\toggletextureproxy.obj
c:\users\hp\documents\hl2sb-src\src\game\client\debug_mod_hl2mp\vgui_avatarimage.obj
c:\users\hp\documents\hl2sb-src\src\game\client\debug_mod_hl2mp\vgui_netgraphpanel.obj
c:\users\hp\documents\hl2sb-src\src\game\client\debug_mod_hl2mp\view_scene.obj
c:\users\hp\documents\hl2sb-src\src\game\client\debug_mod_hl2mp\viewdebug.obj
c:\users\hp\documents\hl2sb-src\src\game\client\debug_mod_hl2mp\weapon_selection.obj
c:\users\hp\documents\hl2sb-src\src\game\client\debug_mod_hl2mp\intromenu.obj
c:\users\hp\documents\hl2sb-src\src\game\client\debug_mod_hl2mp\basehlcombatweapon_shared.obj
c:\users\hp\documents\hl2sb-src\src\game\client\debug_mod_hl2mp\c_ar2_explosion.obj
c:\users\hp\documents\hl2sb-src\src\game\client\debug_mod_hl2mp\c_basehlplayer.obj
c:\users\hp\documents\hl2sb-src\src\game\client\debug_mod_hl2mp\c_func_tankmortar.obj
c:\users\hp\documents\hl2sb-src\src\game\client\debug_mod_hl2mp\c_plasma_beam_node.obj
c:\users\hp\documents\hl2sb-src\src\game\client\debug_mod_hl2mp\c_te_concussiveexplosion.obj
c:\users\hp\documents\hl2sb-src\src\game\client\debug_mod_hl2mp\c_vehicle_crane.obj
c:\users\hp\documents\hl2sb-src\src\game\client\debug_mod_hl2mp\env_headcrabcanister_shared.obj
c:\users\hp\documents\hl2sb-src\src\game\client\debug_mod_hl2mp\hl2_gamerules.obj
c:\users\hp\documents\hl2sb-src\src\game\client\debug_mod_hl2mp\hud_battery.obj
c:\users\hp\documents\hl2sb-src\src\game\client\debug_mod_hl2mp\hud_squadstatus.obj
c:\users\hp\documents\hl2sb-src\src\game\client\debug_mod_hl2mp\hl2mp_player_shared.obj
c:\users\hp\documents\hl2sb-src\src\game\client\debug_mod_hl2mp\hl2mptextwindow.obj
c:\users\hp\documents\hl2sb-src\src\game\client\debug_mod_hl2mp\weapon_physcannon.obj
c:\users\hp\documents\hl2sb-src\src\game\client\debug_mod_hl2mp\c_basetempentity.obj
c:\users\hp\documents\hl2sb-src\src\game\client\debug_mod_hl2mp\c_prop_vehicle.obj
c:\users\hp\documents\hl2sb-src\src\game\client\debug_mod_hl2mp\c_te_bspdecal.obj
c:\users\hp\documents\hl2sb-src\src\game\client\debug_mod_hl2mp\c_te_explosion.obj
c:\users\hp\documents\hl2sb-src\src\game\client\debug_mod_hl2mp\c_te_particlesystem.obj
c:\users\hp\documents\hl2sb-src\src\game\client\debug_mod_hl2mp\c_te_sprite.obj
c:\users\hp\documents\hl2sb-src\src\game\client\debug_mod_hl2mp\fx_sparks.obj
c:\users\hp\documents\hl2sb-src\src\game\client\debug_mod_hl2mp\activitylist.obj
c:\users\hp\documents\hl2sb-src\src\game\client\debug_mod_hl2mp\basecombatcharacter_shared.obj
c:\users\hp\documents\hl2sb-src\src\game\client\debug_mod_hl2mp\baseplayer_shared.obj
c:\users\hp\documents\hl2sb-src\src\game\client\debug_mod_hl2mp\c_ai_basenpc.obj
c:\users\hp\documents\hl2sb-src\src\game\client\debug_mod_hl2mp\c_baseplayer.obj
c:\users\hp\documents\hl2sb-src\src\game\client\debug_mod_hl2mp\c_info_overlay_accessor.obj
c:\users\hp\documents\hl2sb-src\src\game\client\debug_mod_hl2mp\c_physicsprop.obj
c:\users\hp\documents\hl2sb-src\src\game\client\debug_mod_hl2mp\c_rumble.obj
c:\users\hp\documents\hl2sb-src\src\game\client\debug_mod_hl2mp\c_soundscape.obj
c:\users\hp\documents\hl2sb-src\src\game\client\debug_mod_hl2mp\c_team_objectiveresource.obj
c:\users\hp\documents\hl2sb-src\src\game\client\debug_mod_hl2mp\c_world.obj
c:\users\hp\documents\hl2sb-src\src\game\client\debug_mod_hl2mp\classmap.obj
c:\users\hp\documents\hl2sb-src\src\game\client\debug_mod_hl2mp\cliententitylist.obj
c:\users\hp\documents\hl2sb-src\src\game\client\debug_mod_hl2mp\clientsideeffects_test.obj
c:\users\hp\documents\hl2sb-src\src\game\client\debug_mod_hl2mp\colorcorrectionmgr.obj
c:\users\hp\documents\hl2sb-src\src\game\client\debug_mod_hl2mp\death_pose.obj
c:\users\hp\documents\hl2sb-src\src\game\client\debug_mod_hl2mp\decals.obj
c:\users\hp\documents\hl2sb-src\src\game\client\debug_mod_hl2mp\ehandle.obj
c:\users\hp\documents\hl2sb-src\src\game\client\debug_mod_hl2mp\env_detail_controller.obj
c:\users\hp\documents\hl2sb-src\src\game\client\debug_mod_hl2mp\func_ladder.obj
c:\users\hp\documents\hl2sb-src\src\game\client\debug_mod_hl2mp\fx_quad.obj
c:\users\hp\documents\hl2sb-src\src\game\client\debug_mod_hl2mp\gamemovement.obj
c:\users\hp\documents\hl2sb-src\src\game\client\debug_mod_hl2mp\glow_overlay.obj
c:\users\hp\documents\hl2sb-src\src\game\client\debug_mod_hl2mp\hud_animationinfo.obj
c:\users\hp\documents\hl2sb-src\src\game\client\debug_mod_hl2mp\hud_element_helper.obj
c:\users\hp\documents\hl2sb-src\src\game\client\debug_mod_hl2mp\hud_hdrdemo.obj
c:\users\hp\documents\hl2sb-src\src\game\client\debug_mod_hl2mp\hud_weapon.obj
c:\users\hp\documents\hl2sb-src\src\game\client\debug_mod_hl2mp\mathproxy.obj
c:\users\hp\documents\hl2sb-src\src\game\client\debug_mod_hl2mp\multiplay_gamerules.obj
c:\users\hp\documents\hl2sb-src\src\game\client\debug_mod_hl2mp\particle_parse.obj
c:\users\hp\documents\hl2sb-src\src\game\client\debug_mod_hl2mp\particles_new.obj
c:\users\hp\documents\hl2sb-src\src\game\client\debug_mod_hl2mp\physics_saverestore.obj
c:\users\hp\documents\hl2sb-src\src\game\client\debug_mod_hl2mp\proxypupil.obj
c:\users\hp\documents\hl2sb-src\src\game\client\debug_mod_hl2mp\rope_helpers.obj
c:\users\hp\documents\hl2sb-src\src\game\client\debug_mod_hl2mp\sequence_transitioner.obj
c:\users\hp\documents\hl2sb-src\src\game\client\debug_mod_hl2mp\singleplay_gamerules.obj
c:\users\hp\documents\hl2sb-src\src\game\client\debug_mod_hl2mp\splinepatch.obj
c:\users\hp\documents\hl2sb-src\src\game\client\debug_mod_hl2mp\studio_shared.obj
c:\users\hp\documents\hl2sb-src\src\game\client\debug_mod_hl2mp\takedamageinfo.obj
c:\users\hp\documents\hl2sb-src\src\game\client\debug_mod_hl2mp\texturescrollmaterialproxy.obj
c:\users\hp\documents\hl2sb-src\src\game\client\debug_mod_hl2mp\usercmd.obj
c:\users\hp\documents\hl2sb-src\src\game\client\debug_mod_hl2mp\vgui_basepanel.obj
c:\users\hp\documents\hl2sb-src\src\game\client\debug_mod_hl2mp\vgui_fpspanel.obj
c:\users\hp\documents\hl2sb-src\src\game\client\debug_mod_hl2mp\view_effects.obj
c:\users\hp\documents\hl2sb-src\src\game\client\debug_mod_hl2mp\warp_overlay.obj
c:\users\hp\documents\hl2sb-src\src\game\client\debug_mod_hl2mp\weapons_resource.obj
c:\users\hp\documents\hl2sb-src\src\game\client\debug_mod_hl2mp\iconpanel.obj
c:\users\hp\documents\hl2sb-src\src\game\client\debug_mod_hl2mp\navprogress.obj
c:\users\hp\documents\hl2sb-src\src\game\client\debug_mod_hl2mp\c_antlion_dust.obj
c:\users\hp\documents\hl2sb-src\src\game\client\debug_mod_hl2mp\c_barnacle.obj
c:\users\hp\documents\hl2sb-src\src\game\client\debug_mod_hl2mp\c_env_alyxtemp.obj
c:\users\hp\documents\hl2sb-src\src\game\client\debug_mod_hl2mp\c_npc_antlionguard.obj
c:\users\hp\documents\hl2sb-src\src\game\client\debug_mod_hl2mp\c_rotorwash.obj
c:\users\hp\documents\hl2sb-src\src\game\client\debug_mod_hl2mp\c_vehicle_cannon.obj
c:\users\hp\documents\hl2sb-src\src\game\client\debug_mod_hl2mp\c_weapon_crossbow.obj
c:\users\hp\documents\hl2sb-src\src\game\client\debug_mod_hl2mp\fx_bugbait.obj
c:\users\hp\documents\hl2sb-src\src\game\client\debug_mod_hl2mp\hl_in_main.obj
c:\users\hp\documents\hl2sb-src\src\game\client\debug_mod_hl2mp\hud_credits.obj
c:\users\hp\documents\hl2sb-src\src\game\client\debug_mod_hl2mp\hud_suitpower.obj
c:\users\hp\documents\hl2sb-src\src\game\client\debug_mod_hl2mp\hl2mp_weapon_parse.obj
c:\users\hp\documents\hl2sb-src\src\game\client\debug_mod_hl2mp\hl2mp_hud_target_id.obj
c:\users\hp\documents\hl2sb-src\src\game\client\debug_mod_hl2mp\weapon_ar2.obj
c:\users\hp\documents\hl2sb-src\src\game\client\debug_mod_hl2mp\weapon_hl2mpbase_scriptedweapon.obj
c:\users\hp\documents\hl2sb-src\src\game\client\debug_mod_hl2mp\weapon_smg1.obj
c:\users\hp\documents\hl2sb-src\src\game\client\debug_mod_hl2mp\lcdll_int.obj
c:\users\hp\documents\hl2sb-src\src\game\client\debug_mod_hl2mp\in_sixense.obj
c:\users\hp\documents\hl2sb-src\src\game\client\debug_mod_hl2mp\c_effects.obj
c:\users\hp\documents\hl2sb-src\src\game\client\debug_mod_hl2mp\c_te_beampoints.obj
c:\users\hp\documents\hl2sb-src\src\game\client\debug_mod_hl2mp\c_te_bubbles.obj
c:\users\hp\documents\hl2sb-src\src\game\client\debug_mod_hl2mp\c_te_footprint.obj
c:\users\hp\documents\hl2sb-src\src\game\client\debug_mod_hl2mp\c_te_muzzleflash.obj
c:\users\hp\documents\hl2sb-src\src\game\client\debug_mod_hl2mp\c_te_sparks.obj
c:\users\hp\documents\hl2sb-src\src\game\client\debug_mod_hl2mp\fx.obj
c:\users\hp\documents\hl2sb-src\src\game\client\debug_mod_hl2mp\pointeroverride.obj
c:\users\hp\documents\hl2sb-src\src\game\client\client_hl2mp.vpc.sentinel
c:\users\hp\documents\hl2sb-src\src\game\client\debug_mod_hl2mp\client (hl2mp).tlog\cl.command.1.tlog
c:\users\hp\documents\hl2sb-src\src\game\client\debug_mod_hl2mp\client (hl2mp).tlog\cl.read.1.tlog
c:\users\hp\documents\hl2sb-src\src\game\client\debug_mod_hl2mp\client (hl2mp).tlog\cl.write.1.tlog
c:\users\hp\documents\hl2sb-src\src\game\client\debug_mod_hl2mp\client (hl2mp).tlog\custombuild.command.1.tlog
c:\users\hp\documents\hl2sb-src\src\game\client\debug_mod_hl2mp\client (hl2mp).tlog\custombuild.read.1.tlog
c:\users\hp\documents\hl2sb-src\src\game\client\debug_mod_hl2mp\client (hl2mp).tlog\custombuild.write.1.tlog
