  Compiling pointeroverride.asm
  Microsoft (R) Macro Assembler Version 12.00.40629.0
  Copyright (C) Microsoft Corporation.  All rights reserved.
  
   Assembling: C:\Users\hp\Documents\hl2sb-src\src\public\tier0\pointeroverride.asm
  Running VPC CRC Check - client_hl2mp.vpc
  stdafx.cpp
  mp3player.cpp
  cdll_replay.cpp
  replaycamera.cpp
  achievement_notification_panel.cpp
  achievement_saverestore.cpp
  achievementmgr.cpp
  achievements_hlx.cpp
  activitylist.cpp
  alphamaterialproxy.cpp
  ammodef.cpp
  animatedentitytextureproxy.cpp
  animatedoffsettextureproxy.cpp
  animatedtextureproxy.cpp
  AnimateSpecificTextureProxy.cpp
  animation.cpp
  base_playeranimstate.cpp
  baseachievement.cpp
  baseanimatedtextureproxy.cpp
  baseclientrendertargets.cpp
  basecombatcharacter_shared.cpp
  basecombatweapon_shared.cpp
  baseentity_shared.cpp
  basegrenade_shared.cpp
  baseparticleentity.cpp
  baseplayer_shared.cpp
  basepresence.cpp
  baseprojectile.cpp
  baseviewmodel_shared.cpp
  beam_shared.cpp
  beamdraw.cpp
  bone_accessor.cpp
  bone_merge_cache.cpp
  c_ai_basehumanoid.cpp
  c_ai_basenpc.cpp
  c_baseanimating.cpp
  c_baseanimatingoverlay.cpp
  c_basecombatcharacter.cpp
  c_basecombatweapon.cpp
  c_basedoor.cpp
  c_baseentity.cpp
  c_baseflex.cpp
  c_baseplayer.cpp
  c_baseviewmodel.cpp
  c_breakableprop.cpp
  c_colorcorrection.cpp
  c_colorcorrectionvolume.cpp
  c_dynamiclight.cpp
  c_entitydissolve.cpp
  c_entityparticletrail.cpp
  c_env_fog_controller.cpp
  c_env_particlescript.cpp
  c_env_projectedtexture.cpp
  c_env_screenoverlay.cpp
  c_env_tonemap_controller.cpp
  c_fire_smoke.cpp
  c_fish.cpp
  c_func_areaportalwindow.cpp
  c_func_breakablesurf.cpp
  c_func_conveyor.cpp
  c_func_dust.cpp
  c_func_lod.cpp
  C_Func_Monitor.cpp
  c_func_occluder.cpp
  c_func_reflective_glass.cpp
  c_func_rotating.cpp
  c_func_smokevolume.cpp
  c_func_tracktrain.cpp
  c_gib.cpp
  c_hairball.cpp
  c_info_overlay_accessor.cpp
  c_lightglow.cpp
  C_MaterialModifyControl.cpp
  c_particle_system.cpp
  c_physbox.cpp
  c_physicsprop.cpp
  c_physmagnet.cpp
  c_pixel_visibility.cpp
  c_plasma.cpp
  c_playerresource.cpp
  c_point_camera.cpp
  c_point_commentary_node.cpp
  c_props.cpp
  c_ragdoll_manager.cpp
  c_rope.cpp
  c_rumble.cpp
  c_sceneentity.cpp
  c_shadowcontrol.cpp
  c_slideshow_display.cpp
  c_soundscape.cpp
  c_spotlight_end.cpp
  c_sprite.cpp
  c_sprite_perfmonitor.cpp
  c_sun.cpp
  c_team.cpp
  c_team_objectiveresource.cpp
  c_team_train_watcher.cpp
  c_tesla.cpp
  c_test_proxytoggle.cpp
  c_user_message_register.cpp
  c_vehicle_choreo_generic.cpp
  c_vehicle_jeep.cpp
  c_vguiscreen.cpp
  c_vote_controller.cpp
  c_waterbullet.cpp
  C_WaterLODControl.cpp
  c_world.cpp
  cam_thirdperson.cpp
  camomaterialproxy.cpp
  cdll_bounded_cvars.cpp
  cdll_client_int.cpp
  cdll_util.cpp
  cl_mat_stub.cpp
  classmap.cpp
  client_factorylist.cpp
  client_thinklist.cpp
  client_virtualreality.cpp
  clienteffectprecachesystem.cpp
  cliententitylist.cpp
  clientleafsystem.cpp
  clientmode_shared.cpp
  clientshadowmgr.cpp
  clientsideeffects.cpp
  clientsideeffects_test.cpp
  clientsteamcontext.cpp
  collisionproperty.cpp
  colorcorrectionmgr.cpp
  commentary_modelviewer.cpp
  death_pose.cpp
  debugoverlay_shared.cpp
  decals.cpp
  detailobjectsystem.cpp
  dummyproxy.cpp
  effect_dispatch_data.cpp
  EffectsClient.cpp
  ehandle.cpp
  entitylist_base.cpp
  entityoriginmaterialproxy.cpp
  EntityParticleTrail_Shared.cpp
  env_detail_controller.cpp
  env_wind_shared.cpp
  eventlist.cpp
  flashlighteffect.cpp
c:\users\hp\documents\hl2sb-src\src\game\client\clientmode_shared.cpp(150): error C2660: 'ClientModeShared::ReloadScheme' : function does not take 1 arguments
c:\users\hp\documents\hl2sb-src\src\game\client\clientmode_shared.cpp(302): error C2511: 'void ClientModeShared::ReloadScheme(bool)' : overloaded member function not found in 'ClientModeShared'
          c:\users\hp\documents\hl2sb-src\src\game\client\clientmode_shared.h(52) : see declaration of 'ClientModeShared'
c:\users\hp\documents\hl2sb-src\src\game\client\clientmode_shared.cpp(306): error C2039: 'InvalidateCache' : is not a member of 'IKeyValuesSystem'
          c:\users\hp\documents\hl2sb-src\src\public\vstdlib\ikeyvaluessystem.h(24) : see declaration of 'IKeyValuesSystem'
c:\users\hp\documents\hl2sb-src\src\game\client\clientmode_shared.cpp(309): error C2227: left of '->ReloadScheme' must point to class/struct/union/generic type
c:\users\hp\documents\hl2sb-src\src\game\client\clientmode_shared.cpp(938): error C2660: 'ClientModeShared::ReloadScheme' : function does not take 1 arguments
c:\users\hp\documents\hl2sb-src\src\game\client\clientmode_shared.cpp(1130): error C2065: 'OBS_MODE_POI' : undeclared identifier
  func_ladder.cpp
  functionproxy.cpp
  fx_blood.cpp
  fx_cube.cpp
  fx_explosion.cpp
  fx_fleck.cpp
  fx_impact.cpp
  fx_interpvalue.cpp
  fx_quad.cpp
  fx_shelleject.cpp
  fx_staticline.cpp
  fx_tracer.cpp
  fx_trail.cpp
  fx_water.cpp
  gamemovement.cpp
  gamerules.cpp
  gamerules_register.cpp
  GameStats.cpp
  gamestringpool.cpp
  gametrace_client.cpp
  gamevars_shared.cpp
  geiger.cpp
  glow_outline_effect.cpp
  glow_overlay.cpp
  haptic_msgs.cpp
  haptic_utils.cpp
  hintmessage.cpp
  hintsystem.cpp
  history_resource.cpp
  hltvcamera.cpp
  hud.cpp
  hud_animationinfo.cpp
  hud_autoaim.cpp
  hud_basechat.cpp
  hud_basetimer.cpp
  hud_bitmapnumericdisplay.cpp
  hud_closecaption.cpp
  hud_crosshair.cpp
  hud_element_helper.cpp
  hud_filmdemo.cpp
  hud_hdrdemo.cpp
  hud_hintdisplay.cpp
  hud_msg.cpp
  hud_numericdisplay.cpp
  hud_pdump.cpp
  hud_redraw.cpp
  hud_vehicle.cpp
  hud_voicestatus.cpp
  hud_weapon.cpp
  igamesystem.cpp
  in_camera.cpp
  in_joystick.cpp
  in_main.cpp
  initializer.cpp
  interpolatedvar.cpp
  IsNPCProxy.cpp
  lampbeamproxy.cpp
  lamphaloproxy.cpp
  mapentities_shared.cpp
  mathproxy.cpp
  matrixproxy.cpp
  menu.cpp
  message.cpp
  movehelper_client.cpp
  movevars_shared.cpp
  mp_shareddefs.cpp
  multiplay_gamerules.cpp
  obstacle_pushaway.cpp
  panelmetaclassmgr.cpp
  particle_collision.cpp
  particle_litsmokeemitter.cpp
  particle_parse.cpp
  particle_property.cpp
  particle_proxies.cpp
  particle_simple3d.cpp
  particlemgr.cpp
  particles_attractor.cpp
  particles_ez.cpp
  particles_localspace.cpp
  particles_new.cpp
  particles_simple.cpp
  particlesystemquery.cpp
  perfvisualbenchmark.cpp
  physics.cpp
  physics_main_client.cpp
  physics_main_shared.cpp
  physics_saverestore.cpp
  physics_shared.cpp
  physpropclientside.cpp
  playerandobjectenumerator.cpp
  playerspawncache.cpp
  point_bonusmaps_accessor.cpp
  point_posecontroller.cpp
  precache_register.cpp
  predictableid.cpp
  predicted_viewmodel.cpp
  prediction.cpp
  predictioncopy.cpp
  props_shared.cpp
  proxyentity.cpp
  ProxyHealth.cpp
  proxyplayer.cpp
  proxypupil.cpp
  ragdoll.cpp
  ragdoll_shared.cpp
  recvproxy.cpp
  rope_helpers.cpp
  saverestore.cpp
  sceneentity_shared.cpp
  ScreenSpaceEffects.cpp
  sequence_Transitioner.cpp
  simple_keys.cpp
  simtimer.cpp
  singleplay_gamerules.cpp
  SoundEmitterSystem.cpp
  soundenvelope.cpp
  SoundParametersInternal.cpp
  splinepatch.cpp
  Sprite.cpp
  spritemodel.cpp
  SpriteTrail.cpp
  studio_shared.cpp
  studio_stats.cpp
  takedamageinfo.cpp
  teamplay_gamerules.cpp
  teamplay_round_timer.cpp
  teamplayroundbased_gamerules.cpp
  test_ehandle.cpp
  text_message.cpp
  texturescrollmaterialproxy.cpp
  timematerialproxy.cpp
  toggletextureproxy.cpp
  train.cpp
  usercmd.cpp
  usermessages.cpp
  util_shared.cpp
  vehicle_viewblend_shared.cpp
  vgui_avatarimage.cpp
  vgui_basepanel.cpp
  vgui_bitmapbutton.cpp
  vgui_bitmapimage.cpp
  vgui_bitmappanel.cpp
  vgui_centerstringpanel.cpp
  vgui_consolepanel.cpp
  vgui_debugoverlaypanel.cpp
  vgui_fpspanel.cpp
  vgui_game_viewport.cpp
  vgui_grid.cpp
  vgui_int.cpp
  vgui_loadingdiscpanel.cpp
  vgui_messagechars.cpp
  vgui_netgraphpanel.cpp
  vgui_schemevisualizer.cpp
  vgui_slideshow_display_screen.cpp
  vgui_video.cpp
  vgui_video_player.cpp
  view.cpp
  view_beams.cpp
  view_effects.cpp
  view_scene.cpp
  viewangleanim.cpp
  ViewConeImage.cpp
  viewdebug.cpp
  viewpostprocess.cpp
  viewrender.cpp
  voice_banmgr.cpp
  voice_status.cpp
  warp_overlay.cpp
  WaterLODMaterialProxy.cpp
  weapon_parse.cpp
  weapon_selection.cpp
  weapons_resource.cpp
  WorldDimsProxy.cpp
  basemodel_panel.cpp
  basemodelpanel.cpp
  baseviewport.cpp
  ClientScoreBoardDialog.cpp
  commandmenu.cpp
  IconPanel.cpp
  intromenu.cpp
  MapOverview.cpp
  NavProgress.cpp
  SpectatorGUI.cpp
  teammenu.cpp
  vguitextwindow.cpp
  basehlcombatweapon_shared.cpp
  c_antlion_dust.cpp
  c_ar2_explosion.cpp
  c_barnacle.cpp
  c_barney.cpp
  c_basehelicopter.cpp
  c_basehlcombatweapon.cpp
  c_basehlplayer.cpp
  c_citadel_effects.cpp
  c_corpse.cpp
  c_env_alyxtemp.cpp
  c_env_headcrabcanister.cpp
  c_env_starfield.cpp
  c_func_tankmortar.cpp
  c_hl2_playerlocaldata.cpp
  c_info_teleporter_countdown.cpp
  c_npc_antlionguard.cpp
  c_npc_combinegunship.cpp
  c_npc_manhack.cpp
  c_npc_rollermine.cpp
  c_plasma_beam_node.cpp
  c_prop_combine_ball.cpp
  c_rotorwash.cpp
  c_script_intro.cpp
  c_strider.cpp
  c_te_concussiveexplosion.cpp
  c_te_flare.cpp
  c_thumper_dust.cpp
  c_vehicle_airboat.cpp
  c_vehicle_cannon.cpp
  c_vehicle_crane.cpp
  c_vehicle_prisoner_pod.cpp
  c_vort_charge_token.cpp
  c_weapon__stubs_hl2.cpp
  c_weapon_crossbow.cpp
  env_headcrabcanister_shared.cpp
  fx_antlion.cpp
  fx_bugbait.cpp
  fx_hl2_impacts.cpp
  fx_hl2_tracers.cpp
  hl2_clientmode.cpp
  hl2_gamerules.cpp
  hl2_usermessages.cpp
  hl_gamemovement.cpp
  hl_in_main.cpp
  hl_prediction.cpp
  hud_ammo.cpp
  hud_battery.cpp
  hud_blood.cpp
  hud_credits.cpp
  hud_damageindicator.cpp
  hud_flashlight.cpp
  hud_health.cpp
  hud_poisondamageindicator.cpp
  hud_quickinfo.cpp
  hud_squadstatus.cpp
  hud_suitpower.cpp
  hud_weaponselection.cpp
  hud_zoom.cpp
  script_intro_shared.cpp
  shieldproxy.cpp
  vgui_rootpanel_hl2.cpp
  c_hl2mp_player.cpp
  c_te_hl2mp_shotgun_shot.cpp
  clientmode_hl2mpnormal.cpp
  hl2mp_gamerules.cpp
  hl2mp_player_shared.cpp
  hl2mp_weapon_parse.cpp
  lhl2mp_player_shared.cpp
c:\users\hp\documents\hl2sb-src\src\game\shared\hl2mp\hl2mp_player_shared.h(47): error C2061: syntax error : identifier 'C_HL2MP_Player' (..\..\game\shared\hl2mp\lhl2mp_player_shared.cpp)
c:\users\hp\documents\hl2sb-src\src\game\shared\hl2mp\hl2mp_player_shared.h(57): error C2143: syntax error : missing ';' before '*' (..\..\game\shared\hl2mp\lhl2mp_player_shared.cpp)
c:\users\hp\documents\hl2sb-src\src\game\shared\hl2mp\hl2mp_player_shared.h(57): error C4430: missing type specifier - int assumed. Note: C++ does not support default-int (..\..\game\shared\hl2mp\lhl2mp_player_shared.cpp)
c:\users\hp\documents\hl2sb-src\src\game\shared\hl2mp\hl2mp_player_shared.h(57): warning C4183: 'GetOuter': missing return type; assumed to be a member function returning 'int' (..\..\game\shared\hl2mp\lhl2mp_player_shared.cpp)
c:\users\hp\documents\hl2sb-src\src\game\shared\hl2mp\hl2mp_player_shared.h(71): error C2143: syntax error : missing ';' before '*' (..\..\game\shared\hl2mp\lhl2mp_player_shared.cpp)
c:\users\hp\documents\hl2sb-src\src\game\shared\hl2mp\hl2mp_player_shared.h(71): error C4430: missing type specifier - int assumed. Note: C++ does not support default-int (..\..\game\shared\hl2mp\lhl2mp_player_shared.cpp)
  backgroundpanel.cpp
  hl2mp_hud_chat.cpp
  hl2mp_hud_target_id.cpp
  hl2mp_hud_team.cpp
  hl2mpclientscoreboard.cpp
  hl2mptextwindow.cpp
  hud_deathnotice.cpp
  weapon_357.cpp
  weapon_ar2.cpp
  weapon_crossbow.cpp
  weapon_crowbar.cpp
  weapon_frag.cpp
  weapon_hl2mpbase.cpp
  weapon_hl2mpbase_machinegun.cpp
  weapon_hl2mpbase_scriptedweapon.cpp
  weapon_hl2mpbasebasebludgeon.cpp
  weapon_hl2mpbasehlmpcombatweapon.cpp
  weapon_physcannon.cpp
  weapon_pistol.cpp
  weapon_rpg.cpp
  weapon_shotgun.cpp
  weapon_slam.cpp
c:\users\hp\documents\hl2sb-src\src\game\server\entitylist.h(139): error C2572: 'CGlobalEntityList::FindEntityByName' : redefinition of default parameter : parameter 6 (..\..\game\shared\hl2mp\weapon_shotgun.cpp)
          c:\users\hp\documents\hl2sb-src\src\game\server\entitylist.h(137) : see declaration of 'CGlobalEntityList::FindEntityByName'
c:\users\hp\documents\hl2sb-src\src\game\server\entitylist.h(139): error C2572: 'CGlobalEntityList::FindEntityByName' : redefinition of default parameter : parameter 5 (..\..\game\shared\hl2mp\weapon_shotgun.cpp)
          c:\users\hp\documents\hl2sb-src\src\game\server\entitylist.h(137) : see declaration of 'CGlobalEntityList::FindEntityByName'
c:\users\hp\documents\hl2sb-src\src\game\server\entitylist.h(139): error C2572: 'CGlobalEntityList::FindEntityByName' : redefinition of default parameter : parameter 4 (..\..\game\shared\hl2mp\weapon_shotgun.cpp)
          c:\users\hp\documents\hl2sb-src\src\game\server\entitylist.h(137) : see declaration of 'CGlobalEntityList::FindEntityByName'
c:\users\hp\documents\hl2sb-src\src\game\server\entitylist.h(139): error C2572: 'CGlobalEntityList::FindEntityByName' : redefinition of default parameter : parameter 3 (..\..\game\shared\hl2mp\weapon_shotgun.cpp)
          c:\users\hp\documents\hl2sb-src\src\game\server\entitylist.h(137) : see declaration of 'CGlobalEntityList::FindEntityByName'
c:\users\hp\documents\hl2sb-src\src\game\server\entitylist.h(139): error C2535: 'C_BaseEntity *CGlobalEntityList::FindEntityByName(C_BaseEntity *,const char *,C_BaseEntity *,C_BaseEntity *,C_BaseEntity *,IEntityFindFilter *)' : member function already defined or declared (..\..\game\shared\hl2mp\weapon_shotgun.cpp)
          c:\users\hp\documents\hl2sb-src\src\game\server\entitylist.h(137) : see declaration of 'CGlobalEntityList::FindEntityByName'
c:\users\hp\documents\hl2sb-src\src\game\server\entitylist.h(139): error C2548: 'CGlobalEntityList::FindEntityByName' : missing default parameter for parameter 3 (..\..\game\shared\hl2mp\weapon_shotgun.cpp)
c:\users\hp\documents\hl2sb-src\src\game\server\entitylist.h(139): error C2548: 'CGlobalEntityList::FindEntityByName' : missing default parameter for parameter 4 (..\..\game\shared\hl2mp\weapon_shotgun.cpp)
c:\users\hp\documents\hl2sb-src\src\game\server\entitylist.h(139): error C2548: 'CGlobalEntityList::FindEntityByName' : missing default parameter for parameter 5 (..\..\game\shared\hl2mp\weapon_shotgun.cpp)
c:\users\hp\documents\hl2sb-src\src\game\server\entitylist.h(139): error C2548: 'CGlobalEntityList::FindEntityByName' : missing default parameter for parameter 6 (..\..\game\shared\hl2mp\weapon_shotgun.cpp)
c:\users\hp\documents\hl2sb-src\src\game\server\entityoutput.h(82): error C2079: 'CBaseEntityOutput::m_Value' uses undefined class 'variant_t' (..\..\game\shared\hl2mp\weapon_shotgun.cpp)
c:\users\hp\documents\hl2sb-src\src\game\server\entityoutput.h(74): error C2228: left of '.FieldType' must have class/struct/union (..\..\game\shared\hl2mp\weapon_shotgun.cpp)
          type is 'int'
c:\users\hp\documents\hl2sb-src\src\game\server\entityoutput.h(136): error C2228: left of '.SetVector3D' must have class/struct/union (..\..\game\shared\hl2mp\weapon_shotgun.cpp)
          type is 'int'
c:\users\hp\documents\hl2sb-src\src\game\server\entityoutput.h(141): error C2228: left of '.SetVector3D' must have class/struct/union (..\..\game\shared\hl2mp\weapon_shotgun.cpp)
          type is 'int'
c:\users\hp\documents\hl2sb-src\src\game\server\entityoutput.h(142): error C2664: 'void CBaseEntityOutput::FireOutput(variant_t,C_BaseEntity *,C_BaseEntity *,float)' : cannot convert argument 1 from 'int' to 'variant_t' (..\..\game\shared\hl2mp\weapon_shotgun.cpp)
          Source or target has incomplete type
c:\users\hp\documents\hl2sb-src\src\game\server\entityoutput.h(147): error C2228: left of '.Vector3D' must have class/struct/union (..\..\game\shared\hl2mp\weapon_shotgun.cpp)
          type is 'int'
c:\users\hp\documents\hl2sb-src\src\game\server\entityoutput.h(158): error C2228: left of '.SetPositionVector3D' must have class/struct/union (..\..\game\shared\hl2mp\weapon_shotgun.cpp)
          type is 'int'
c:\users\hp\documents\hl2sb-src\src\game\server\entityoutput.h(163): error C2228: left of '.SetPositionVector3D' must have class/struct/union (..\..\game\shared\hl2mp\weapon_shotgun.cpp)
          type is 'int'
c:\users\hp\documents\hl2sb-src\src\game\server\entityoutput.h(164): error C2664: 'void CBaseEntityOutput::FireOutput(variant_t,C_BaseEntity *,C_BaseEntity *,float)' : cannot convert argument 1 from 'int' to 'variant_t' (..\..\game\shared\hl2mp\weapon_shotgun.cpp)
          Source or target has incomplete type
c:\users\hp\documents\hl2sb-src\src\game\server\entityoutput.h(169): error C2228: left of '.Vector3D' must have class/struct/union (..\..\game\shared\hl2mp\weapon_shotgun.cpp)
          type is 'int'
c:\users\hp\documents\hl2sb-src\src\game\server\servernetworkproperty.h(222): error C3861: 'ENTINDEX': identifier not found (..\..\game\shared\hl2mp\weapon_shotgun.cpp)
c:\users\hp\documents\hl2sb-src\src\game\server\baseentity.h(210): error C2079: 'inputdata_t::value' uses undefined class 'variant_t' (..\..\game\shared\hl2mp\weapon_shotgun.cpp)
c:\users\hp\documents\hl2sb-src\src\game\server\baseentity.h(326): error C2011: 'thinkfunc_t' : 'struct' type redefinition (..\..\game\shared\hl2mp\weapon_shotgun.cpp)
          c:\users\hp\documents\hl2sb-src\src\game\client\c_baseentity.h(155) : see declaration of 'thinkfunc_t'
c:\users\hp\documents\hl2sb-src\src\game\server\baseentity.h(339): warning C4005: 'CREATE_PREDICTED_ENTITY' : macro redefinition (..\..\game\shared\hl2mp\weapon_shotgun.cpp)
          c:\users\hp\documents\hl2sb-src\src\game\client\c_baseentity.h(163) : see previous definition of 'CREATE_PREDICTED_ENTITY'
c:\users\hp\documents\hl2sb-src\src\game\server\baseentity.h(344): error C2011: 'C_BaseEntity' : 'class' type redefinition (..\..\game\shared\hl2mp\weapon_shotgun.cpp)
          c:\users\hp\documents\hl2sb-src\src\game\client\c_baseentity.h(175) : see declaration of 'C_BaseEntity'
c:\users\hp\documents\hl2sb-src\src\game\server\baseentity.h(1824): warning C4005: 'SetTouch' : macro redefinition (..\..\game\shared\hl2mp\weapon_shotgun.cpp)
          c:\users\hp\documents\hl2sb-src\src\game\client\c_baseentity.h(1729) : see previous definition of 'SetTouch'
c:\users\hp\documents\hl2sb-src\src\game\server\baseentity.h(1852): error C2027: use of undefined type 'C_BaseEntity' (..\..\game\shared\hl2mp\weapon_shotgun.cpp)
          c:\users\hp\documents\hl2sb-src\src\game\client\c_baseentity.h(175) : see declaration of 'C_BaseEntity'
c:\users\hp\documents\hl2sb-src\src\game\server\baseentity.h(1854): error C2027: use of undefined type 'C_BaseEntity' (..\..\game\shared\hl2mp\weapon_shotgun.cpp)
          c:\users\hp\documents\hl2sb-src\src\game\client\c_baseentity.h(175) : see declaration of 'C_BaseEntity'
c:\users\hp\documents\hl2sb-src\src\game\server\baseentity.h(1854): error C2065: 'm_bDebugPause' : undeclared identifier (..\..\game\shared\hl2mp\weapon_shotgun.cpp)
c:\users\hp\documents\hl2sb-src\src\game\server\baseentity.h(1861): error C2027: use of undefined type 'C_BaseEntity' (..\..\game\shared\hl2mp\weapon_shotgun.cpp)
          c:\users\hp\documents\hl2sb-src\src\game\client\c_baseentity.h(175) : see declaration of 'C_BaseEntity'
c:\users\hp\documents\hl2sb-src\src\game\server\baseentity.h(1863): error C2027: use of undefined type 'C_BaseEntity' (..\..\game\shared\hl2mp\weapon_shotgun.cpp)
          c:\users\hp\documents\hl2sb-src\src\game\client\c_baseentity.h(175) : see declaration of 'C_BaseEntity'
c:\users\hp\documents\hl2sb-src\src\game\server\baseentity.h(1863): error C2065: 'm_bDebugPause' : undeclared identifier (..\..\game\shared\hl2mp\weapon_shotgun.cpp)
c:\users\hp\documents\hl2sb-src\src\game\server\baseentity.h(1872): error C2027: use of undefined type 'C_BaseEntity' (..\..\game\shared\hl2mp\weapon_shotgun.cpp)
          c:\users\hp\documents\hl2sb-src\src\game\client\c_baseentity.h(175) : see declaration of 'C_BaseEntity'
c:\users\hp\documents\hl2sb-src\src\game\server\baseentity.h(1874): error C2027: use of undefined type 'C_BaseEntity' (..\..\game\shared\hl2mp\weapon_shotgun.cpp)
          c:\users\hp\documents\hl2sb-src\src\game\client\c_baseentity.h(175) : see declaration of 'C_BaseEntity'
c:\users\hp\documents\hl2sb-src\src\game\server\baseentity.h(1874): error C2065: 'm_nDebugSteps' : undeclared identifier (..\..\game\shared\hl2mp\weapon_shotgun.cpp)
c:\users\hp\documents\hl2sb-src\src\game\server\baseentity.h(1876): error C2027: use of undefined type 'C_BaseEntity' (..\..\game\shared\hl2mp\weapon_shotgun.cpp)
          c:\users\hp\documents\hl2sb-src\src\game\client\c_baseentity.h(175) : see declaration of 'C_BaseEntity'
c:\users\hp\documents\hl2sb-src\src\game\server\baseentity.h(1876): error C2065: 'm_nDebugSteps' : undeclared identifier (..\..\game\shared\hl2mp\weapon_shotgun.cpp)
c:\users\hp\documents\hl2sb-src\src\game\server\baseentity.h(1878): error C2027: use of undefined type 'C_BaseEntity' (..\..\game\shared\hl2mp\weapon_shotgun.cpp)
          c:\users\hp\documents\hl2sb-src\src\game\client\c_baseentity.h(175) : see declaration of 'C_BaseEntity'
c:\users\hp\documents\hl2sb-src\src\game\server\baseentity.h(1878): error C2065: 'm_nDebugSteps' : undeclared identifier (..\..\game\shared\hl2mp\weapon_shotgun.cpp)
c:\users\hp\documents\hl2sb-src\src\game\server\baseentity.h(1887): error C2027: use of undefined type 'C_BaseEntity' (..\..\game\shared\hl2mp\weapon_shotgun.cpp)
          c:\users\hp\documents\hl2sb-src\src\game\client\c_baseentity.h(175) : see declaration of 'C_BaseEntity'
c:\users\hp\documents\hl2sb-src\src\game\server\baseentity.h(1889): error C2027: use of undefined type 'C_BaseEntity' (..\..\game\shared\hl2mp\weapon_shotgun.cpp)
          c:\users\hp\documents\hl2sb-src\src\game\client\c_baseentity.h(175) : see declaration of 'C_BaseEntity'
c:\users\hp\documents\hl2sb-src\src\game\server\baseentity.h(1889): error C2065: 'm_nDebugSteps' : undeclared identifier (..\..\game\shared\hl2mp\weapon_shotgun.cpp)
c:\users\hp\documents\hl2sb-src\src\game\server\baseentity.h(1896): error C2027: use of undefined type 'C_BaseEntity' (..\..\game\shared\hl2mp\weapon_shotgun.cpp)
          c:\users\hp\documents\hl2sb-src\src\game\client\c_baseentity.h(175) : see declaration of 'C_BaseEntity'
c:\users\hp\documents\hl2sb-src\src\game\server\baseentity.h(1898): error C2027: use of undefined type 'C_BaseEntity' (..\..\game\shared\hl2mp\weapon_shotgun.cpp)
          c:\users\hp\documents\hl2sb-src\src\game\client\c_baseentity.h(175) : see declaration of 'C_BaseEntity'
c:\users\hp\documents\hl2sb-src\src\game\server\baseentity.h(1898): error C2065: 'm_bDebugPause' : undeclared identifier (..\..\game\shared\hl2mp\weapon_shotgun.cpp)
          c:\users\hp\documents\hl2sb-src\src\game\client\c_baseentity.h(175) : see declaration of 'C_BaseEntity'
c:\users\hp\documents\hl2sb-src\src\game\server\baseentity.h(1898): error C2065: 'm_nDebugSteps' : undeclared identifier (..\..\game\shared\hl2mp\weapon_shotgun.cpp)
c:\users\hp\documents\hl2sb-src\src\game\server\baseentity.h(1904): error C2027: use of undefined type 'C_BaseEntity' (..\..\game\shared\hl2mp\weapon_shotgun.cpp)
          c:\users\hp\documents\hl2sb-src\src\game\client\c_baseentity.h(175) : see declaration of 'C_BaseEntity'
c:\users\hp\documents\hl2sb-src\src\game\server\baseentity.h(1906): error C2065: 'm_hMoveParent' : undeclared identifier (..\..\game\shared\hl2mp\weapon_shotgun.cpp)
c:\users\hp\documents\hl2sb-src\src\game\server\baseentity.h(1906): error C2228: left of '.Get' must have class/struct/union (..\..\game\shared\hl2mp\weapon_shotgun.cpp)
          type is 'unknown-type'
c:\users\hp\documents\hl2sb-src\src\game\server\baseentity.h(1909): error C2027: use of undefined type 'C_BaseEntity' (..\..\game\shared\hl2mp\weapon_shotgun.cpp)
          c:\users\hp\documents\hl2sb-src\src\game\client\c_baseentity.h(175) : see declaration of 'C_BaseEntity'
c:\users\hp\documents\hl2sb-src\src\game\server\baseentity.h(1911): error C2065: 'm_hMoveChild' : undeclared identifier (..\..\game\shared\hl2mp\weapon_shotgun.cpp)
c:\users\hp\documents\hl2sb-src\src\game\server\baseentity.h(1911): error C2228: left of '.Get' must have class/struct/union (..\..\game\shared\hl2mp\weapon_shotgun.cpp)
          type is 'unknown-type'
c:\users\hp\documents\hl2sb-src\src\game\server\baseentity.h(1914): error C2027: use of undefined type 'C_BaseEntity' (..\..\game\shared\hl2mp\weapon_shotgun.cpp)
          c:\users\hp\documents\hl2sb-src\src\game\client\c_baseentity.h(175) : see declaration of 'C_BaseEntity'
c:\users\hp\documents\hl2sb-src\src\game\server\baseentity.h(1916): error C2065: 'm_hMovePeer' : undeclared identifier (..\..\game\shared\hl2mp\weapon_shotgun.cpp)
c:\users\hp\documents\hl2sb-src\src\game\server\baseentity.h(1916): error C2228: left of '.Get' must have class/struct/union (..\..\game\shared\hl2mp\weapon_shotgun.cpp)
          type is 'unknown-type'
c:\users\hp\documents\hl2sb-src\src\game\server\baseentity.h(1920): error C2027: use of undefined type 'C_BaseEntity' (..\..\game\shared\hl2mp\weapon_shotgun.cpp)
          c:\users\hp\documents\hl2sb-src\src\game\client\c_baseentity.h(175) : see declaration of 'C_BaseEntity'
c:\users\hp\documents\hl2sb-src\src\game\server\baseentity.h(1922): error C2065: 'm_pParent' : undeclared identifier (..\..\game\shared\hl2mp\weapon_shotgun.cpp)
c:\users\hp\documents\hl2sb-src\src\game\server\baseentity.h(1922): error C2228: left of '.Get' must have class/struct/union (..\..\game\shared\hl2mp\weapon_shotgun.cpp)
          type is 'unknown-type'
c:\users\hp\documents\hl2sb-src\src\game\server\baseentity.h(1925): error C2027: use of undefined type 'C_BaseEntity' (..\..\game\shared\hl2mp\weapon_shotgun.cpp)
          c:\users\hp\documents\hl2sb-src\src\game\client\c_baseentity.h(175) : see declaration of 'C_BaseEntity'
c:\users\hp\documents\hl2sb-src\src\game\server\baseentity.h(1927): error C2065: 'm_iParentAttachment' : undeclared identifier (..\..\game\shared\hl2mp\weapon_shotgun.cpp)
c:\users\hp\documents\hl2sb-src\src\game\server\baseentity.h(1933): error C2027: use of undefined type 'C_BaseEntity' (..\..\game\shared\hl2mp\weapon_shotgun.cpp)
          c:\users\hp\documents\hl2sb-src\src\game\client\c_baseentity.h(175) : see declaration of 'C_BaseEntity'
c:\users\hp\documents\hl2sb-src\src\game\server\baseentity.h(1935): error C2065: 'm_iName' : undeclared identifier (..\..\game\shared\hl2mp\weapon_shotgun.cpp)
c:\users\hp\documents\hl2sb-src\src\game\server\baseentity.h(1938): error C2027: use of undefined type 'C_BaseEntity' (..\..\game\shared\hl2mp\weapon_shotgun.cpp)
          c:\users\hp\documents\hl2sb-src\src\game\client\c_baseentity.h(175) : see declaration of 'C_BaseEntity'
c:\users\hp\documents\hl2sb-src\src\game\server\baseentity.h(1940): error C2065: 'm_iName' : undeclared identifier (..\..\game\shared\hl2mp\weapon_shotgun.cpp)
c:\users\hp\documents\hl2sb-src\src\game\server\baseentity.h(1944): error C2027: use of undefined type 'C_BaseEntity' (..\..\game\shared\hl2mp\weapon_shotgun.cpp)
          c:\users\hp\documents\hl2sb-src\src\game\client\c_baseentity.h(175) : see declaration of 'C_BaseEntity'
c:\users\hp\documents\hl2sb-src\src\game\server\baseentity.h(1946): error C2065: 'm_iName' : undeclared identifier (..\..\game\shared\hl2mp\weapon_shotgun.cpp)
c:\users\hp\documents\hl2sb-src\src\game\server\baseentity.h(1948): error C3861: 'NameMatchesComplex': identifier not found (..\..\game\shared\hl2mp\weapon_shotgun.cpp)
c:\users\hp\documents\hl2sb-src\src\game\server\baseentity.h(1951): error C2027: use of undefined type 'C_BaseEntity' (..\..\game\shared\hl2mp\weapon_shotgun.cpp)
          c:\users\hp\documents\hl2sb-src\src\game\client\c_baseentity.h(175) : see declaration of 'C_BaseEntity'
c:\users\hp\documents\hl2sb-src\src\game\server\baseentity.h(1952): error C2084: function 'bool NameMatches(const char *)' already has a body (..\..\game\shared\hl2mp\weapon_shotgun.cpp)
          c:\users\hp\documents\hl2sb-src\src\game\server\baseentity.h(1944) : see previous definition of 'NameMatches'
c:\users\hp\documents\hl2sb-src\src\game\server\baseentity.h(1953): error C2065: 'm_iName' : undeclared identifier (..\..\game\shared\hl2mp\weapon_shotgun.cpp)
c:\users\hp\documents\hl2sb-src\src\game\server\baseentity.h(1955): error C3861: 'NameMatchesComplex': identifier not found (..\..\game\shared\hl2mp\weapon_shotgun.cpp)
c:\users\hp\documents\hl2sb-src\src\game\server\baseentity.h(1958): error C2027: use of undefined type 'C_BaseEntity' (..\..\game\shared\hl2mp\weapon_shotgun.cpp)
          c:\users\hp\documents\hl2sb-src\src\game\client\c_baseentity.h(175) : see declaration of 'C_BaseEntity'
c:\users\hp\documents\hl2sb-src\src\game\server\baseentity.h(1960): error C2065: 'm_iClassname' : undeclared identifier (..\..\game\shared\hl2mp\weapon_shotgun.cpp)
c:\users\hp\documents\hl2sb-src\src\game\server\baseentity.h(1962): error C3861: 'ClassMatchesComplex': identifier not found (..\..\game\shared\hl2mp\weapon_shotgun.cpp)
c:\users\hp\documents\hl2sb-src\src\game\server\baseentity.h(1965): error C2027: use of undefined type 'C_BaseEntity' (..\..\game\shared\hl2mp\weapon_shotgun.cpp)
          c:\users\hp\documents\hl2sb-src\src\game\client\c_baseentity.h(175) : see declaration of 'C_BaseEntity'
c:\users\hp\documents\hl2sb-src\src\game\server\baseentity.h(1967): error C2065: 'm_iClassname' : undeclared identifier (..\..\game\shared\hl2mp\weapon_shotgun.cpp)
c:\users\hp\documents\hl2sb-src\src\game\server\baseentity.h(1971): error C2027: use of undefined type 'C_BaseEntity' (..\..\game\shared\hl2mp\weapon_shotgun.cpp)
          c:\users\hp\documents\hl2sb-src\src\game\client\c_baseentity.h(175) : see declaration of 'C_BaseEntity'
c:\users\hp\documents\hl2sb-src\src\game\server\baseentity.h(1972): error C2084: function 'bool ClassMatches(const char *)' already has a body (..\..\game\shared\hl2mp\weapon_shotgun.cpp)
          c:\users\hp\documents\hl2sb-src\src\game\server\baseentity.h(1958) : see previous definition of 'ClassMatches'
c:\users\hp\documents\hl2sb-src\src\game\server\baseentity.h(1973): error C2065: 'm_iClassname' : undeclared identifier (..\..\game\shared\hl2mp\weapon_shotgun.cpp)
c:\users\hp\documents\hl2sb-src\src\game\server\baseentity.h(1975): error C3861: 'ClassMatchesComplex': identifier not found (..\..\game\shared\hl2mp\weapon_shotgun.cpp)
c:\users\hp\documents\hl2sb-src\src\game\server\baseentity.h(1978): error C2027: use of undefined type 'C_BaseEntity' (..\..\game\shared\hl2mp\weapon_shotgun.cpp)
          c:\users\hp\documents\hl2sb-src\src\game\client\c_baseentity.h(175) : see declaration of 'C_BaseEntity'
c:\users\hp\documents\hl2sb-src\src\game\server\baseentity.h(1979): error C2270: 'GetSpawnFlags' : modifiers not allowed on nonmember functions (..\..\game\shared\hl2mp\weapon_shotgun.cpp)
c:\users\hp\documents\hl2sb-src\src\game\server\baseentity.h(1980): error C2065: 'm_spawnflags' : undeclared identifier (..\..\game\shared\hl2mp\weapon_shotgun.cpp)
c:\users\hp\documents\hl2sb-src\src\game\server\baseentity.h(1983): error C2027: use of undefined type 'C_BaseEntity' (..\..\game\shared\hl2mp\weapon_shotgun.cpp)
          c:\users\hp\documents\hl2sb-src\src\game\client\c_baseentity.h(175) : see declaration of 'C_BaseEntity'
c:\users\hp\documents\hl2sb-src\src\game\server\baseentity.h(1985): error C2065: 'm_spawnflags' : undeclared identifier (..\..\game\shared\hl2mp\weapon_shotgun.cpp)
c:\users\hp\documents\hl2sb-src\src\game\server\baseentity.h(1987): error C2027: use of undefined type 'C_BaseEntity' (..\..\game\shared\hl2mp\weapon_shotgun.cpp)
          c:\users\hp\documents\hl2sb-src\src\game\client\c_baseentity.h(175) : see declaration of 'C_BaseEntity'
c:\users\hp\documents\hl2sb-src\src\game\server\baseentity.h(1989): error C2065: 'm_spawnflags' : undeclared identifier (..\..\game\shared\hl2mp\weapon_shotgun.cpp)
c:\users\hp\documents\hl2sb-src\src\game\server\baseentity.h(1992): error C2027: use of undefined type 'C_BaseEntity' (..\..\game\shared\hl2mp\weapon_shotgun.cpp)
          c:\users\hp\documents\hl2sb-src\src\game\client\c_baseentity.h(175) : see declaration of 'C_BaseEntity'
c:\users\hp\documents\hl2sb-src\src\game\server\baseentity.h(1994): error C2065: 'm_spawnflags' : undeclared identifier (..\..\game\shared\hl2mp\weapon_shotgun.cpp)
c:\users\hp\documents\hl2sb-src\src\game\server\baseentity.h(1997): error C2027: use of undefined type 'C_BaseEntity' (..\..\game\shared\hl2mp\weapon_shotgun.cpp)
          c:\users\hp\documents\hl2sb-src\src\game\client\c_baseentity.h(175) : see declaration of 'C_BaseEntity'
c:\users\hp\documents\hl2sb-src\src\game\server\baseentity.h(1998): error C2270: 'HasSpawnFlags' : modifiers not allowed on nonmember functions (..\..\game\shared\hl2mp\weapon_shotgun.cpp)
c:\users\hp\documents\hl2sb-src\src\game\server\baseentity.h(1999): error C2065: 'm_spawnflags' : undeclared identifier (..\..\game\shared\hl2mp\weapon_shotgun.cpp)
c:\users\hp\documents\hl2sb-src\src\game\server\baseentity.h(2005): error C2027: use of undefined type 'C_BaseEntity' (..\..\game\shared\hl2mp\weapon_shotgun.cpp)
          c:\users\hp\documents\hl2sb-src\src\game\client\c_baseentity.h(175) : see declaration of 'C_BaseEntity'
c:\users\hp\documents\hl2sb-src\src\game\server\baseentity.h(2007): error C2065: 'm_iEFlags' : undeclared identifier (..\..\game\shared\hl2mp\weapon_shotgun.cpp)
c:\users\hp\documents\hl2sb-src\src\game\server\baseentity.h(2013): error C2027: use of undefined type 'C_BaseEntity' (..\..\game\shared\hl2mp\weapon_shotgun.cpp)
          c:\users\hp\documents\hl2sb-src\src\game\client\c_baseentity.h(175) : see declaration of 'C_BaseEntity'
c:\users\hp\documents\hl2sb-src\src\game\server\baseentity.h(2014): error C2270: 'GetEFlags' : modifiers not allowed on nonmember functions (..\..\game\shared\hl2mp\weapon_shotgun.cpp)
c:\users\hp\documents\hl2sb-src\src\game\server\baseentity.h(2015): error C2065: 'm_iEFlags' : undeclared identifier (..\..\game\shared\hl2mp\weapon_shotgun.cpp)
c:\users\hp\documents\hl2sb-src\src\game\server\baseentity.h(2018): error C2027: use of undefined type 'C_BaseEntity' (..\..\game\shared\hl2mp\weapon_shotgun.cpp)
          c:\users\hp\documents\hl2sb-src\src\game\client\c_baseentity.h(175) : see declaration of 'C_BaseEntity'
c:\users\hp\documents\hl2sb-src\src\game\server\baseentity.h(2020): error C2065: 'm_iEFlags' : undeclared identifier (..\..\game\shared\hl2mp\weapon_shotgun.cpp)
c:\users\hp\documents\hl2sb-src\src\game\server\baseentity.h(2024): error C3861: 'DispatchUpdateTransmitState': identifier not found (..\..\game\shared\hl2mp\weapon_shotgun.cpp)
c:\users\hp\documents\hl2sb-src\src\game\server\baseentity.h(2028): error C2027: use of undefined type 'C_BaseEntity' (..\..\game\shared\hl2mp\weapon_shotgun.cpp)
          c:\users\hp\documents\hl2sb-src\src\game\client\c_baseentity.h(175) : see declaration of 'C_BaseEntity'
c:\users\hp\documents\hl2sb-src\src\game\server\baseentity.h(2030): error C2065: 'm_iEFlags' : undeclared identifier (..\..\game\shared\hl2mp\weapon_shotgun.cpp)
c:\users\hp\documents\hl2sb-src\src\game\server\baseentity.h(2034): error C3861: 'DispatchUpdateTransmitState': identifier not found (..\..\game\shared\hl2mp\weapon_shotgun.cpp)
c:\users\hp\documents\hl2sb-src\src\game\server\baseentity.h(2038): error C2027: use of undefined type 'C_BaseEntity' (..\..\game\shared\hl2mp\weapon_shotgun.cpp)
          c:\users\hp\documents\hl2sb-src\src\game\client\c_baseentity.h(175) : see declaration of 'C_BaseEntity'
c:\users\hp\documents\hl2sb-src\src\game\server\baseentity.h(2038): fatal error C1003: error count exceeds 100; stopping compilation (..\..\game\shared\hl2mp\weapon_shotgun.cpp)
  weapon_smg1.cpp
  weapon_stunstick.cpp
  basescripted.cpp
  lbasecombatweapon_shared.cpp
c:\users\hp\documents\hl2sb-src\src\game\shared\lbasecombatweapon_shared.cpp(7): error C2220: warning treated as error - no 'object' file generated
c:\users\hp\documents\hl2sb-src\src\game\shared\lbasecombatweapon_shared.cpp(7): warning C4603: 'lbasecombatweapon_shared_cpp' : macro is not defined or definition is different after precompiled header use
          Add macro to precompiled header instead of defining here
          c:\users\hp\documents\hl2sb-src\src\game\shared\lbasecombatweapon_shared.cpp(9) : use of precompiled header
  lbaseentity_shared.cpp
c:\users\hp\documents\hl2sb-src\src\game\shared\lbaseentity_shared.cpp(7): error C2220: warning treated as error - no 'object' file generated
c:\users\hp\documents\hl2sb-src\src\game\shared\lbaseentity_shared.cpp(7): warning C4603: 'lbaseentity_shared_cpp' : macro is not defined or definition is different after precompiled header use
          Add macro to precompiled header instead of defining here
          c:\users\hp\documents\hl2sb-src\src\game\shared\lbaseentity_shared.cpp(9) : use of precompiled header
  lbaseplayer_shared.cpp
c:\users\hp\documents\hl2sb-src\src\game\shared\lbaseplayer_shared.cpp(8): error C2220: warning treated as error - no 'object' file generated
c:\users\hp\documents\hl2sb-src\src\game\shared\lbaseplayer_shared.cpp(8): warning C4603: 'lbaseplayer_shared_cpp' : macro is not defined or definition is different after precompiled header use
          Add macro to precompiled header instead of defining here
          c:\users\hp\documents\hl2sb-src\src\game\shared\lbaseplayer_shared.cpp(10) : use of precompiled header
  lbspflags.cpp
  lc_baseanimating.cpp
  lc_baseentity.cpp
c:\users\hp\documents\hl2sb-src\src\game\client\lc_baseanimating.cpp(7): error C2220: warning treated as error - no 'object' file generated
c:\users\hp\documents\hl2sb-src\src\game\client\lc_baseanimating.cpp(7): warning C4603: 'lc_baseanimating_cpp' : macro is not defined or definition is different after precompiled header use
          Add macro to precompiled header instead of defining here
          c:\users\hp\documents\hl2sb-src\src\game\client\lc_baseanimating.cpp(9) : use of precompiled header
  lc_baseplayer.cpp
c:\users\hp\documents\hl2sb-src\src\game\client\lc_baseentity.cpp(7): error C2220: warning treated as error - no 'object' file generated
c:\users\hp\documents\hl2sb-src\src\game\client\lc_baseentity.cpp(7): warning C4603: 'lc_baseentity_cpp' : macro is not defined or definition is different after precompiled header use
          Add macro to precompiled header instead of defining here
          c:\users\hp\documents\hl2sb-src\src\game\client\lc_baseentity.cpp(9) : use of precompiled header
c:\users\hp\documents\hl2sb-src\src\game\client\lc_baseplayer.cpp(8): error C2220: warning treated as error - no 'object' file generated
c:\users\hp\documents\hl2sb-src\src\game\client\lc_baseplayer.cpp(8): warning C4603: 'lc_baseplayer_cpp' : macro is not defined or definition is different after precompiled header use
          Add macro to precompiled header instead of defining here
          c:\users\hp\documents\hl2sb-src\src\game\client\lc_baseplayer.cpp(10) : use of precompiled header
  lcdll_int.cpp
  lcdll_util.cpp
  lColor.cpp
  lconvar.cpp
  ldbg.cpp
  lEditablePanel.cpp
c:\users\hp\documents\hl2sb-src\src\public\tier1\lconvar.cpp(12): error C2220: warning treated as error - no 'object' file generated
c:\users\hp\documents\hl2sb-src\src\public\tier1\lconvar.cpp(12): warning C4603: 'lconvar_cpp' : macro is not defined or definition is different after precompiled header use
          Add macro to precompiled header instead of defining here
          c:\users\hp\documents\hl2sb-src\src\public\tier1\lconvar.cpp(14) : use of precompiled header
c:\users\hp\documents\hl2sb-src\src\public\lcolor.cpp(8): error C2220: warning treated as error - no 'object' file generated
c:\users\hp\documents\hl2sb-src\src\public\lcolor.cpp(8): warning C4603: 'lColor_cpp' : macro is not defined or definition is different after precompiled header use
          Add macro to precompiled header instead of defining here
          c:\users\hp\documents\hl2sb-src\src\public\lcolor.cpp(10) : use of precompiled header
c:\users\hp\documents\hl2sb-src\src\public\tier0\ldbg.cpp(8): error C2220: warning treated as error - no 'object' file generated
c:\users\hp\documents\hl2sb-src\src\public\tier0\ldbg.cpp(8): warning C4603: 'ldbg_cpp' : macro is not defined or definition is different after precompiled header use
          Add macro to precompiled header instead of defining here
          c:\users\hp\documents\hl2sb-src\src\public\tier0\ldbg.cpp(10) : use of precompiled header
c:\users\hp\documents\hl2sb-src\src\public\vgui_controls\leditablepanel.cpp(8): error C2220: warning treated as error - no 'object' file generated
c:\users\hp\documents\hl2sb-src\src\public\vgui_controls\leditablepanel.cpp(8): warning C4603: 'leditablepanel_cpp' : macro is not defined or definition is different after precompiled header use
          Add macro to precompiled header instead of defining here
          c:\users\hp\documents\hl2sb-src\src\public\vgui_controls\leditablepanel.cpp(10) : use of precompiled header
  leffect_dispatch_data.cpp
  lfilesystem.cpp
c:\users\hp\documents\hl2sb-src\src\game\shared\leffect_dispatch_data.cpp(8): error C2220: warning treated as error - no 'object' file generated
c:\users\hp\documents\hl2sb-src\src\game\shared\leffect_dispatch_data.cpp(8): warning C4603: 'leffect_dispatch_data_cpp' : macro is not defined or definition is different after precompiled header use
          Add macro to precompiled header instead of defining here
          c:\users\hp\documents\hl2sb-src\src\game\shared\leffect_dispatch_data.cpp(10) : use of precompiled header
c:\users\hp\documents\hl2sb-src\src\public\lfilesystem.cpp(8): error C2220: warning treated as error - no 'object' file generated
c:\users\hp\documents\hl2sb-src\src\public\lfilesystem.cpp(8): warning C4603: 'lfilesystem_cpp' : macro is not defined or definition is different after precompiled header use
          Add macro to precompiled header instead of defining here
          c:\users\hp\documents\hl2sb-src\src\public\lfilesystem.cpp(10) : use of precompiled header
  lgametrace.cpp
  lglobalvars_base.cpp
c:\users\hp\documents\hl2sb-src\src\public\lgametrace.cpp(7): error C2220: warning treated as error - no 'object' file generated
c:\users\hp\documents\hl2sb-src\src\public\lgametrace.cpp(7): warning C4603: 'lgametrace_cpp' : macro is not defined or definition is different after precompiled header use
          Add macro to precompiled header instead of defining here
          c:\users\hp\documents\hl2sb-src\src\public\lgametrace.cpp(9) : use of precompiled header
c:\users\hp\documents\hl2sb-src\src\public\lglobalvars_base.cpp(7): error C2220: warning treated as error - no 'object' file generated
c:\users\hp\documents\hl2sb-src\src\public\lglobalvars_base.cpp(7): warning C4603: 'lglobalvars_base_cpp' : macro is not defined or definition is different after precompiled header use
          Add macro to precompiled header instead of defining here
          c:\users\hp\documents\hl2sb-src\src\public\lglobalvars_base.cpp(9) : use of precompiled header
  liclientshadowmgr.cpp
  liconvar.cpp
  licvar.cpp
c:\users\hp\documents\hl2sb-src\src\public\tier1\liconvar.cpp(12): error C2220: warning treated as error - no 'object' file generated
c:\users\hp\documents\hl2sb-src\src\public\tier1\liconvar.cpp(12): warning C4603: 'liconvar_cpp' : macro is not defined or definition is different after precompiled header use
          Add macro to precompiled header instead of defining here
          c:\users\hp\documents\hl2sb-src\src\public\tier1\liconvar.cpp(14) : use of precompiled header
c:\users\hp\documents\hl2sb-src\src\game\client\liclientshadowmgr.cpp(9): error C2220: warning treated as error - no 'object' file generated
c:\users\hp\documents\hl2sb-src\src\game\client\liclientshadowmgr.cpp(9): warning C4603: 'liclientshadowmgr_cpp' : macro is not defined or definition is different after precompiled header use
          Add macro to precompiled header instead of defining here
          c:\users\hp\documents\hl2sb-src\src\game\client\liclientshadowmgr.cpp(11) : use of precompiled header
  lienginevgui.cpp
c:\users\hp\documents\hl2sb-src\src\public\licvar.cpp(7): error C2220: warning treated as error - no 'object' file generated
c:\users\hp\documents\hl2sb-src\src\public\licvar.cpp(7): warning C4603: 'leiface_cpp' : macro is not defined or definition is different after precompiled header use
          Add macro to precompiled header instead of defining here
          c:\users\hp\documents\hl2sb-src\src\public\licvar.cpp(9) : use of precompiled header
  LIInput.cpp
c:\users\hp\documents\hl2sb-src\src\public\lienginevgui.cpp(9): error C2220: warning treated as error - no 'object' file generated
c:\users\hp\documents\hl2sb-src\src\public\lienginevgui.cpp(9): warning C4603: 'lienginevgui_cpp' : macro is not defined or definition is different after precompiled header use
          Add macro to precompiled header instead of defining here
          c:\users\hp\documents\hl2sb-src\src\public\lienginevgui.cpp(11) : use of precompiled header
c:\users\hp\documents\hl2sb-src\src\public\vgui\liinput.cpp(8): error C2220: warning treated as error - no 'object' file generated
c:\users\hp\documents\hl2sb-src\src\public\vgui\liinput.cpp(8): warning C4603: 'LIInput_cpp' : macro is not defined or definition is different after precompiled header use
          Add macro to precompiled header instead of defining here
          c:\users\hp\documents\hl2sb-src\src\public\vgui\liinput.cpp(10) : use of precompiled header
  limaterial.cpp
  limovehelper.cpp
  lin_buttons.cpp
c:\users\hp\documents\hl2sb-src\src\public\materialsystem\limaterial.cpp(9): error C2220: warning treated as error - no 'object' file generated
c:\users\hp\documents\hl2sb-src\src\public\materialsystem\limaterial.cpp(9): warning C4603: 'limaterial_cpp' : macro is not defined or definition is different after precompiled header use
          Add macro to precompiled header instead of defining here
          c:\users\hp\documents\hl2sb-src\src\public\materialsystem\limaterial.cpp(11) : use of precompiled header
  lipredictionsystem.cpp
c:\users\hp\documents\hl2sb-src\src\game\shared\limovehelper.cpp(8): error C2220: warning treated as error - no 'object' file generated
c:\users\hp\documents\hl2sb-src\src\game\shared\limovehelper.cpp(8): warning C4603: 'limovehelper_cpp' : macro is not defined or definition is different after precompiled header use
          Add macro to precompiled header instead of defining here
          c:\users\hp\documents\hl2sb-src\src\game\shared\limovehelper.cpp(10) : use of precompiled header
c:\users\hp\documents\hl2sb-src\src\game\shared\lin_buttons.cpp(8): error C2220: warning treated as error - no 'object' file generated
c:\users\hp\documents\hl2sb-src\src\game\shared\lin_buttons.cpp(8): warning C4603: 'lin_buttons_cpp' : macro is not defined or definition is different after precompiled header use
          Add macro to precompiled header instead of defining here
          c:\users\hp\documents\hl2sb-src\src\game\shared\lin_buttons.cpp(10) : use of precompiled header
c:\users\hp\documents\hl2sb-src\src\game\shared\lipredictionsystem.cpp(8): error C2220: warning treated as error - no 'object' file generated
c:\users\hp\documents\hl2sb-src\src\game\shared\lipredictionsystem.cpp(8): warning C4603: 'lipredictionsystem_cpp' : macro is not defined or definition is different after precompiled header use
          Add macro to precompiled header instead of defining here
          c:\users\hp\documents\hl2sb-src\src\game\shared\lipredictionsystem.cpp(10) : use of precompiled header
  LIScheme.cpp
c:\users\hp\documents\hl2sb-src\src\public\vgui\lischeme.cpp(8): error C2220: warning treated as error - no 'object' file generated
c:\users\hp\documents\hl2sb-src\src\public\vgui\lischeme.cpp(8): warning C4603: 'LIScheme_cpp' : macro is not defined or definition is different after precompiled header use
          Add macro to precompiled header instead of defining here
          c:\users\hp\documents\hl2sb-src\src\public\vgui\lischeme.cpp(10) : use of precompiled header
  lisoundemittersystembase.cpp
  listeamfriends.cpp
c:\users\hp\documents\hl2sb-src\src\public\soundemittersystem\lisoundemittersystembase.cpp(8): error C2220: warning treated as error - no 'object' file generated
c:\users\hp\documents\hl2sb-src\src\public\soundemittersystem\lisoundemittersystembase.cpp(8): warning C4603: 'lisoundemittersystembase_cpp' : macro is not defined or definition is different after precompiled header use
          Add macro to precompiled header instead of defining here
          c:\users\hp\documents\hl2sb-src\src\public\soundemittersystem\lisoundemittersystembase.cpp(10) : use of precompiled header
  LISurface.cpp
c:\users\hp\documents\hl2sb-src\src\public\steam\listeamfriends.cpp(8): error C2220: warning treated as error - no 'object' file generated
c:\users\hp\documents\hl2sb-src\src\public\steam\listeamfriends.cpp(8): warning C4603: 'listeamfriends_cpp' : macro is not defined or definition is different after precompiled header use
          Add macro to precompiled header instead of defining here
          c:\users\hp\documents\hl2sb-src\src\public\steam\listeamfriends.cpp(10) : use of precompiled header
  livdebugoverlay.cpp
c:\users\hp\documents\hl2sb-src\src\public\engine\livdebugoverlay.cpp(15): error C2220: warning treated as error - no 'object' file generated
c:\users\hp\documents\hl2sb-src\src\public\engine\livdebugoverlay.cpp(15): warning C4603: 'lglobalvars_base_cpp' : macro is not defined or definition is different after precompiled header use
          Add macro to precompiled header instead of defining here
          c:\users\hp\documents\hl2sb-src\src\public\engine\livdebugoverlay.cpp(17) : use of precompiled header
c:\users\hp\documents\hl2sb-src\src\public\vgui\lisurface.cpp(8): error C2220: warning treated as error - no 'object' file generated
c:\users\hp\documents\hl2sb-src\src\public\vgui\lisurface.cpp(8): warning C4603: 'LISurface_cpp' : macro is not defined or definition is different after precompiled header use
          Add macro to precompiled header instead of defining here
          c:\users\hp\documents\hl2sb-src\src\public\vgui\lisurface.cpp(10) : use of precompiled header
  LKeyValues.cpp
  lmathlib.cpp
c:\users\hp\documents\hl2sb-src\src\public\mathlib\lmathlib.cpp(7): error C2220: warning treated as error - no 'object' file generated
c:\users\hp\documents\hl2sb-src\src\public\mathlib\lmathlib.cpp(7): warning C4603: 'lmathlib_cpp' : macro is not defined or definition is different after precompiled header use
          Add macro to precompiled header instead of defining here
          c:\users\hp\documents\hl2sb-src\src\public\mathlib\lmathlib.cpp(9) : use of precompiled header
  lnetworkstringtabledefs.cpp
c:\users\hp\documents\hl2sb-src\src\public\lnetworkstringtabledefs.cpp(8): error C2220: warning treated as error - no 'object' file generated
c:\users\hp\documents\hl2sb-src\src\public\lnetworkstringtabledefs.cpp(8): warning C4603: 'lnetworkstringtabledefs_cpp' : macro is not defined or definition is different after precompiled header use
          Add macro to precompiled header instead of defining here
          c:\users\hp\documents\hl2sb-src\src\public\lnetworkstringtabledefs.cpp(10) : use of precompiled header
  lPanel.cpp
  lperformance.cpp
c:\users\hp\documents\hl2sb-src\src\public\vphysics\lperformance.cpp(7): error C2220: warning treated as error - no 'object' file generated
c:\users\hp\documents\hl2sb-src\src\public\vphysics\lperformance.cpp(7): warning C4603: 'lperformance_cpp' : macro is not defined or definition is different after precompiled header use
          Add macro to precompiled header instead of defining here
          c:\users\hp\documents\hl2sb-src\src\public\vphysics\lperformance.cpp(9) : use of precompiled header
c:\users\hp\documents\hl2sb-src\src\public\vgui_controls\lpanel.cpp(8): error C2220: warning treated as error - no 'object' file generated
c:\users\hp\documents\hl2sb-src\src\public\vgui_controls\lpanel.cpp(8): warning C4603: 'lpanel_cpp' : macro is not defined or definition is different after precompiled header use
          Add macro to precompiled header instead of defining here
          c:\users\hp\documents\hl2sb-src\src\public\vgui_controls\lpanel.cpp(10) : use of precompiled header
  lprediction.cpp
c:\users\hp\documents\hl2sb-src\src\game\client\lprediction.cpp(8): error C2220: warning treated as error - no 'object' file generated
c:\users\hp\documents\hl2sb-src\src\game\client\lprediction.cpp(8): warning C4603: 'lprediction_cpp' : macro is not defined or definition is different after precompiled header use
          Add macro to precompiled header instead of defining here
          c:\users\hp\documents\hl2sb-src\src\game\client\lprediction.cpp(10) : use of precompiled header
  lrandom.cpp
c:\users\hp\documents\hl2sb-src\src\public\vstdlib\lrandom.cpp(9): error C2220: warning treated as error - no 'object' file generated
c:\users\hp\documents\hl2sb-src\src\public\vstdlib\lrandom.cpp(9): warning C4603: 'lrandom_cpp' : macro is not defined or definition is different after precompiled header use
          Add macro to precompiled header instead of defining here
          c:\users\hp\documents\hl2sb-src\src\public\vstdlib\lrandom.cpp(11) : use of precompiled header
  lshareddefs.cpp
  lsrcinit.cpp
c:\users\hp\documents\hl2sb-src\src\game\shared\lshareddefs.cpp(8): error C2220: warning treated as error - no 'object' file generated
c:\users\hp\documents\hl2sb-src\src\game\shared\lshareddefs.cpp(8): warning C4603: 'lshareddefs_cpp' : macro is not defined or definition is different after precompiled header use
          Add macro to precompiled header instead of defining here
          c:\users\hp\documents\hl2sb-src\src\game\shared\lshareddefs.cpp(10) : use of precompiled header
c:\users\hp\documents\hl2sb-src\src\game\shared\lsrcinit.cpp(9): error C2220: warning treated as error - no 'object' file generated
c:\users\hp\documents\hl2sb-src\src\game\shared\lsrcinit.cpp(9): warning C4603: 'lsrcinit_cpp' : macro is not defined or definition is different after precompiled header use
          Add macro to precompiled header instead of defining here
          c:\users\hp\documents\hl2sb-src\src\game\shared\lsrcinit.cpp(11) : use of precompiled header
  lsteam_api.cpp
  ltakedamageinfo.cpp
  luacachefile.cpp
c:\users\hp\documents\hl2sb-src\src\public\steam\lsteam_api.cpp(7): error C2220: warning treated as error - no 'object' file generated
c:\users\hp\documents\hl2sb-src\src\public\steam\lsteam_api.cpp(7): warning C4603: 'lsteam_api_cpp' : macro is not defined or definition is different after precompiled header use
          Add macro to precompiled header instead of defining here
          c:\users\hp\documents\hl2sb-src\src\public\steam\lsteam_api.cpp(9) : use of precompiled header
  luamanager.cpp
  lutil_shared.cpp
c:\users\hp\documents\hl2sb-src\src\game\shared\lutil_shared.cpp(7): error C2220: warning treated as error - no 'object' file generated
c:\users\hp\documents\hl2sb-src\src\game\shared\lutil_shared.cpp(7): warning C4603: 'lutil_shared_cpp' : macro is not defined or definition is different after precompiled header use
          Add macro to precompiled header instead of defining here
          c:\users\hp\documents\hl2sb-src\src\game\shared\lutil_shared.cpp(9) : use of precompiled header
  lvector.cpp
c:\users\hp\documents\hl2sb-src\src\public\mathlib\lvector.cpp(9): error C2220: warning treated as error - no 'object' file generated
c:\users\hp\documents\hl2sb-src\src\public\mathlib\lvector.cpp(9): warning C4603: 'lvector_cpp' : macro is not defined or definition is different after precompiled header use
          Add macro to precompiled header instead of defining here
          c:\users\hp\documents\hl2sb-src\src\public\mathlib\lvector.cpp(11) : use of precompiled header
  LVGUI.cpp
c:\users\hp\documents\hl2sb-src\src\public\vgui\lvgui.cpp(8): error C2220: warning treated as error - no 'object' file generated
c:\users\hp\documents\hl2sb-src\src\public\vgui\lvgui.cpp(8): warning C4603: 'lvgui_cpp' : macro is not defined or definition is different after precompiled header use
          Add macro to precompiled header instead of defining here
          c:\users\hp\documents\hl2sb-src\src\public\vgui\lvgui.cpp(10) : use of precompiled header
  lvgui_controls.cpp
c:\users\hp\documents\hl2sb-src\src\public\vgui_controls\lvgui_controls.cpp(6): error C2220: warning treated as error - no 'object' file generated
c:\users\hp\documents\hl2sb-src\src\public\vgui_controls\lvgui_controls.cpp(6): warning C4603: 'lvgui_controls_cpp' : macro is not defined or definition is different after precompiled header use
          Add macro to precompiled header instead of defining here
          c:\users\hp\documents\hl2sb-src\src\public\vgui_controls\lvgui_controls.cpp(8) : use of precompiled header
  lvmatrix.cpp
  lvphysics_interface.cpp
c:\users\hp\documents\hl2sb-src\src\public\mathlib\lvmatrix.cpp(26): error C2220: warning treated as error - no 'object' file generated
c:\users\hp\documents\hl2sb-src\src\public\mathlib\lvmatrix.cpp(26): warning C4603: 'lvmatrix_cpp' : macro is not defined or definition is different after precompiled header use
          Add macro to precompiled header instead of defining here
          c:\users\hp\documents\hl2sb-src\src\public\mathlib\lvmatrix.cpp(28) : use of precompiled header
c:\users\hp\documents\hl2sb-src\src\public\lvphysics_interface.cpp(8): error C2220: warning treated as error - no 'object' file generated
c:\users\hp\documents\hl2sb-src\src\public\lvphysics_interface.cpp(8): warning C4603: 'lvphysics_interface_cpp' : macro is not defined or definition is different after precompiled header use
          Add macro to precompiled header instead of defining here
          c:\users\hp\documents\hl2sb-src\src\public\lvphysics_interface.cpp(10) : use of precompiled header
  XUnzip.cpp
  zip_utils.cpp
c:\users\hp\documents\hl2sb-src\src\public\xunzip.cpp(100): error C2220: warning treated as error - no 'object' file generated
c:\users\hp\documents\hl2sb-src\src\public\xunzip.cpp(100): warning C4627: '#include <windows.h>': skipped when looking for precompiled header use
          Add directive to 'cbase.h' or rebuild precompiled header
c:\users\hp\documents\hl2sb-src\src\public\xunzip.cpp(103): warning C4627: '#include <fcntl.h>': skipped when looking for precompiled header use
          Add directive to 'cbase.h' or rebuild precompiled header
c:\users\hp\documents\hl2sb-src\src\public\xunzip.cpp(104): warning C4627: '#include <sys/stat.h>': skipped when looking for precompiled header use
          Add directive to 'cbase.h' or rebuild precompiled header
c:\users\hp\documents\hl2sb-src\src\public\xunzip.cpp(105): warning C4627: '#include <sys/time.h>': skipped when looking for precompiled header use
          Add directive to 'cbase.h' or rebuild precompiled header
c:\users\hp\documents\hl2sb-src\src\public\xunzip.cpp(106): warning C4627: '#include <unistd.h>': skipped when looking for precompiled header use
          Add directive to 'cbase.h' or rebuild precompiled header
c:\users\hp\documents\hl2sb-src\src\public\xunzip.cpp(108): warning C4627: '#include <time.h>': skipped when looking for precompiled header use
          Add directive to 'cbase.h' or rebuild precompiled header
  in_sixense.cpp
c:\users\hp\documents\hl2sb-src\src\public\xunzip.cpp(112): warning C4627: '#include "zip/XUnzip.h"': skipped when looking for precompiled header use
          Add directive to 'cbase.h' or rebuild precompiled header
  in_sixense_gesture_bindings.cpp
c:\users\hp\documents\hl2sb-src\src\public\xunzip.cpp(95): warning C4603: 'DWORD' : macro is not defined or definition is different after precompiled header use
          Add macro to precompiled header instead of defining here
          c:\users\hp\documents\hl2sb-src\src\public\xunzip.cpp(113) : use of precompiled header
c:\users\hp\documents\hl2sb-src\src\public\xunzip.cpp(98): warning C4603: 'STRICT' : macro is not defined or definition is different after precompiled header use
          Add macro to precompiled header instead of defining here
          c:\users\hp\documents\hl2sb-src\src\public\xunzip.cpp(113) : use of precompiled header
c:\users\hp\documents\hl2sb-src\src\public\xunzip.cpp(99): warning C4603: 'WIN32_LEAN_AND_MEAN' : macro is not defined or definition is different after precompiled header use
          Add macro to precompiled header instead of defining here
          c:\users\hp\documents\hl2sb-src\src\public\xunzip.cpp(113) : use of precompiled header
  sixense_convars.cpp
c:\users\hp\documents\hl2sb-src\src\public\zip_utils.cpp(13): error C2220: warning treated as error - no 'object' file generated
c:\users\hp\documents\hl2sb-src\src\public\zip_utils.cpp(13): warning C4627: '#include <windows.h>': skipped when looking for precompiled header use
          Add directive to 'cbase.h' or rebuild precompiled header
c:\users\hp\documents\hl2sb-src\src\public\zip_utils.cpp(19): warning C4627: '#include "utlbuffer.h"': skipped when looking for precompiled header use
          Add directive to 'cbase.h' or rebuild precompiled header
c:\users\hp\documents\hl2sb-src\src\public\zip_utils.cpp(21): warning C4627: '#include "zip_utils.h"': skipped when looking for precompiled header use
          Add directive to 'cbase.h' or rebuild precompiled header
c:\users\hp\documents\hl2sb-src\src\public\zip_utils.cpp(24): warning C4627: '#include "byteswap.h"': skipped when looking for precompiled header use
          Add directive to 'cbase.h' or rebuild precompiled header
c:\users\hp\documents\hl2sb-src\src\public\zip_utils.cpp(25): warning C4627: '#include "utlstring.h"': skipped when looking for precompiled header use
          Add directive to 'cbase.h' or rebuild precompiled header
c:\users\hp\documents\hl2sb-src\src\public\zip_utils.cpp(15): warning C4603: 'INVALID_HANDLE_VALUE' : macro is not defined or definition is different after precompiled header use
          Add macro to precompiled header instead of defining here
          c:\users\hp\documents\hl2sb-src\src\public\zip_utils.cpp(26) : use of precompiled header
c:\users\hp\documents\hl2sb-src\src\public\zip_utils.cpp(16): warning C4603: 'FILE_BEGIN' : macro is not defined or definition is different after precompiled header use
          Add macro to precompiled header instead of defining here
          c:\users\hp\documents\hl2sb-src\src\public\zip_utils.cpp(26) : use of precompiled header
c:\users\hp\documents\hl2sb-src\src\public\zip_utils.cpp(17): warning C4603: 'FILE_END' : macro is not defined or definition is different after precompiled header use
          Add macro to precompiled header instead of defining here
          c:\users\hp\documents\hl2sb-src\src\public\zip_utils.cpp(26) : use of precompiled header
c:\users\hp\documents\hl2sb-src\src\public\xunzip.cpp(2767): error C2061: syntax error : identifier 'ZRESULT'
c:\users\hp\documents\hl2sb-src\src\public\xunzip.cpp(2769): error C2065: 'ZIP_HANDLE' : undeclared identifier
c:\users\hp\documents\hl2sb-src\src\public\xunzip.cpp(2769): error C2065: 'ZIP_FILENAME' : undeclared identifier
c:\users\hp\documents\hl2sb-src\src\public\xunzip.cpp(2769): error C2065: 'ZIP_MEMORY' : undeclared identifier
c:\users\hp\documents\hl2sb-src\src\public\zip_utils.cpp(122): error C2065: 'SYSTEMTIME' : undeclared identifier
c:\users\hp\documents\hl2sb-src\src\public\xunzip.cpp(2771): error C2065: 'err' : undeclared identifier
c:\users\hp\documents\hl2sb-src\src\public\zip_utils.cpp(122): error C2146: syntax error : missing ';' before identifier 'sysTime'
c:\users\hp\documents\hl2sb-src\src\public\xunzip.cpp(2771): error C2065: 'ZR_ARGS' : undeclared identifier
c:\users\hp\documents\hl2sb-src\src\public\zip_utils.cpp(122): error C2065: 'sysTime' : undeclared identifier
c:\users\hp\documents\hl2sb-src\src\public\xunzip.cpp(2775): error C2065: 'err' : undeclared identifier
c:\users\hp\documents\hl2sb-src\src\public\xunzip.cpp(2775): error C2065: 'ZR_OK' : undeclared identifier
c:\users\hp\documents\hl2sb-src\src\public\zip_utils.cpp(122): error C3861: 'GetLocalTime': identifier not found
c:\users\hp\documents\hl2sb-src\src\public\xunzip.cpp(2776): error C2065: 'ZIP_HANDLE' : undeclared identifier
c:\users\hp\documents\hl2sb-src\src\public\zip_utils.cpp(124): error C2065: 'sysTime' : undeclared identifier
c:\users\hp\documents\hl2sb-src\src\public\xunzip.cpp(2776): error C2065: 'ZIP_FILENAME' : undeclared identifier
c:\users\hp\documents\hl2sb-src\src\public\zip_utils.cpp(124): error C2228: left of '.wDay' must have class/struct/union
          type is 'unknown-type'
c:\users\hp\documents\hl2sb-src\src\public\xunzip.cpp(2778): error C2065: 'ZIP_HANDLE' : undeclared identifier
c:\users\hp\documents\hl2sb-src\src\public\xunzip.cpp(2783): error C2065: 'DUPLICATE_SAME_ACCESS' : undeclared identifier
c:\users\hp\documents\hl2sb-src\src\public\zip_utils.cpp(124): error C2228: left of '.wHour' must have class/struct/union
          type is 'unknown-type'
c:\users\hp\documents\hl2sb-src\src\public\xunzip.cpp(2783): warning C4805: '==' : unsafe mix of type 'unknown-type' and type 'bool' in operation
c:\users\hp\documents\hl2sb-src\src\public\xunzip.cpp(2783): error C3861: 'DuplicateHandle': identifier not found
c:\users\hp\documents\hl2sb-src\src\public\zip_utils.cpp(124): error C2228: left of '.wMinute' must have class/struct/union
          type is 'unknown-type'
c:\users\hp\documents\hl2sb-src\src\public\xunzip.cpp(2783): error C3861: 'GetCurrentProcess': identifier not found
c:\users\hp\documents\hl2sb-src\src\public\zip_utils.cpp(124): error C2228: left of '.wSecond' must have class/struct/union
          type is 'unknown-type'
c:\users\hp\documents\hl2sb-src\src\public\xunzip.cpp(2790): error C2065: 'err' : undeclared identifier
c:\users\hp\documents\hl2sb-src\src\public\xunzip.cpp(2790): error C2065: 'ZR_NODUPH' : undeclared identifier
c:\users\hp\documents\hl2sb-src\src\public\zip_utils.cpp(124): error C2228: left of '.wMilliseconds' must have class/struct/union
          type is 'unknown-type'
c:\users\hp\documents\hl2sb-src\src\public\xunzip.cpp(2797): error C2065: 'GENERIC_READ' : undeclared identifier
c:\users\hp\documents\hl2sb-src\src\public\zip_utils.cpp(129): error C2065: 'GENERIC_READ' : undeclared identifier
c:\users\hp\documents\hl2sb-src\src\public\xunzip.cpp(2797): error C2065: 'FILE_SHARE_READ' : undeclared identifier
c:\users\hp\documents\hl2sb-src\src\public\zip_utils.cpp(129): error C2065: 'GENERIC_WRITE' : undeclared identifier
c:\users\hp\documents\hl2sb-src\src\public\xunzip.cpp(2798): error C2065: 'OPEN_EXISTING' : undeclared identifier
c:\users\hp\documents\hl2sb-src\src\public\zip_utils.cpp(129): error C2065: 'CREATE_ALWAYS' : undeclared identifier
c:\users\hp\documents\hl2sb-src\src\public\xunzip.cpp(2798): error C2065: 'FILE_ATTRIBUTE_NORMAL' : undeclared identifier
c:\users\hp\documents\hl2sb-src\src\public\zip_utils.cpp(129): error C2065: 'FILE_ATTRIBUTE_NORMAL' : undeclared identifier
c:\users\hp\documents\hl2sb-src\src\public\xunzip.cpp(2797): error C3861: 'CreateFile': identifier not found
c:\users\hp\documents\hl2sb-src\src\public\zip_utils.cpp(129): error C3861: 'CreateFile': identifier not found
c:\users\hp\documents\hl2sb-src\src\public\xunzip.cpp(2804): error C2065: 'err' : undeclared identifier
c:\users\hp\documents\hl2sb-src\src\public\zip_utils.cpp(136): error C2065: 'LARGE_INTEGER' : undeclared identifier
c:\users\hp\documents\hl2sb-src\src\public\xunzip.cpp(2804): error C2065: 'ZR_NOFILE' : undeclared identifier
c:\users\hp\documents\hl2sb-src\src\public\zip_utils.cpp(136): error C2146: syntax error : missing ';' before identifier 'li'
c:\users\hp\documents\hl2sb-src\src\public\xunzip.cpp(2809): error C3861: 'GetFileType': identifier not found
c:\users\hp\documents\hl2sb-src\src\public\zip_utils.cpp(136): error C2065: 'li' : undeclared identifier
c:\users\hp\documents\hl2sb-src\src\public\xunzip.cpp(2810): error C2065: 'FILE_TYPE_DISK' : undeclared identifier
c:\users\hp\documents\hl2sb-src\src\public\zip_utils.cpp(138): error C2065: 'li' : undeclared identifier
c:\users\hp\documents\hl2sb-src\src\public\xunzip.cpp(2818): error C2065: 'ZIP_HANDLE' : undeclared identifier
c:\users\hp\documents\hl2sb-src\src\public\zip_utils.cpp(138): error C2228: left of '.QuadPart' must have class/struct/union
          type is 'unknown-type'
c:\users\hp\documents\hl2sb-src\src\public\xunzip.cpp(2818): error C2065: 'ZIP_FILENAME' : undeclared identifier
c:\users\hp\documents\hl2sb-src\src\public\zip_utils.cpp(139): error C2065: 'li' : undeclared identifier
c:\users\hp\documents\hl2sb-src\src\public\xunzip.cpp(2826): error C2065: 'FILE_CURRENT' : undeclared identifier
c:\users\hp\documents\hl2sb-src\src\public\zip_utils.cpp(139): error C2228: left of '.LowPart' must have class/struct/union
          type is 'unknown-type'
c:\users\hp\documents\hl2sb-src\src\public\xunzip.cpp(2826): error C3861: 'SetFilePointer': identifier not found
c:\users\hp\documents\hl2sb-src\src\public\xunzip.cpp(2838): error C2065: 'err' : undeclared identifier
c:\users\hp\documents\hl2sb-src\src\public\xunzip.cpp(2838): error C2065: 'ZR_OK' : undeclared identifier
c:\users\hp\documents\hl2sb-src\src\public\xunzip.cpp(2845): error C3861: 'CloseHandle': identifier not found
c:\users\hp\documents\hl2sb-src\src\public\zip_utils.cpp(139): error C2228: left of '.HighPart' must have class/struct/union
          type is 'unknown-type'
c:\users\hp\documents\hl2sb-src\src\public\xunzip.cpp(2856): error C2065: 'FILE_CURRENT' : undeclared identifier
c:\users\hp\documents\hl2sb-src\src\public\zip_utils.cpp(139): error C3861: 'SetFilePointer': identifier not found
c:\users\hp\documents\hl2sb-src\src\public\xunzip.cpp(2856): error C3861: 'SetFilePointer': identifier not found
c:\users\hp\documents\hl2sb-src\src\public\zip_utils.cpp(140): error C2065: 'li' : undeclared identifier
c:\users\hp\documents\hl2sb-src\src\public\xunzip.cpp(2863): error C2065: 'FILE_BEGIN' : undeclared identifier
c:\users\hp\documents\hl2sb-src\src\public\zip_utils.cpp(140): error C2228: left of '.LowPart' must have class/struct/union
          type is 'unknown-type'
c:\users\hp\documents\hl2sb-src\src\public\xunzip.cpp(2863): error C3861: 'SetFilePointer': identifier not found
c:\users\hp\documents\hl2sb-src\src\public\zip_utils.cpp(140): error C2065: 'INVALID_SET_FILE_POINTER' : undeclared identifier
c:\users\hp\documents\hl2sb-src\src\public\xunzip.cpp(2864): error C2065: 'FILE_CURRENT' : undeclared identifier
c:\users\hp\documents\hl2sb-src\src\public\zip_utils.cpp(140): error C2065: 'NO_ERROR' : undeclared identifier
c:\users\hp\documents\hl2sb-src\src\public\xunzip.cpp(2864): error C3861: 'SetFilePointer': identifier not found
c:\users\hp\documents\hl2sb-src\src\public\zip_utils.cpp(140): error C3861: 'GetLastError': identifier not found
c:\users\hp\documents\hl2sb-src\src\public\xunzip.cpp(2865): error C2065: 'FILE_END' : undeclared identifier
c:\users\hp\documents\hl2sb-src\src\public\zip_utils.cpp(142): error C2065: 'li' : undeclared identifier
c:\users\hp\documents\hl2sb-src\src\public\xunzip.cpp(2865): error C3861: 'SetFilePointer': identifier not found
c:\users\hp\documents\hl2sb-src\src\public\zip_utils.cpp(142): error C2228: left of '.QuadPart' must have class/struct/union
          type is 'unknown-type'
c:\users\hp\documents\hl2sb-src\src\public\xunzip.cpp(2882): error C3861: 'ReadFile': identifier not found
c:\users\hp\documents\hl2sb-src\src\public\zip_utils.cpp(145): error C2065: 'li' : undeclared identifier
c:\users\hp\documents\hl2sb-src\src\public\zip_utils.cpp(145): error C2228: left of '.QuadPart' must have class/struct/union
          type is 'unknown-type'
c:\users\hp\documents\hl2sb-src\src\public\zip_utils.cpp(150): error C2065: 'FILE_CURRENT' : undeclared identifier
c:\users\hp\documents\hl2sb-src\src\public\zip_utils.cpp(156): error C2039: 'ReadFile' : is not a member of '`global namespace''
c:\users\hp\documents\hl2sb-src\src\public\zip_utils.cpp(156): error C3861: 'ReadFile': identifier not found
c:\users\hp\documents\hl2sb-src\src\public\zip_utils.cpp(163): error C3861: 'WriteFile': identifier not found
c:\users\hp\documents\hl2sb-src\src\public\zip_utils.cpp(285): error C3861: 'WriteFile': identifier not found
c:\users\hp\documents\hl2sb-src\src\public\xunzip.cpp(3896): error C2146: syntax error : missing ';' before identifier 'timet2filetime'
c:\users\hp\documents\hl2sb-src\src\public\xunzip.cpp(3896): error C4430: missing type specifier - int assumed. Note: C++ does not support default-int
c:\users\hp\documents\hl2sb-src\src\public\xunzip.cpp(3897): error C4430: missing type specifier - int assumed. Note: C++ does not support default-int
c:\users\hp\documents\hl2sb-src\src\public\xunzip.cpp(3897): error C3861: 'gmtime': identifier not found
c:\users\hp\documents\hl2sb-src\src\public\xunzip.cpp(3898): error C2065: 'SYSTEMTIME' : undeclared identifier
c:\users\hp\documents\hl2sb-src\src\public\xunzip.cpp(3898): error C2146: syntax error : missing ';' before identifier 'st'
c:\users\hp\documents\hl2sb-src\src\public\xunzip.cpp(3898): error C2065: 'st' : undeclared identifier
c:\users\hp\documents\hl2sb-src\src\public\zip_utils.cpp(530): error C3861: 'CloseHandle': identifier not found
c:\users\hp\documents\hl2sb-src\src\public\xunzip.cpp(3899): error C2065: 'st' : undeclared identifier
c:\users\hp\documents\hl2sb-src\src\public\zip_utils.cpp(531): error C3861: 'DeleteFile': identifier not found
c:\users\hp\documents\hl2sb-src\src\public\xunzip.cpp(3899): error C2228: left of '.wYear' must have class/struct/union
          type is 'unknown-type'
c:\users\hp\documents\hl2sb-src\src\public\xunzip.cpp(3899): error C2027: use of undefined type 'tm'
          c:\users\hp\documents\hl2sb-src\src\public\tier0\platform.h(1100) : see declaration of 'tm'
c:\users\hp\documents\hl2sb-src\src\public\xunzip.cpp(3899): error C2227: left of '->tm_year' must point to class/struct/union/generic type
c:\users\hp\documents\hl2sb-src\src\public\xunzip.cpp(3900): error C2065: 'st' : undeclared identifier
c:\users\hp\documents\hl2sb-src\src\public\xunzip.cpp(3900): error C2228: left of '.wMonth' must have class/struct/union
          type is 'unknown-type'
c:\users\hp\documents\hl2sb-src\src\public\xunzip.cpp(3900): error C2027: use of undefined type 'tm'
          c:\users\hp\documents\hl2sb-src\src\public\tier0\platform.h(1100) : see declaration of 'tm'
c:\users\hp\documents\hl2sb-src\src\public\xunzip.cpp(3900): error C2227: left of '->tm_mon' must point to class/struct/union/generic type
c:\users\hp\documents\hl2sb-src\src\public\xunzip.cpp(3901): error C2065: 'st' : undeclared identifier
c:\users\hp\documents\hl2sb-src\src\public\xunzip.cpp(3901): error C2228: left of '.wDay' must have class/struct/union
          type is 'unknown-type'
c:\users\hp\documents\hl2sb-src\src\public\xunzip.cpp(3901): error C2027: use of undefined type 'tm'
          c:\users\hp\documents\hl2sb-src\src\public\tier0\platform.h(1100) : see declaration of 'tm'
c:\users\hp\documents\hl2sb-src\src\public\xunzip.cpp(3901): error C2227: left of '->tm_mday' must point to class/struct/union/generic type
c:\users\hp\documents\hl2sb-src\src\public\xunzip.cpp(3902): error C2065: 'st' : undeclared identifier
c:\users\hp\documents\hl2sb-src\src\public\xunzip.cpp(3902): error C2228: left of '.wHour' must have class/struct/union
          type is 'unknown-type'
c:\users\hp\documents\hl2sb-src\src\public\xunzip.cpp(3902): error C2027: use of undefined type 'tm'
          c:\users\hp\documents\hl2sb-src\src\public\tier0\platform.h(1100) : see declaration of 'tm'
c:\users\hp\documents\hl2sb-src\src\public\xunzip.cpp(3902): error C2227: left of '->tm_hour' must point to class/struct/union/generic type
c:\users\hp\documents\hl2sb-src\src\public\xunzip.cpp(3903): error C2065: 'st' : undeclared identifier
c:\users\hp\documents\hl2sb-src\src\public\xunzip.cpp(3903): error C2228: left of '.wMinute' must have class/struct/union
          type is 'unknown-type'
c:\users\hp\documents\hl2sb-src\src\public\xunzip.cpp(3903): error C2027: use of undefined type 'tm'
          c:\users\hp\documents\hl2sb-src\src\public\tier0\platform.h(1100) : see declaration of 'tm'
c:\users\hp\documents\hl2sb-src\src\public\xunzip.cpp(3903): error C2227: left of '->tm_min' must point to class/struct/union/generic type
c:\users\hp\documents\hl2sb-src\src\public\zip_utils.cpp(744): error C2065: 'GENERIC_READ' : undeclared identifier
c:\users\hp\documents\hl2sb-src\src\public\xunzip.cpp(3904): error C2065: 'st' : undeclared identifier
c:\users\hp\documents\hl2sb-src\src\public\zip_utils.cpp(744): error C2065: 'GENERIC_WRITE' : undeclared identifier
c:\users\hp\documents\hl2sb-src\src\public\xunzip.cpp(3904): error C2228: left of '.wSecond' must have class/struct/union
          type is 'unknown-type'
c:\users\hp\documents\hl2sb-src\src\public\zip_utils.cpp(744): error C2065: 'OPEN_EXISTING' : undeclared identifier
c:\users\hp\documents\hl2sb-src\src\public\xunzip.cpp(3904): error C2027: use of undefined type 'tm'
          c:\users\hp\documents\hl2sb-src\src\public\tier0\platform.h(1100) : see declaration of 'tm'
c:\users\hp\documents\hl2sb-src\src\public\zip_utils.cpp(744): error C2065: 'FILE_ATTRIBUTE_NORMAL' : undeclared identifier
c:\users\hp\documents\hl2sb-src\src\public\xunzip.cpp(3904): error C2227: left of '->tm_sec' must point to class/struct/union/generic type
c:\users\hp\documents\hl2sb-src\src\public\zip_utils.cpp(744): error C3861: 'CreateFile': identifier not found
c:\users\hp\documents\hl2sb-src\src\public\xunzip.cpp(3905): error C2065: 'st' : undeclared identifier
c:\users\hp\documents\hl2sb-src\src\public\zip_utils.cpp(759): error C2065: 'FILE_END' : undeclared identifier
c:\users\hp\documents\hl2sb-src\src\public\xunzip.cpp(3905): error C2228: left of '.wMilliseconds' must have class/struct/union
          type is 'unknown-type'
c:\users\hp\documents\hl2sb-src\src\public\zip_utils.cpp(760): error C2065: 'FILE_BEGIN' : undeclared identifier
c:\users\hp\documents\hl2sb-src\src\public\xunzip.cpp(3906): error C2146: syntax error : missing ';' before identifier 'ft'
c:\users\hp\documents\hl2sb-src\src\public\zip_utils.cpp(765): error C3861: 'CloseHandle': identifier not found
c:\users\hp\documents\hl2sb-src\src\public\xunzip.cpp(3906): error C2065: 'ft' : undeclared identifier
c:\users\hp\documents\hl2sb-src\src\public\zip_utils.cpp(780): error C2065: 'FILE_BEGIN' : undeclared identifier
c:\users\hp\documents\hl2sb-src\src\public\xunzip.cpp(3907): error C2065: 'st' : undeclared identifier
c:\users\hp\documents\hl2sb-src\src\public\zip_utils.cpp(813): error C3861: 'CloseHandle': identifier not found
c:\users\hp\documents\hl2sb-src\src\public\xunzip.cpp(3907): error C2065: 'ft' : undeclared identifier
c:\users\hp\documents\hl2sb-src\src\public\zip_utils.cpp(820): error C2065: 'FILE_BEGIN' : undeclared identifier
c:\users\hp\documents\hl2sb-src\src\public\xunzip.cpp(3907): error C3861: 'SystemTimeToFileTime': identifier not found
c:\users\hp\documents\hl2sb-src\src\public\xunzip.cpp(3908): error C2065: 'ft' : undeclared identifier
c:\users\hp\documents\hl2sb-src\src\public\xunzip.cpp(3919): error C2146: syntax error : missing ';' before identifier 'cze'
c:\users\hp\documents\hl2sb-src\src\public\zip_utils.cpp(838): error C3861: 'CloseHandle': identifier not found
c:\users\hp\documents\hl2sb-src\src\public\xunzip.cpp(3919): error C4430: missing type specifier - int assumed. Note: C++ does not support default-int
c:\users\hp\documents\hl2sb-src\src\public\xunzip.cpp(3922): error C2146: syntax error : missing ';' before identifier 'Open'
c:\users\hp\documents\hl2sb-src\src\public\xunzip.cpp(3922): error C4430: missing type specifier - int assumed. Note: C++ does not support default-int
c:\users\hp\documents\hl2sb-src\src\public\xunzip.cpp(3922): warning C4183: 'Open': missing return type; assumed to be a member function returning 'int'
c:\users\hp\documents\hl2sb-src\src\public\xunzip.cpp(3923): error C2146: syntax error : missing ';' before identifier 'Get'
c:\users\hp\documents\hl2sb-src\src\public\xunzip.cpp(3923): error C4430: missing type specifier - int assumed. Note: C++ does not support default-int
c:\users\hp\documents\hl2sb-src\src\public\xunzip.cpp(3923): error C2061: syntax error : identifier 'ZIPENTRY'
c:\users\hp\documents\hl2sb-src\src\public\zip_utils.cpp(1103): error C2065: 'FILE_BEGIN' : undeclared identifier
c:\users\hp\documents\hl2sb-src\src\public\xunzip.cpp(3923): warning C4183: 'Get': missing return type; assumed to be a member function returning 'int'
c:\users\hp\documents\hl2sb-src\src\public\xunzip.cpp(3924): error C2146: syntax error : missing ';' before identifier 'Find'
c:\users\hp\documents\hl2sb-src\src\public\xunzip.cpp(3924): error C4430: missing type specifier - int assumed. Note: C++ does not support default-int
c:\users\hp\documents\hl2sb-src\src\public\xunzip.cpp(3924): error C2061: syntax error : identifier 'ZIPENTRY'
c:\users\hp\documents\hl2sb-src\src\public\zip_utils.cpp(1375): error C3861: 'FlushFileBuffers': identifier not found
c:\users\hp\documents\hl2sb-src\src\public\xunzip.cpp(3924): warning C4183: 'Find': missing return type; assumed to be a member function returning 'int'
c:\users\hp\documents\hl2sb-src\src\public\zip_utils.cpp(1396): error C2065: 'FILE_BEGIN' : undeclared identifier
c:\users\hp\documents\hl2sb-src\src\public\xunzip.cpp(3925): error C2146: syntax error : missing ';' before identifier 'Unzip'
c:\users\hp\documents\hl2sb-src\src\public\xunzip.cpp(3925): error C4430: missing type specifier - int assumed. Note: C++ does not support default-int
c:\users\hp\documents\hl2sb-src\src\public\zip_utils.cpp(1442): error C2065: 'FILE_END' : undeclared identifier
c:\users\hp\documents\hl2sb-src\src\public\xunzip.cpp(3925): warning C4183: 'Unzip': missing return type; assumed to be a member function returning 'int'
c:\users\hp\documents\hl2sb-src\src\public\xunzip.cpp(3926): error C2146: syntax error : missing ';' before identifier 'Close'
c:\users\hp\documents\hl2sb-src\src\public\xunzip.cpp(3926): error C4430: missing type specifier - int assumed. Note: C++ does not support default-int
c:\users\hp\documents\hl2sb-src\src\public\xunzip.cpp(3926): warning C4183: 'Close': missing return type; assumed to be a member function returning 'int'
c:\users\hp\documents\hl2sb-src\src\public\xunzip.cpp(3930): error C2143: syntax error : missing ';' before 'TUnzip::Open'
c:\users\hp\documents\hl2sb-src\src\public\zip_utils.cpp(1544): error C2504: 'IZip' : base class undefined
c:\users\hp\documents\hl2sb-src\src\public\xunzip.cpp(3930): error C4430: missing type specifier - int assumed. Note: C++ does not support default-int
c:\users\hp\documents\hl2sb-src\src\public\xunzip.cpp(3931): error C4430: missing type specifier - int assumed. Note: C++ does not support default-int
c:\users\hp\documents\hl2sb-src\src\public\xunzip.cpp(3933): error C2065: 'ZR_NOTINITED' : undeclared identifier
c:\users\hp\documents\hl2sb-src\src\public\xunzip.cpp(3935): error C3861: 'GetCurrentDirectory': identifier not found
c:\users\hp\documents\hl2sb-src\src\public\xunzip.cpp(3937): error C2065: 'ZIP_HANDLE' : undeclared identifier
c:\users\hp\documents\hl2sb-src\src\public\xunzip.cpp(3939): error C3861: 'GetFileType': identifier not found
c:\users\hp\documents\hl2sb-src\src\public\xunzip.cpp(3940): error C2065: 'FILE_TYPE_DISK' : undeclared identifier
c:\users\hp\documents\hl2sb-src\src\public\zip_utils.cpp(1606): error C2143: syntax error : missing ';' before '*'
c:\users\hp\documents\hl2sb-src\src\public\xunzip.cpp(3941): error C2065: 'ZR_SEEK' : undeclared identifier
c:\users\hp\documents\hl2sb-src\src\public\zip_utils.cpp(1606): error C4430: missing type specifier - int assumed. Note: C++ does not support default-int
c:\users\hp\documents\hl2sb-src\src\public\xunzip.cpp(3944): error C2146: syntax error : missing ';' before identifier 'e'
c:\users\hp\documents\hl2sb-src\src\public\zip_utils.cpp(1606): error C2825: 'IZip': must be a class or namespace when followed by '::'
c:\users\hp\documents\hl2sb-src\src\public\xunzip.cpp(3944): error C2065: 'e' : undeclared identifier
c:\users\hp\documents\hl2sb-src\src\public\zip_utils.cpp(1606): error C2039: 'CreateZip' : is not a member of '`global namespace''
c:\users\hp\documents\hl2sb-src\src\public\xunzip.cpp(3945): error C2065: 'e' : undeclared identifier
c:\users\hp\documents\hl2sb-src\src\public\zip_utils.cpp(1606): error C2146: syntax error : missing ';' before identifier 'CreateZip'
c:\users\hp\documents\hl2sb-src\src\public\xunzip.cpp(3947): error C2065: 'e' : undeclared identifier
c:\users\hp\documents\hl2sb-src\src\public\xunzip.cpp(3949): error C2065: 'ZR_OK' : undeclared identifier
c:\users\hp\documents\hl2sb-src\src\public\zip_utils.cpp(1606): error C2040: 'IZip' : 'int *' differs in levels of indirection from 'int'
c:\users\hp\documents\hl2sb-src\src\public\xunzip.cpp(3949): error C2065: 'ZR_CORRUPT' : undeclared identifier
c:\users\hp\documents\hl2sb-src\src\public\zip_utils.cpp(1607): error C4430: missing type specifier - int assumed. Note: C++ does not support default-int
c:\users\hp\documents\hl2sb-src\src\public\xunzip.cpp(3952): error C2143: syntax error : missing ';' before 'TUnzip::Get'
c:\users\hp\documents\hl2sb-src\src\public\zip_utils.cpp(1611): error C2440: 'return' : cannot convert from 'CZip *' to 'int'
          There is no context in which this conversion is possible
c:\users\hp\documents\hl2sb-src\src\public\xunzip.cpp(3952): error C4430: missing type specifier - int assumed. Note: C++ does not support default-int
c:\users\hp\documents\hl2sb-src\src\public\zip_utils.cpp(1612): error C2617: 'CreateZip' : inconsistent return statement
          c:\users\hp\documents\hl2sb-src\src\public\zip_utils.cpp(1606) : see declaration of 'CreateZip'
c:\users\hp\documents\hl2sb-src\src\public\xunzip.cpp(3952): error C2086: 'int ZRESULT' : redefinition
          c:\users\hp\documents\hl2sb-src\src\public\xunzip.cpp(3930) : see declaration of 'ZRESULT'
c:\users\hp\documents\hl2sb-src\src\public\zip_utils.cpp(1614): error C2825: 'IZip': must be a class or namespace when followed by '::'
c:\users\hp\documents\hl2sb-src\src\public\xunzip.cpp(3952): fatal error C1003: error count exceeds 100; stopping compilation
c:\users\hp\documents\hl2sb-src\src\public\zip_utils.cpp(1614): error C2039: 'ReleaseZip' : is not a member of '`global namespace''
c:\users\hp\documents\hl2sb-src\src\public\zip_utils.cpp(1614): error C2146: syntax error : missing ';' before identifier 'ReleaseZip'
c:\users\hp\documents\hl2sb-src\src\public\zip_utils.cpp(1614): error C2182: 'IZip' : illegal use of type 'void'
c:\users\hp\documents\hl2sb-src\src\public\zip_utils.cpp(1614): error C2086: 'int IZip' : redefinition
          c:\users\hp\documents\hl2sb-src\src\public\zip_utils.cpp(1606) : see declaration of 'IZip'
c:\users\hp\documents\hl2sb-src\src\public\zip_utils.cpp(1614): error C2065: 'pZip' : undeclared identifier
c:\users\hp\documents\hl2sb-src\src\public\zip_utils.cpp(1615): error C2448: 'ReleaseZip' : function-style initializer appears to be a function definition
  c_basetempentity.cpp
  c_effects.cpp
  c_impact_effects.cpp
  c_movie_explosion.cpp
  c_particle_fire.cpp
  c_particle_smokegrenade.cpp
  c_prop_vehicle.cpp
  c_recipientfilter.cpp
  c_smoke_trail.cpp
  c_smokestack.cpp
  c_steamjet.cpp
  c_stickybolt.cpp
  c_te.cpp
  c_te_armorricochet.cpp
  c_te_basebeam.cpp
  c_te_beamentpoint.cpp
  c_te_beaments.cpp
  c_te_beamfollow.cpp
  c_te_beamlaser.cpp
  c_te_beampoints.cpp
  c_te_beamring.cpp
  c_te_beamringpoint.cpp
  c_te_beamspline.cpp
  c_te_bloodsprite.cpp
  c_te_bloodstream.cpp
  c_te_breakmodel.cpp
  c_te_bspdecal.cpp
  c_te_bubbles.cpp
  c_te_bubbletrail.cpp
  c_te_clientprojectile.cpp
  c_te_decal.cpp
  c_te_dynamiclight.cpp
  c_te_effect_dispatch.cpp
  c_te_energysplash.cpp
  c_te_explosion.cpp
  c_te_fizz.cpp
  c_te_footprint.cpp
  c_te_glassshatter.cpp
  c_te_glowsprite.cpp
  c_te_impact.cpp
  c_te_killplayerattachments.cpp
  c_te_largefunnel.cpp
  c_te_legacytempents.cpp
  c_te_muzzleflash.cpp
  c_te_particlesystem.cpp
  c_te_physicsprop.cpp
  c_te_playerdecal.cpp
  c_te_projecteddecal.cpp
  c_te_showline.cpp
  c_te_smoke.cpp
  c_te_sparks.cpp
  c_te_sprite.cpp
  c_te_spritespray.cpp
  c_te_worlddecal.cpp
  c_testtraceline.cpp
  c_tracer.cpp
  fx.cpp
  fx_discreetline.cpp
  fx_envelope.cpp
  fx_line.cpp
  fx_sparks.cpp
  particlesphererenderer.cpp
  smoke_fog_overlay.cpp
  bonelist.cpp
  entity_client_tools.cpp
  toolframework_client.cpp
