c:\users\hp\documents\hl2sb-src\src\game\server\debug_mod_hl2mp\server.pch
c:\users\hp\documents\hl2sb-src\src\game\server\debug_mod_hl2mp\vc120.pdb
c:\users\hp\documents\hl2sb-src\src\game\server\debug_mod_hl2mp\vc120.idb
c:\users\hp\documents\hl2sb-src\src\game\server\debug_mod_hl2mp\stdafx.obj
c:\users\hp\documents\hl2sb-src\src\game\server\debug_mod_hl2mp\ai_activity.obj
c:\users\hp\documents\hl2sb-src\src\game\server\debug_mod_hl2mp\ai_basenpc_movement.obj
c:\users\hp\documents\hl2sb-src\src\game\server\debug_mod_hl2mp\ai_behavior_fear.obj
c:\users\hp\documents\hl2sb-src\src\game\server\debug_mod_hl2mp\ai_concommands.obj
c:\users\hp\documents\hl2sb-src\src\game\server\debug_mod_hl2mp\ai_hull.obj
c:\users\hp\documents\hl2sb-src\src\game\server\debug_mod_hl2mp\ai_initutils.obj
c:\users\hp\documents\hl2sb-src\src\game\server\debug_mod_hl2mp\ai_navigator.obj
c:\users\hp\documents\hl2sb-src\src\game\server\debug_mod_hl2mp\ai_sentence.obj
c:\users\hp\documents\hl2sb-src\src\game\server\debug_mod_hl2mp\ai_tacticalservices.obj
c:\users\hp\documents\hl2sb-src\src\game\server\debug_mod_hl2mp\baseachievement.obj
c:\users\hp\documents\hl2sb-src\src\game\server\debug_mod_hl2mp\basemultiplayerplayer.obj
c:\users\hp\documents\hl2sb-src\src\game\server\debug_mod_hl2mp\cbase.obj
c:\users\hp\documents\hl2sb-src\src\game\server\debug_mod_hl2mp\controlentities.obj
c:\users\hp\documents\hl2sb-src\src\game\server\debug_mod_hl2mp\decals.obj
c:\users\hp\documents\hl2sb-src\src\game\server\debug_mod_hl2mp\entitylist.obj
c:\users\hp\documents\hl2sb-src\src\game\server\debug_mod_hl2mp\game_ui.obj
c:\users\hp\documents\hl2sb-src\src\game\server\debug_mod_hl2mp\gameweaponmanager.obj
c:\users\hp\documents\hl2sb-src\src\game\server\debug_mod_hl2mp\globalstate.obj
c:\users\hp\documents\hl2sb-src\src\game\server\debug_mod_hl2mp\h_cycler.obj
c:\users\hp\documents\hl2sb-src\src\game\server\debug_mod_hl2mp\modelentities.obj
c:\users\hp\documents\hl2sb-src\src\game\server\debug_mod_hl2mp\movevars_shared.obj
c:\users\hp\documents\hl2sb-src\src\game\server\debug_mod_hl2mp\obstacle_pushaway.obj
c:\users\hp\documents\hl2sb-src\src\game\server\debug_mod_hl2mp\phys_controller.obj
c:\users\hp\documents\hl2sb-src\src\game\server\debug_mod_hl2mp\physics_cannister.obj
c:\users\hp\documents\hl2sb-src\src\game\server\debug_mod_hl2mp\physics_shared.obj
c:\users\hp\documents\hl2sb-src\src\game\server\debug_mod_hl2mp\player.obj
c:\users\hp\documents\hl2sb-src\src\game\server\debug_mod_hl2mp\soundenvelope.obj
c:\users\hp\documents\hl2sb-src\src\game\server\debug_mod_hl2mp\sun.obj
c:\users\hp\documents\hl2sb-src\src\game\server\debug_mod_hl2mp\team_control_point.obj
c:\users\hp\documents\hl2sb-src\src\game\server\debug_mod_hl2mp\test_stressentities.obj
c:\users\hp\documents\hl2sb-src\src\game\server\debug_mod_hl2mp\triggers.obj
c:\users\hp\documents\hl2sb-src\src\game\server\debug_mod_hl2mp\ai_spotlight.obj
c:\users\hp\documents\hl2sb-src\src\game\server\debug_mod_hl2mp\cbasespriteprojectile.obj
c:\users\hp\documents\hl2sb-src\src\game\server\debug_mod_hl2mp\combine_mine.obj
c:\users\hp\documents\hl2sb-src\src\game\server\debug_mod_hl2mp\grenade_frag.obj
c:\users\hp\documents\hl2sb-src\src\game\server\debug_mod_hl2mp\hl2_triggers.obj
c:\users\hp\documents\hl2sb-src\src\game\server\debug_mod_hl2mp\info_teleporter_countdown.obj
c:\users\hp\documents\hl2sb-src\src\game\server\debug_mod_hl2mp\item_dynamic_resupply.obj
c:\users\hp\documents\hl2sb-src\src\game\server\debug_mod_hl2mp\npc_basezombie.obj
c:\users\hp\documents\hl2sb-src\src\game\server\debug_mod_hl2mp\npc_dog.obj
c:\users\hp\documents\hl2sb-src\src\game\server\debug_mod_hl2mp\npc_ichthyosaur.obj
c:\users\hp\documents\hl2sb-src\src\game\server\debug_mod_hl2mp\npc_metropolice.obj
c:\users\hp\documents\hl2sb-src\src\game\server\debug_mod_hl2mp\npc_turret_floor.obj
c:\users\hp\documents\hl2sb-src\src\game\server\debug_mod_hl2mp\prop_combine_ball.obj
c:\users\hp\documents\hl2sb-src\src\game\server\debug_mod_hl2mp\grenade_beam.obj
c:\users\hp\documents\hl2sb-src\src\game\server\debug_mod_hl2mp\weapon_flaregun.obj
c:\users\hp\documents\hl2sb-src\src\game\server\debug_mod_hl2mp\hl2mp_gameinterface.obj
c:\users\hp\documents\hl2sb-src\src\game\server\debug_mod_hl2mp\hl2mp_player_shared.obj
c:\users\hp\documents\hl2sb-src\src\game\server\debug_mod_hl2mp\weapon_357.obj
c:\users\hp\documents\hl2sb-src\src\game\server\debug_mod_hl2mp\weapon_hl2mpbase_scriptedweapon.obj
c:\users\hp\documents\hl2sb-src\src\game\server\debug_mod_hl2mp\weapon_stunstick.obj
c:\users\hp\documents\hl2sb-src\src\game\server\debug_mod_hl2mp\nav_merge.obj
c:\users\hp\documents\hl2sb-src\src\game\server\debug_mod_hl2mp\movie_explosion.obj
c:\users\hp\documents\hl2sb-src\src\game\server\debug_mod_hl2mp\plasma.obj
c:\users\hp\documents\hl2sb-src\src\game\server\debug_mod_hl2mp\te_armorricochet.obj
c:\users\hp\documents\hl2sb-src\src\game\server\debug_mod_hl2mp\te_beampoints.obj
c:\users\hp\documents\hl2sb-src\src\game\server\debug_mod_hl2mp\te_bspdecal.obj
c:\users\hp\documents\hl2sb-src\src\game\server\debug_mod_hl2mp\te_explosion.obj
c:\users\hp\documents\hl2sb-src\src\game\server\debug_mod_hl2mp\te_largefunnel.obj
c:\users\hp\documents\hl2sb-src\src\game\server\debug_mod_hl2mp\entity_tools_server.obj
c:\users\hp\documents\hl2sb-src\src\game\server\debug_mod_hl2mp\achievements_hlx.obj
c:\users\hp\documents\hl2sb-src\src\game\server\debug_mod_hl2mp\ai_basenpc_physicsflyer.obj
c:\users\hp\documents\hl2sb-src\src\game\server\debug_mod_hl2mp\ai_behavior_lead.obj
c:\users\hp\documents\hl2sb-src\src\game\server\debug_mod_hl2mp\ai_moveprobe.obj
c:\users\hp\documents\hl2sb-src\src\game\server\debug_mod_hl2mp\ai_relationship.obj
c:\users\hp\documents\hl2sb-src\src\game\server\debug_mod_hl2mp\ai_scriptconditions.obj
c:\users\hp\documents\hl2sb-src\src\game\server\debug_mod_hl2mp\ai_task.obj
c:\users\hp\documents\hl2sb-src\src\game\server\debug_mod_hl2mp\ammodef.obj
c:\users\hp\documents\hl2sb-src\src\game\server\debug_mod_hl2mp\base_transmit_proxy.obj
c:\users\hp\documents\hl2sb-src\src\game\server\debug_mod_hl2mp\baseanimating.obj
c:\users\hp\documents\hl2sb-src\src\game\server\debug_mod_hl2mp\baseprojectile.obj
c:\users\hp\documents\hl2sb-src\src\game\server\debug_mod_hl2mp\bitstring.obj
c:\users\hp\documents\hl2sb-src\src\game\server\debug_mod_hl2mp\buttons.obj
c:\users\hp\documents\hl2sb-src\src\game\server\debug_mod_hl2mp\commentarysystem.obj
c:\users\hp\documents\hl2sb-src\src\game\server\debug_mod_hl2mp\env_player_surface_trigger.obj
c:\users\hp\documents\hl2sb-src\src\game\server\debug_mod_hl2mp\env_zoom.obj
c:\users\hp\documents\hl2sb-src\src\game\server\debug_mod_hl2mp\fourwheelvehiclephysics.obj
c:\users\hp\documents\hl2sb-src\src\game\server\debug_mod_hl2mp\func_lod.obj
c:\users\hp\documents\hl2sb-src\src\game\server\debug_mod_hl2mp\game.obj
c:\users\hp\documents\hl2sb-src\src\game\server\debug_mod_hl2mp\gamemovement.obj
c:\users\hp\documents\hl2sb-src\src\game\server\debug_mod_hl2mp\globals.obj
c:\users\hp\documents\hl2sb-src\src\game\server\debug_mod_hl2mp\grenadethrown.obj
c:\users\hp\documents\hl2sb-src\src\game\server\debug_mod_hl2mp\h_ai.obj
c:\users\hp\documents\hl2sb-src\src\game\server\debug_mod_hl2mp\haptic_utils.obj
c:\users\hp\documents\hl2sb-src\src\game\server\debug_mod_hl2mp\hltvdirector.obj
c:\users\hp\documents\hl2sb-src\src\game\server\debug_mod_hl2mp\lights.obj
c:\users\hp\documents\hl2sb-src\src\game\server\debug_mod_hl2mp\mapentities_shared.obj
c:\users\hp\documents\hl2sb-src\src\game\server\debug_mod_hl2mp\message_entity.obj
c:\users\hp\documents\hl2sb-src\src\game\server\debug_mod_hl2mp\movement.obj
c:\users\hp\documents\hl2sb-src\src\game\server\debug_mod_hl2mp\particle_parse.obj
c:\users\hp\documents\hl2sb-src\src\game\server\debug_mod_hl2mp\physics_main_shared.obj
c:\users\hp\documents\hl2sb-src\src\game\server\debug_mod_hl2mp\point_camera.obj
c:\users\hp\documents\hl2sb-src\src\game\server\debug_mod_hl2mp\pointangularvelocitysensor.obj
c:\users\hp\documents\hl2sb-src\src\game\server\debug_mod_hl2mp\predicted_viewmodel.obj
c:\users\hp\documents\hl2sb-src\src\game\server\debug_mod_hl2mp\recipientfilter.obj
c:\users\hp\documents\hl2sb-src\src\game\server\debug_mod_hl2mp\rope_helpers.obj
c:\users\hp\documents\hl2sb-src\src\game\server\debug_mod_hl2mp\scenecache.obj
c:\users\hp\documents\hl2sb-src\src\game\server\debug_mod_hl2mp\sequence_transitioner.obj
c:\users\hp\documents\hl2sb-src\src\game\server\debug_mod_hl2mp\servernetworkproperty.obj
c:\users\hp\documents\hl2sb-src\src\game\server\debug_mod_hl2mp\singleplay_gamerules.obj
c:\users\hp\documents\hl2sb-src\src\game\server\debug_mod_hl2mp\soundent.obj
c:\users\hp\documents\hl2sb-src\src\game\server\debug_mod_hl2mp\soundscape.obj
c:\users\hp\documents\hl2sb-src\src\game\server\debug_mod_hl2mp\team_control_point_master.obj
c:\users\hp\documents\hl2sb-src\src\game\server\debug_mod_hl2mp\testtraceline.obj
c:\users\hp\documents\hl2sb-src\src\game\server\debug_mod_hl2mp\usercmd.obj
c:\users\hp\documents\hl2sb-src\src\game\server\debug_mod_hl2mp\variant_t.obj
c:\users\hp\documents\hl2sb-src\src\game\server\debug_mod_hl2mp\vehicle_baseserver.obj
c:\users\hp\documents\hl2sb-src\src\game\server\debug_mod_hl2mp\ai_behavior_police.obj
c:\users\hp\documents\hl2sb-src\src\game\server\debug_mod_hl2mp\env_headcrabcanister_shared.obj
c:\users\hp\documents\hl2sb-src\src\game\server\debug_mod_hl2mp\grenade_ar2.obj
c:\users\hp\documents\hl2sb-src\src\game\server\debug_mod_hl2mp\hl2_playerlocaldata.obj
c:\users\hp\documents\hl2sb-src\src\game\server\debug_mod_hl2mp\hl_gamemovement.obj
c:\users\hp\documents\hl2sb-src\src\game\server\debug_mod_hl2mp\item_suit.obj
c:\users\hp\documents\hl2sb-src\src\game\server\debug_mod_hl2mp\npc_apcdriver.obj
c:\users\hp\documents\hl2sb-src\src\game\server\debug_mod_hl2mp\npc_breen.obj
c:\users\hp\documents\hl2sb-src\src\game\server\debug_mod_hl2mp\npc_combinegunship.obj
c:\users\hp\documents\hl2sb-src\src\game\server\debug_mod_hl2mp\npc_monk.obj
c:\users\hp\documents\hl2sb-src\src\game\server\debug_mod_hl2mp\npc_talker.obj
c:\users\hp\documents\hl2sb-src\src\game\server\debug_mod_hl2mp\script_intro.obj
c:\users\hp\documents\hl2sb-src\src\game\server\debug_mod_hl2mp\vehicle_prisoner_pod.obj
c:\users\hp\documents\hl2sb-src\src\game\server\debug_mod_hl2mp\weapon_bugbait.obj
c:\users\hp\documents\hl2sb-src\src\game\server\debug_mod_hl2mp\grenade_tripmine.obj
c:\users\hp\documents\hl2sb-src\src\game\server\debug_mod_hl2mp\weapon_crowbar.obj
c:\users\hp\documents\hl2sb-src\src\game\server\debug_mod_hl2mp\weapon_hl2mpbasehlmpcombatweapon.obj
c:\users\hp\documents\hl2sb-src\src\game\server\debug_mod_hl2mp\basescriptedtrigger.obj
c:\users\hp\documents\hl2sb-src\src\game\server\debug_mod_hl2mp\luacachefile.obj
c:\users\hp\documents\hl2sb-src\src\game\server\debug_mod_hl2mp\nav_ladder.obj
c:\users\hp\documents\hl2sb-src\src\game\server\debug_mod_hl2mp\basetempentity.obj
c:\users\hp\documents\hl2sb-src\src\game\server\debug_mod_hl2mp\particle_fire.obj
c:\users\hp\documents\hl2sb-src\src\game\server\debug_mod_hl2mp\smoke_trail.obj
c:\users\hp\documents\hl2sb-src\src\game\server\debug_mod_hl2mp\te_beamspline.obj
c:\users\hp\documents\hl2sb-src\src\game\server\debug_mod_hl2mp\te_clientprojectile.obj
c:\users\hp\documents\hl2sb-src\src\game\server\debug_mod_hl2mp\te_fizz.obj
c:\users\hp\documents\hl2sb-src\src\game\server\debug_mod_hl2mp\te_particlesystem.obj
c:\users\hp\documents\hl2sb-src\src\game\server\debug_mod_hl2mp\te_sparks.obj
c:\users\hp\documents\hl2sb-src\src\game\server\debug_mod_hl2mp\ai_baseactor.obj
c:\users\hp\documents\hl2sb-src\src\game\server\debug_mod_hl2mp\ai_behavior_assault.obj
c:\users\hp\documents\hl2sb-src\src\game\server\debug_mod_hl2mp\ai_condition.obj
c:\users\hp\documents\hl2sb-src\src\game\server\debug_mod_hl2mp\ai_goalentity.obj
c:\users\hp\documents\hl2sb-src\src\game\server\debug_mod_hl2mp\ai_movesolver.obj
c:\users\hp\documents\hl2sb-src\src\game\server\debug_mod_hl2mp\ai_namespaces.obj
c:\users\hp\documents\hl2sb-src\src\game\server\debug_mod_hl2mp\ai_node.obj
c:\users\hp\documents\hl2sb-src\src\game\server\debug_mod_hl2mp\ai_route.obj
c:\users\hp\documents\hl2sb-src\src\game\server\debug_mod_hl2mp\ai_speech.obj
c:\users\hp\documents\hl2sb-src\src\game\server\debug_mod_hl2mp\ai_trackpather.obj
c:\users\hp\documents\hl2sb-src\src\game\server\debug_mod_hl2mp\basecombatcharacter.obj
c:\users\hp\documents\hl2sb-src\src\game\server\debug_mod_hl2mp\death_pose.obj
c:\users\hp\documents\hl2sb-src\src\game\server\debug_mod_hl2mp\dynamiclight.obj
c:\users\hp\documents\hl2sb-src\src\game\server\debug_mod_hl2mp\entityblocker.obj
c:\users\hp\documents\hl2sb-src\src\game\server\debug_mod_hl2mp\entitylist_base.obj
c:\users\hp\documents\hl2sb-src\src\game\server\debug_mod_hl2mp\env_debughistory.obj
c:\users\hp\documents\hl2sb-src\src\game\server\debug_mod_hl2mp\env_particlescript.obj
c:\users\hp\documents\hl2sb-src\src\game\server\debug_mod_hl2mp\env_texturetoggle.obj
c:\users\hp\documents\hl2sb-src\src\game\server\debug_mod_hl2mp\envbeam.obj
c:\users\hp\documents\hl2sb-src\src\game\server\debug_mod_hl2mp\eventlist.obj
c:\users\hp\documents\hl2sb-src\src\game\server\debug_mod_hl2mp\fire.obj
c:\users\hp\documents\hl2sb-src\src\game\server\debug_mod_hl2mp\func_areaportalbase.obj
c:\users\hp\documents\hl2sb-src\src\game\server\debug_mod_hl2mp\func_dust.obj
c:\users\hp\documents\hl2sb-src\src\game\server\debug_mod_hl2mp\func_reflective_glass.obj
c:\users\hp\documents\hl2sb-src\src\game\server\debug_mod_hl2mp\gamestats.obj
c:\users\hp\documents\hl2sb-src\src\game\server\debug_mod_hl2mp\haptic_msgs.obj
c:\users\hp\documents\hl2sb-src\src\game\server\debug_mod_hl2mp\hintsystem.obj
c:\users\hp\documents\hl2sb-src\src\game\server\debug_mod_hl2mp\intermission.obj
c:\users\hp\documents\hl2sb-src\src\game\server\debug_mod_hl2mp\logicauto.obj
c:\users\hp\documents\hl2sb-src\src\game\server\debug_mod_hl2mp\materialmodifycontrol.obj
c:\users\hp\documents\hl2sb-src\src\game\server\debug_mod_hl2mp\movehelper_server.obj
c:\users\hp\documents\hl2sb-src\src\game\server\debug_mod_hl2mp\npc_vehicledriver.obj
c:\users\hp\documents\hl2sb-src\src\game\server\debug_mod_hl2mp\physics_saverestore.obj
c:\users\hp\documents\hl2sb-src\src\game\server\debug_mod_hl2mp\player_pickup.obj
c:\users\hp\documents\hl2sb-src\src\game\server\debug_mod_hl2mp\plugin_check.obj
c:\users\hp\documents\hl2sb-src\src\game\server\debug_mod_hl2mp\point_playermoveconstraint.obj
c:\users\hp\documents\hl2sb-src\src\game\server\debug_mod_hl2mp\pointhurt.obj
c:\users\hp\documents\hl2sb-src\src\game\server\debug_mod_hl2mp\props_shared.obj
c:\users\hp\documents\hl2sb-src\src\game\server\debug_mod_hl2mp\sceneentity.obj
c:\users\hp\documents\hl2sb-src\src\game\server\debug_mod_hl2mp\team_control_point_round.obj
c:\users\hp\documents\hl2sb-src\src\game\server\debug_mod_hl2mp\test_proxytoggle.obj
c:\users\hp\documents\hl2sb-src\src\game\server\debug_mod_hl2mp\trains.obj
c:\users\hp\documents\hl2sb-src\src\game\server\debug_mod_hl2mp\vote_controller.obj
c:\users\hp\documents\hl2sb-src\src\game\server\debug_mod_hl2mp\ai_behavior_functank.obj
c:\users\hp\documents\hl2sb-src\src\game\server\debug_mod_hl2mp\basehlcombatweapon.obj
c:\users\hp\documents\hl2sb-src\src\game\server\debug_mod_hl2mp\env_headcrabcanister.obj
c:\users\hp\documents\hl2sb-src\src\game\server\debug_mod_hl2mp\hl2_usermessages.obj
c:\users\hp\documents\hl2sb-src\src\game\server\debug_mod_hl2mp\hl_playermove.obj
c:\users\hp\documents\hl2sb-src\src\game\server\debug_mod_hl2mp\npc_antlionguard.obj
c:\users\hp\documents\hl2sb-src\src\game\server\debug_mod_hl2mp\npc_citizen17.obj
c:\users\hp\documents\hl2sb-src\src\game\server\debug_mod_hl2mp\npc_manhack.obj
c:\users\hp\documents\hl2sb-src\src\game\server\debug_mod_hl2mp\npc_stalker.obj
c:\users\hp\documents\hl2sb-src\src\game\server\debug_mod_hl2mp\proto_sniper.obj
c:\users\hp\documents\hl2sb-src\src\game\server\debug_mod_hl2mp\grenade_homer.obj
c:\users\hp\documents\hl2sb-src\src\game\server\debug_mod_hl2mp\weapon_ar2.obj
c:\users\hp\documents\hl2sb-src\src\game\server\debug_mod_hl2mp\basescripted.obj
c:\users\hp\documents\hl2sb-src\src\game\server\debug_mod_hl2mp\nav_entities.obj
c:\users\hp\documents\hl2sb-src\src\game\server\debug_mod_hl2mp\event_tempentity_tester.obj
c:\users\hp\documents\hl2sb-src\src\game\server\debug_mod_hl2mp\particle_smokegrenade.obj
c:\users\hp\documents\hl2sb-src\src\game\server\debug_mod_hl2mp\steamjet.obj
c:\users\hp\documents\hl2sb-src\src\game\server\debug_mod_hl2mp\te_beamlaser.obj
c:\users\hp\documents\hl2sb-src\src\game\server\debug_mod_hl2mp\te_bubbles.obj
c:\users\hp\documents\hl2sb-src\src\game\server\debug_mod_hl2mp\te_footprintdecal.obj
c:\users\hp\documents\hl2sb-src\src\game\server\debug_mod_hl2mp\te_muzzleflash.obj
c:\users\hp\documents\hl2sb-src\src\game\server\debug_mod_hl2mp\te_sprite.obj
c:\users\hp\documents\hl2sb-src\src\game\server\debug_mod_hl2mp\gamedll_replay.obj
c:\users\hp\documents\hl2sb-src\src\game\server\debug_mod_hl2mp\ai_basenpc.obj
c:\users\hp\documents\hl2sb-src\src\game\server\debug_mod_hl2mp\ai_criteria.obj
c:\users\hp\documents\hl2sb-src\src\game\server\debug_mod_hl2mp\ai_default.obj
c:\users\hp\documents\hl2sb-src\src\game\server\debug_mod_hl2mp\ai_moveshoot.obj
c:\users\hp\documents\hl2sb-src\src\game\server\debug_mod_hl2mp\ai_playerally.obj
c:\users\hp\documents\hl2sb-src\src\game\server\debug_mod_hl2mp\ai_utils.obj
c:\users\hp\documents\hl2sb-src\src\game\server\debug_mod_hl2mp\basecombatcharacter_shared.obj
c:\users\hp\documents\hl2sb-src\src\game\server\debug_mod_hl2mp\baseentity_shared.obj
c:\users\hp\documents\hl2sb-src\src\game\server\debug_mod_hl2mp\basegrenade_contact.obj
c:\users\hp\documents\hl2sb-src\src\game\server\debug_mod_hl2mp\baseplayer_shared.obj
c:\users\hp\documents\hl2sb-src\src\game\server\debug_mod_hl2mp\ehandle.obj
c:\users\hp\documents\hl2sb-src\src\game\server\debug_mod_hl2mp\entitydissolve.obj
c:\users\hp\documents\hl2sb-src\src\game\server\debug_mod_hl2mp\env_wind_shared.obj
c:\users\hp\documents\hl2sb-src\src\game\server\debug_mod_hl2mp\envmessage.obj
c:\users\hp\documents\hl2sb-src\src\game\server\debug_mod_hl2mp\fogcontroller.obj
c:\users\hp\documents\hl2sb-src\src\game\server\debug_mod_hl2mp\func_break.obj
c:\users\hp\documents\hl2sb-src\src\game\server\debug_mod_hl2mp\func_occluder.obj
c:\users\hp\documents\hl2sb-src\src\game\server\debug_mod_hl2mp\gamerules.obj
c:\users\hp\documents\hl2sb-src\src\game\server\debug_mod_hl2mp\hintmessage.obj
c:\users\hp\documents\hl2sb-src\src\game\server\debug_mod_hl2mp\info_overlay_accessor.obj
c:\users\hp\documents\hl2sb-src\src\game\server\debug_mod_hl2mp\logic_navigation.obj
c:\users\hp\documents\hl2sb-src\src\game\server\debug_mod_hl2mp\logicrelay.obj
c:\users\hp\documents\hl2sb-src\src\game\server\debug_mod_hl2mp\modelsoundscache.obj
c:\users\hp\documents\hl2sb-src\src\game\server\debug_mod_hl2mp\particle_light.obj
c:\users\hp\documents\hl2sb-src\src\game\server\debug_mod_hl2mp\particlesystemquery.obj
c:\users\hp\documents\hl2sb-src\src\game\server\debug_mod_hl2mp\physics_npc_solver.obj
c:\users\hp\documents\hl2sb-src\src\game\server\debug_mod_hl2mp\player_lagcompensation.obj
c:\users\hp\documents\hl2sb-src\src\game\server\debug_mod_hl2mp\point_devshot_camera.obj
c:\users\hp\documents\hl2sb-src\src\game\server\debug_mod_hl2mp\pointteleport.obj
c:\users\hp\documents\hl2sb-src\src\game\server\debug_mod_hl2mp\ragdoll_shared.obj
c:\users\hp\documents\hl2sb-src\src\game\server\debug_mod_hl2mp\saverestore_gamedll.obj
c:\users\hp\documents\hl2sb-src\src\game\server\debug_mod_hl2mp\sceneentity_shared.obj
c:\users\hp\documents\hl2sb-src\src\game\server\debug_mod_hl2mp\scriptedtarget.obj
c:\users\hp\documents\hl2sb-src\src\game\server\debug_mod_hl2mp\sound.obj
c:\users\hp\documents\hl2sb-src\src\game\server\debug_mod_hl2mp\studio_shared.obj
c:\users\hp\documents\hl2sb-src\src\game\server\debug_mod_hl2mp\subs.obj
c:\users\hp\documents\hl2sb-src\src\game\server\debug_mod_hl2mp\team.obj
c:\users\hp\documents\hl2sb-src\src\game\server\debug_mod_hl2mp\teamplay_round_timer.obj
c:\users\hp\documents\hl2sb-src\src\game\server\debug_mod_hl2mp\textstatsmgr.obj
c:\users\hp\documents\hl2sb-src\src\game\server\debug_mod_hl2mp\util_shared.obj
c:\users\hp\documents\hl2sb-src\src\game\server\debug_mod_hl2mp\vehicle_viewblend_shared.obj
c:\users\hp\documents\hl2sb-src\src\game\server\debug_mod_hl2mp\waterlodcontrol.obj
c:\users\hp\documents\hl2sb-src\src\game\server\debug_mod_hl2mp\weight_button.obj
c:\users\hp\documents\hl2sb-src\src\game\server\debug_mod_hl2mp\ai_allymanager.obj
c:\users\hp\documents\hl2sb-src\src\game\server\debug_mod_hl2mp\env_starfield.obj
c:\users\hp\documents\hl2sb-src\src\game\server\debug_mod_hl2mp\grenade_bugbait.obj
c:\users\hp\documents\hl2sb-src\src\game\server\debug_mod_hl2mp\item_healthkit.obj
c:\users\hp\documents\hl2sb-src\src\game\server\debug_mod_hl2mp\npc_alyx.obj
c:\users\hp\documents\hl2sb-src\src\game\server\debug_mod_hl2mp\npc_combinedropship.obj
c:\users\hp\documents\hl2sb-src\src\game\server\debug_mod_hl2mp\npc_gman.obj
c:\users\hp\documents\hl2sb-src\src\game\server\debug_mod_hl2mp\npc_poisonzombie.obj
c:\users\hp\documents\hl2sb-src\src\game\server\debug_mod_hl2mp\npc_strider.obj
c:\users\hp\documents\hl2sb-src\src\game\server\debug_mod_hl2mp\vehicle_crane.obj
c:\users\hp\documents\hl2sb-src\src\game\server\debug_mod_hl2mp\weapon_cguard.obj
c:\users\hp\documents\hl2sb-src\src\game\server\debug_mod_hl2mp\hl2mp_cvars.obj
c:\users\hp\documents\hl2sb-src\src\game\server\debug_mod_hl2mp\hl2mp_player.obj
c:\users\hp\documents\hl2sb-src\src\game\server\debug_mod_hl2mp\weapon_hl2mpbase_machinegun.obj
c:\users\hp\documents\hl2sb-src\src\game\server\debug_mod_hl2mp\weapon_slam.obj
c:\users\hp\documents\hl2sb-src\src\game\server\debug_mod_hl2mp\nav_colors.obj
c:\users\hp\documents\hl2sb-src\src\game\server\debug_mod_hl2mp\nav_generate.obj
c:\users\hp\documents\hl2sb-src\src\game\server\debug_mod_hl2mp\nav_node.obj
c:\users\hp\documents\hl2sb-src\src\game\server\debug_mod_hl2mp\te.obj
c:\users\hp\documents\hl2sb-src\src\game\server\debug_mod_hl2mp\te_beaments.obj
c:\users\hp\documents\hl2sb-src\src\game\server\debug_mod_hl2mp\te_bloodstream.obj
c:\users\hp\documents\hl2sb-src\src\game\server\debug_mod_hl2mp\te_effect_dispatch.obj
c:\users\hp\documents\hl2sb-src\src\game\server\debug_mod_hl2mp\te_glassshatter.obj
c:\users\hp\documents\hl2sb-src\src\game\server\debug_mod_hl2mp\te_showline.obj
c:\users\hp\documents\hl2sb-src\src\game\server\debug_mod_hl2mp\toolframework_server.obj
c:\users\hp\documents\hl2sb-src\src\game\server\debug_mod_hl2mp\ai_basehumanoid.obj
c:\users\hp\documents\hl2sb-src\src\game\server\debug_mod_hl2mp\ai_basenpc_squad.obj
c:\users\hp\documents\hl2sb-src\src\game\server\debug_mod_hl2mp\ai_behavior_rappel.obj
c:\users\hp\documents\hl2sb-src\src\game\server\debug_mod_hl2mp\ai_dynamiclink.obj
c:\users\hp\documents\hl2sb-src\src\game\server\debug_mod_hl2mp\ai_link.obj
c:\users\hp\documents\hl2sb-src\src\game\server\debug_mod_hl2mp\ai_looktarget.obj
c:\users\hp\documents\hl2sb-src\src\game\server\debug_mod_hl2mp\ai_memory.obj
c:\users\hp\documents\hl2sb-src\src\game\server\debug_mod_hl2mp\ai_pathfinder.obj
c:\users\hp\documents\hl2sb-src\src\game\server\debug_mod_hl2mp\ai_schedule.obj
c:\users\hp\documents\hl2sb-src\src\game\server\debug_mod_hl2mp\ai_squad.obj
c:\users\hp\documents\hl2sb-src\src\game\server\debug_mod_hl2mp\animation.obj
c:\users\hp\documents\hl2sb-src\src\game\server\debug_mod_hl2mp\baseanimatingoverlay.obj
c:\users\hp\documents\hl2sb-src\src\game\server\debug_mod_hl2mp\basegrenade_concussion.obj
c:\users\hp\documents\hl2sb-src\src\game\server\debug_mod_hl2mp\basegrenade_shared.obj
c:\users\hp\documents\hl2sb-src\src\game\server\debug_mod_hl2mp\bmodels.obj
c:\users\hp\documents\hl2sb-src\src\game\server\debug_mod_hl2mp\colorcorrectionvolume.obj
c:\users\hp\documents\hl2sb-src\src\game\server\debug_mod_hl2mp\debugoverlay_shared.obj
c:\users\hp\documents\hl2sb-src\src\game\server\debug_mod_hl2mp\effects.obj
c:\users\hp\documents\hl2sb-src\src\game\server\debug_mod_hl2mp\envhudhint.obj
c:\users\hp\documents\hl2sb-src\src\game\server\debug_mod_hl2mp\envspark.obj
c:\users\hp\documents\hl2sb-src\src\game\server\debug_mod_hl2mp\filters.obj
c:\users\hp\documents\hl2sb-src\src\game\server\debug_mod_hl2mp\func_monitor.obj
c:\users\hp\documents\hl2sb-src\src\game\server\debug_mod_hl2mp\info_camera_link.obj
c:\users\hp\documents\hl2sb-src\src\game\server\debug_mod_hl2mp\logicentities.obj
c:\users\hp\documents\hl2sb-src\src\game\server\debug_mod_hl2mp\pathtrack.obj
c:\users\hp\documents\hl2sb-src\src\game\server\debug_mod_hl2mp\physics.obj
c:\users\hp\documents\hl2sb-src\src\game\server\debug_mod_hl2mp\player_command.obj
c:\users\hp\documents\hl2sb-src\src\game\server\debug_mod_hl2mp\playerinfomanager.obj
c:\users\hp\documents\hl2sb-src\src\game\server\debug_mod_hl2mp\point_bonusmaps_accessor.obj
c:\users\hp\documents\hl2sb-src\src\game\server\debug_mod_hl2mp\pointanglesensor.obj
c:\users\hp\documents\hl2sb-src\src\game\server\debug_mod_hl2mp\precache_register.obj
c:\users\hp\documents\hl2sb-src\src\game\server\debug_mod_hl2mp\querycache.obj
c:\users\hp\documents\hl2sb-src\src\game\server\debug_mod_hl2mp\saverestore.obj
c:\users\hp\documents\hl2sb-src\src\game\server\debug_mod_hl2mp\serverbenchmark_base.obj
c:\users\hp\documents\hl2sb-src\src\game\server\debug_mod_hl2mp\skycamera.obj
c:\users\hp\documents\hl2sb-src\src\game\server\debug_mod_hl2mp\soundparametersinternal.obj
c:\users\hp\documents\hl2sb-src\src\game\server\debug_mod_hl2mp\sprite.obj
c:\users\hp\documents\hl2sb-src\src\game\server\debug_mod_hl2mp\tanktrain.obj
c:\users\hp\documents\hl2sb-src\src\game\server\debug_mod_hl2mp\teamplay_gamerules.obj
c:\users\hp\documents\hl2sb-src\src\game\server\debug_mod_hl2mp\tempmonster.obj
c:\users\hp\documents\hl2sb-src\src\game\server\debug_mod_hl2mp\tesla.obj
c:\users\hp\documents\hl2sb-src\src\game\server\debug_mod_hl2mp\testfunctions.obj
c:\users\hp\documents\hl2sb-src\src\game\server\debug_mod_hl2mp\trigger_area_capture.obj
c:\users\hp\documents\hl2sb-src\src\game\server\debug_mod_hl2mp\weapon_parse.obj
c:\users\hp\documents\hl2sb-src\src\game\server\debug_mod_hl2mp\ai_behavior_actbusy.obj
c:\users\hp\documents\hl2sb-src\src\game\server\debug_mod_hl2mp\func_tank.obj
c:\users\hp\documents\hl2sb-src\src\game\server\debug_mod_hl2mp\item_itemcrate.obj
c:\users\hp\documents\hl2sb-src\src\game\server\debug_mod_hl2mp\npc_attackchopper.obj
c:\users\hp\documents\hl2sb-src\src\game\server\debug_mod_hl2mp\npc_combinecamera.obj
c:\users\hp\documents\hl2sb-src\src\game\server\debug_mod_hl2mp\npc_crow.obj
c:\users\hp\documents\hl2sb-src\src\game\server\debug_mod_hl2mp\npc_enemyfinder.obj
c:\users\hp\documents\hl2sb-src\src\game\server\debug_mod_hl2mp\npc_launcher.obj
c:\users\hp\documents\hl2sb-src\src\game\server\debug_mod_hl2mp\npc_playercompanion.obj
c:\users\hp\documents\hl2sb-src\src\game\server\debug_mod_hl2mp\npc_zombie.obj
c:\users\hp\documents\hl2sb-src\src\game\server\debug_mod_hl2mp\vehicle_viewcontroller.obj
c:\users\hp\documents\hl2sb-src\src\game\server\debug_mod_hl2mp\grenade_pathfollower.obj
c:\users\hp\documents\hl2sb-src\src\game\server\debug_mod_hl2mp\hl2mp_client.obj
c:\users\hp\documents\hl2sb-src\src\game\server\debug_mod_hl2mp\te_hl2mp_shotgun_shot.obj
c:\users\hp\documents\hl2sb-src\src\game\server\debug_mod_hl2mp\weapon_crossbow.obj
c:\users\hp\documents\hl2sb-src\src\game\server\debug_mod_hl2mp\weapon_physcannon.obj
c:\users\hp\documents\hl2sb-src\src\game\server\debug_mod_hl2mp\lbspflags.obj
c:\users\hp\documents\hl2sb-src\src\game\server\debug_mod_hl2mp\luamanager.obj
c:\users\hp\documents\hl2sb-src\src\game\server\debug_mod_hl2mp\nav_simplify.obj
c:\users\hp\documents\hl2sb-src\src\game\server\debug_mod_hl2mp\te_basebeam.obj
c:\users\hp\documents\hl2sb-src\src\game\server\debug_mod_hl2mp\te_beamring.obj
c:\users\hp\documents\hl2sb-src\src\game\server\debug_mod_hl2mp\te_dynamiclight.obj
c:\users\hp\documents\hl2sb-src\src\game\server\debug_mod_hl2mp\te_impact.obj
c:\users\hp\documents\hl2sb-src\src\game\server\debug_mod_hl2mp\te_projecteddecal.obj
c:\users\hp\documents\hl2sb-src\src\game\server\debug_mod_hl2mp\usermessages.obj
c:\users\hp\documents\hl2sb-src\src\game\server\debug_mod_hl2mp\achievementmgr.obj
c:\users\hp\documents\hl2sb-src\src\game\server\debug_mod_hl2mp\ai_basenpc_schedule.obj
c:\users\hp\documents\hl2sb-src\src\game\server\debug_mod_hl2mp\ai_blended_movement.obj
c:\users\hp\documents\hl2sb-src\src\game\server\debug_mod_hl2mp\ai_event.obj
c:\users\hp\documents\hl2sb-src\src\game\server\debug_mod_hl2mp\ai_motor.obj
c:\users\hp\documents\hl2sb-src\src\game\server\debug_mod_hl2mp\ai_planesolver.obj
c:\users\hp\documents\hl2sb-src\src\game\server\debug_mod_hl2mp\ai_saverestore.obj
c:\users\hp\documents\hl2sb-src\src\game\server\debug_mod_hl2mp\basecombatweapon_shared.obj
c:\users\hp\documents\hl2sb-src\src\game\server\debug_mod_hl2mp\basegrenade_timed.obj
c:\users\hp\documents\hl2sb-src\src\game\server\debug_mod_hl2mp\beam_shared.obj
c:\users\hp\documents\hl2sb-src\src\game\server\debug_mod_hl2mp\colorcorrection.obj
c:\users\hp\documents\hl2sb-src\src\game\server\debug_mod_hl2mp\cplane.obj
c:\users\hp\documents\hl2sb-src\src\game\server\debug_mod_hl2mp\damagemodifier.obj
c:\users\hp\documents\hl2sb-src\src\game\server\debug_mod_hl2mp\effect_dispatch_data.obj
c:\users\hp\documents\hl2sb-src\src\game\server\debug_mod_hl2mp\effectsserver.obj
c:\users\hp\documents\hl2sb-src\src\game\server\debug_mod_hl2mp\entityflame.obj
c:\users\hp\documents\hl2sb-src\src\game\server\debug_mod_hl2mp\env_screenoverlay.obj
c:\users\hp\documents\hl2sb-src\src\game\server\debug_mod_hl2mp\envfade.obj
c:\users\hp\documents\hl2sb-src\src\game\server\debug_mod_hl2mp\envshake.obj
c:\users\hp\documents\hl2sb-src\src\game\server\debug_mod_hl2mp\explode.obj
c:\users\hp\documents\hl2sb-src\src\game\server\debug_mod_hl2mp\func_ladder.obj
c:\users\hp\documents\hl2sb-src\src\game\server\debug_mod_hl2mp\func_smokevolume.obj
c:\users\hp\documents\hl2sb-src\src\game\server\debug_mod_hl2mp\gamestringpool.obj
c:\users\hp\documents\hl2sb-src\src\game\server\debug_mod_hl2mp\gib.obj
c:\users\hp\documents\hl2sb-src\src\game\server\debug_mod_hl2mp\guntarget.obj
c:\users\hp\documents\hl2sb-src\src\game\server\debug_mod_hl2mp\hierarchy.obj
c:\users\hp\documents\hl2sb-src\src\game\server\debug_mod_hl2mp\igamesystem.obj
c:\users\hp\documents\hl2sb-src\src\game\server\debug_mod_hl2mp\logic_measure_movement.obj
c:\users\hp\documents\hl2sb-src\src\game\server\debug_mod_hl2mp\maprules.obj
c:\users\hp\documents\hl2sb-src\src\game\server\debug_mod_hl2mp\monstermaker.obj
c:\users\hp\documents\hl2sb-src\src\game\server\debug_mod_hl2mp\physics_bone_follower.obj
c:\users\hp\documents\hl2sb-src\src\game\server\debug_mod_hl2mp\physics_fx.obj
c:\users\hp\documents\hl2sb-src\src\game\server\debug_mod_hl2mp\physics_prop_ragdoll.obj
c:\users\hp\documents\hl2sb-src\src\game\server\debug_mod_hl2mp\point_template.obj
c:\users\hp\documents\hl2sb-src\src\game\server\debug_mod_hl2mp\ragdoll_manager.obj
c:\users\hp\documents\hl2sb-src\src\game\server\debug_mod_hl2mp\scratchpad_gamedll_helpers.obj
c:\users\hp\documents\hl2sb-src\src\game\server\debug_mod_hl2mp\sendproxy.obj
c:\users\hp\documents\hl2sb-src\src\game\server\debug_mod_hl2mp\shadowcontrol.obj
c:\users\hp\documents\hl2sb-src\src\game\server\debug_mod_hl2mp\simtimer.obj
c:\users\hp\documents\hl2sb-src\src\game\server\debug_mod_hl2mp\slideshow_display.obj
c:\users\hp\documents\hl2sb-src\src\game\server\debug_mod_hl2mp\spotlightend.obj
c:\users\hp\documents\hl2sb-src\src\game\server\debug_mod_hl2mp\survival_gamerules.obj
c:\users\hp\documents\hl2sb-src\src\game\server\debug_mod_hl2mp\takedamageinfo.obj
c:\users\hp\documents\hl2sb-src\src\game\server\debug_mod_hl2mp\team_spawnpoint.obj
c:\users\hp\documents\hl2sb-src\src\game\server\debug_mod_hl2mp\teamplayroundbased_gamerules.obj
c:\users\hp\documents\hl2sb-src\src\game\server\debug_mod_hl2mp\vguiscreen.obj
c:\users\hp\documents\hl2sb-src\src\game\server\debug_mod_hl2mp\voice_gamemgr.obj
c:\users\hp\documents\hl2sb-src\src\game\server\debug_mod_hl2mp\wcedit.obj
c:\users\hp\documents\hl2sb-src\src\game\server\debug_mod_hl2mp\antlion_dust.obj
c:\users\hp\documents\hl2sb-src\src\game\server\debug_mod_hl2mp\basebludgeonweapon.obj
c:\users\hp\documents\hl2sb-src\src\game\server\debug_mod_hl2mp\cbasehelicopter.obj
c:\users\hp\documents\hl2sb-src\src\game\server\debug_mod_hl2mp\hl2_player.obj
c:\users\hp\documents\hl2sb-src\src\game\server\debug_mod_hl2mp\npc_barney.obj
c:\users\hp\documents\hl2sb-src\src\game\server\debug_mod_hl2mp\npc_cranedriver.obj
c:\users\hp\documents\hl2sb-src\src\game\server\debug_mod_hl2mp\npc_fisherman.obj
c:\users\hp\documents\hl2sb-src\src\game\server\debug_mod_hl2mp\npc_scanner.obj
c:\users\hp\documents\hl2sb-src\src\game\server\debug_mod_hl2mp\rotorwash.obj
c:\users\hp\documents\hl2sb-src\src\game\server\debug_mod_hl2mp\script_intro_shared.obj
c:\users\hp\documents\hl2sb-src\src\game\server\debug_mod_hl2mp\vehicle_airboat.obj
c:\users\hp\documents\hl2sb-src\src\game\server\debug_mod_hl2mp\weapon_cubemap.obj
c:\users\hp\documents\hl2sb-src\src\game\server\debug_mod_hl2mp\npc_missiledefense.obj
c:\users\hp\documents\hl2sb-src\src\game\server\debug_mod_hl2mp\grenade_satchel.obj
c:\users\hp\documents\hl2sb-src\src\game\server\debug_mod_hl2mp\weapon_hl2mpbasebasebludgeon.obj
c:\users\hp\documents\hl2sb-src\src\game\server\debug_mod_hl2mp\weapon_smg1.obj
c:\users\hp\documents\hl2sb-src\src\game\server\debug_mod_hl2mp\nav_area.obj
c:\users\hp\documents\hl2sb-src\src\game\server\debug_mod_hl2mp\smokestack.obj
c:\users\hp\documents\hl2sb-src\src\game\server\debug_mod_hl2mp\te_beamringpoint.obj
c:\users\hp\documents\hl2sb-src\src\game\server\debug_mod_hl2mp\te_decal.obj
c:\users\hp\documents\hl2sb-src\src\game\server\debug_mod_hl2mp\te_glowsprite.obj
c:\users\hp\documents\hl2sb-src\src\game\server\debug_mod_hl2mp\te_physicsprop.obj
c:\users\hp\documents\hl2sb-src\src\game\server\debug_mod_hl2mp\te_worlddecal.obj
c:\users\hp\documents\hl2sb-src\src\game\server\debug_mod_hl2mp\achievement_saverestore.obj
c:\users\hp\documents\hl2sb-src\src\game\server\debug_mod_hl2mp\ai_basenpc_flyer_new.obj
c:\users\hp\documents\hl2sb-src\src\game\server\debug_mod_hl2mp\ai_behavior_follow.obj
c:\users\hp\documents\hl2sb-src\src\game\server\debug_mod_hl2mp\ai_hint.obj
c:\users\hp\documents\hl2sb-src\src\game\server\debug_mod_hl2mp\ai_network.obj
c:\users\hp\documents\hl2sb-src\src\game\server\debug_mod_hl2mp\ai_responsesystem.obj
c:\users\hp\documents\hl2sb-src\src\game\server\debug_mod_hl2mp\ai_speechfilter.obj
c:\users\hp\documents\hl2sb-src\src\game\server\debug_mod_hl2mp\baseparticleentity.obj
c:\users\hp\documents\hl2sb-src\src\game\server\debug_mod_hl2mp\baseviewmodel.obj
c:\users\hp\documents\hl2sb-src\src\game\server\debug_mod_hl2mp\collisionproperty.obj
c:\users\hp\documents\hl2sb-src\src\game\server\debug_mod_hl2mp\cragdollmagnet.obj
c:\users\hp\documents\hl2sb-src\src\game\server\debug_mod_hl2mp\doors.obj
c:\users\hp\documents\hl2sb-src\src\game\server\debug_mod_hl2mp\entityparticletrail.obj
c:\users\hp\documents\hl2sb-src\src\game\server\debug_mod_hl2mp\env_effectsscript.obj
c:\users\hp\documents\hl2sb-src\src\game\server\debug_mod_hl2mp\env_projectedtexture.obj
c:\users\hp\documents\hl2sb-src\src\game\server\debug_mod_hl2mp\envlaser.obj
c:\users\hp\documents\hl2sb-src\src\game\server\debug_mod_hl2mp\eventlog.obj
c:\users\hp\documents\hl2sb-src\src\game\server\debug_mod_hl2mp\fish.obj
c:\users\hp\documents\hl2sb-src\src\game\server\debug_mod_hl2mp\func_breakablesurf.obj
c:\users\hp\documents\hl2sb-src\src\game\server\debug_mod_hl2mp\gamevars_shared.obj
c:\users\hp\documents\hl2sb-src\src\game\server\debug_mod_hl2mp\genericactor.obj
c:\users\hp\documents\hl2sb-src\src\game\server\debug_mod_hl2mp\item_world.obj
c:\users\hp\documents\hl2sb-src\src\game\server\debug_mod_hl2mp\mp_shareddefs.obj
c:\users\hp\documents\hl2sb-src\src\game\server\debug_mod_hl2mp\ndebugoverlay.obj
c:\users\hp\documents\hl2sb-src\src\game\server\debug_mod_hl2mp\particle_system.obj
c:\users\hp\documents\hl2sb-src\src\game\server\debug_mod_hl2mp\physics_main.obj
c:\users\hp\documents\hl2sb-src\src\game\server\debug_mod_hl2mp\player_resource.obj
c:\users\hp\documents\hl2sb-src\src\game\server\debug_mod_hl2mp\point_posecontroller.obj
c:\users\hp\documents\hl2sb-src\src\game\server\debug_mod_hl2mp\predictableid.obj
c:\users\hp\documents\hl2sb-src\src\game\server\debug_mod_hl2mp\ragdollboogie.obj
c:\users\hp\documents\hl2sb-src\src\game\server\debug_mod_hl2mp\rope.obj
c:\users\hp\documents\hl2sb-src\src\game\server\debug_mod_hl2mp\scripted.obj
c:\users\hp\documents\hl2sb-src\src\game\server\debug_mod_hl2mp\soundemittersystem.obj
c:\users\hp\documents\hl2sb-src\src\game\server\debug_mod_hl2mp\soundscape_system.obj
c:\users\hp\documents\hl2sb-src\src\game\server\debug_mod_hl2mp\team_objectiveresource.obj
c:\users\hp\documents\hl2sb-src\src\game\server\debug_mod_hl2mp\templateentities.obj
c:\users\hp\documents\hl2sb-src\src\game\server\debug_mod_hl2mp\test_ehandle.obj
c:\users\hp\documents\hl2sb-src\src\game\server\debug_mod_hl2mp\timedeventmgr.obj
c:\users\hp\documents\hl2sb-src\src\game\server\debug_mod_hl2mp\util.obj
c:\users\hp\documents\hl2sb-src\src\game\server\debug_mod_hl2mp\waterbullet.obj
c:\users\hp\documents\hl2sb-src\src\game\server\debug_mod_hl2mp\weapon_proficiency.obj
c:\users\hp\documents\hl2sb-src\src\game\server\debug_mod_hl2mp\world.obj
c:\users\hp\documents\hl2sb-src\src\game\server\debug_mod_hl2mp\ai_goal_police.obj
c:\users\hp\documents\hl2sb-src\src\game\server\debug_mod_hl2mp\antlion_maker.obj
c:\users\hp\documents\hl2sb-src\src\game\server\debug_mod_hl2mp\func_recharge.obj
c:\users\hp\documents\hl2sb-src\src\game\server\debug_mod_hl2mp\hl2_ai_network.obj
c:\users\hp\documents\hl2sb-src\src\game\server\debug_mod_hl2mp\item_ammo.obj
c:\users\hp\documents\hl2sb-src\src\game\server\debug_mod_hl2mp\monster_dummy.obj
c:\users\hp\documents\hl2sb-src\src\game\server\debug_mod_hl2mp\npc_basescanner.obj
c:\users\hp\documents\hl2sb-src\src\game\server\debug_mod_hl2mp\npc_combine.obj
c:\users\hp\documents\hl2sb-src\src\game\server\debug_mod_hl2mp\npc_eli.obj
c:\users\hp\documents\hl2sb-src\src\game\server\debug_mod_hl2mp\npc_kleiner.obj
c:\users\hp\documents\hl2sb-src\src\game\server\debug_mod_hl2mp\npc_mossman.obj
c:\users\hp\documents\hl2sb-src\src\game\server\debug_mod_hl2mp\npc_turret_ceiling.obj
c:\users\hp\documents\hl2sb-src\src\game\server\debug_mod_hl2mp\npc_vortigaunt_episodic.obj
c:\users\hp\documents\hl2sb-src\src\game\server\debug_mod_hl2mp\hl2mp_bot_temp.obj
c:\users\hp\documents\hl2sb-src\src\game\server\debug_mod_hl2mp\hl2mp_weapon_parse.obj
c:\users\hp\documents\hl2sb-src\src\game\server\debug_mod_hl2mp\lhl2_player.obj
c:\users\hp\documents\hl2sb-src\src\game\server\debug_mod_hl2mp\weapon_frag.obj
c:\users\hp\documents\hl2sb-src\src\game\server\debug_mod_hl2mp\weapon_rpg.obj
c:\users\hp\documents\hl2sb-src\src\game\server\debug_mod_hl2mp\ltakedamageinfo.obj
c:\users\hp\documents\hl2sb-src\src\game\server\debug_mod_hl2mp\nav_file.obj
c:\users\hp\documents\hl2sb-src\src\game\server\debug_mod_hl2mp\nav_mesh.obj
c:\users\hp\documents\hl2sb-src\src\game\server\debug_mod_hl2mp\te_beamentpoint.obj
c:\users\hp\documents\hl2sb-src\src\game\server\debug_mod_hl2mp\te_bloodsprite.obj
c:\users\hp\documents\hl2sb-src\src\game\server\debug_mod_hl2mp\te_bubbletrail.obj
c:\users\hp\documents\hl2sb-src\src\game\server\debug_mod_hl2mp\te_gaussexplosion.obj
c:\users\hp\documents\hl2sb-src\src\game\server\debug_mod_hl2mp\te_playerdecal.obj
c:\users\hp\documents\hl2sb-src\src\game\server\debug_mod_hl2mp\te_spritespray.obj
c:\users\hp\documents\hl2sb-src\src\game\server\debug_mod_hl2mp\activitylist.obj
c:\users\hp\documents\hl2sb-src\src\game\server\debug_mod_hl2mp\ai_basenpc_flyer.obj
c:\users\hp\documents\hl2sb-src\src\game\server\debug_mod_hl2mp\ai_behavior.obj
c:\users\hp\documents\hl2sb-src\src\game\server\debug_mod_hl2mp\ai_behavior_standoff.obj
c:\users\hp\documents\hl2sb-src\src\game\server\debug_mod_hl2mp\ai_interest_target.obj
c:\users\hp\documents\hl2sb-src\src\game\server\debug_mod_hl2mp\ai_localnavigator.obj
c:\users\hp\documents\hl2sb-src\src\game\server\debug_mod_hl2mp\ai_networkmanager.obj
c:\users\hp\documents\hl2sb-src\src\game\server\debug_mod_hl2mp\ai_senses.obj
c:\users\hp\documents\hl2sb-src\src\game\server\debug_mod_hl2mp\ai_squadslot.obj
c:\users\hp\documents\hl2sb-src\src\game\server\debug_mod_hl2mp\ai_waypoint.obj
c:\users\hp\documents\hl2sb-src\src\game\server\debug_mod_hl2mp\base_playeranimstate.obj
c:\users\hp\documents\hl2sb-src\src\game\server\debug_mod_hl2mp\basecombatweapon.obj
c:\users\hp\documents\hl2sb-src\src\game\server\debug_mod_hl2mp\baseviewmodel_shared.obj
c:\users\hp\documents\hl2sb-src\src\game\server\debug_mod_hl2mp\client.obj
c:\users\hp\documents\hl2sb-src\src\game\server\debug_mod_hl2mp\entityparticletrail_shared.obj
c:\users\hp\documents\hl2sb-src\src\game\server\debug_mod_hl2mp\env_detail_controller.obj
c:\users\hp\documents\hl2sb-src\src\game\server\debug_mod_hl2mp\env_entity_maker.obj
c:\users\hp\documents\hl2sb-src\src\game\server\debug_mod_hl2mp\env_tonemap_controller.obj
c:\users\hp\documents\hl2sb-src\src\game\server\debug_mod_hl2mp\envmicrophone.obj
c:\users\hp\documents\hl2sb-src\src\game\server\debug_mod_hl2mp\fire_smoke.obj
c:\users\hp\documents\hl2sb-src\src\game\server\debug_mod_hl2mp\func_areaportal.obj
c:\users\hp\documents\hl2sb-src\src\game\server\debug_mod_hl2mp\func_areaportalwindow.obj
c:\users\hp\documents\hl2sb-src\src\game\server\debug_mod_hl2mp\func_ladder_endpoint.obj
c:\users\hp\documents\hl2sb-src\src\game\server\debug_mod_hl2mp\func_movelinear.obj
c:\users\hp\documents\hl2sb-src\src\game\server\debug_mod_hl2mp\gamerules_register.obj
c:\users\hp\documents\hl2sb-src\src\game\server\debug_mod_hl2mp\gametrace_dll.obj
c:\users\hp\documents\hl2sb-src\src\game\server\debug_mod_hl2mp\genericmonster.obj
c:\users\hp\documents\hl2sb-src\src\game\server\debug_mod_hl2mp\lightglow.obj
c:\users\hp\documents\hl2sb-src\src\game\server\debug_mod_hl2mp\mapentities.obj
c:\users\hp\documents\hl2sb-src\src\game\server\debug_mod_hl2mp\pathcorner.obj
c:\users\hp\documents\hl2sb-src\src\game\server\debug_mod_hl2mp\physconstraint.obj
c:\users\hp\documents\hl2sb-src\src\game\server\debug_mod_hl2mp\physics_impact_damage.obj
c:\users\hp\documents\hl2sb-src\src\game\server\debug_mod_hl2mp\physobj.obj
c:\users\hp\documents\hl2sb-src\src\game\server\debug_mod_hl2mp\playerlocaldata.obj
c:\users\hp\documents\hl2sb-src\src\game\server\debug_mod_hl2mp\point_spotlight.obj
c:\users\hp\documents\hl2sb-src\src\game\server\debug_mod_hl2mp\props.obj
c:\users\hp\documents\hl2sb-src\src\game\server\debug_mod_hl2mp\sprite_perfmonitor.obj
c:\users\hp\documents\hl2sb-src\src\game\server\debug_mod_hl2mp\tactical_mission.obj
c:\users\hp\documents\hl2sb-src\src\game\server\debug_mod_hl2mp\team_train_watcher.obj
c:\users\hp\documents\hl2sb-src\src\game\server\debug_mod_hl2mp\vehicle_base.obj
c:\users\hp\documents\hl2sb-src\src\game\server\debug_mod_hl2mp\ai_behavior_holster.obj
c:\users\hp\documents\hl2sb-src\src\game\server\debug_mod_hl2mp\ar2_explosion.obj
c:\users\hp\documents\hl2sb-src\src\game\server\debug_mod_hl2mp\basehlcombatweapon_shared.obj
c:\users\hp\documents\hl2sb-src\src\game\server\debug_mod_hl2mp\citadel_effects.obj
c:\users\hp\documents\hl2sb-src\src\game\server\debug_mod_hl2mp\env_alyxemp.obj
c:\users\hp\documents\hl2sb-src\src\game\server\debug_mod_hl2mp\env_speaker.obj
c:\users\hp\documents\hl2sb-src\src\game\server\debug_mod_hl2mp\hl2_eventlog.obj
c:\users\hp\documents\hl2sb-src\src\game\server\debug_mod_hl2mp\hl2_gamerules.obj
c:\users\hp\documents\hl2sb-src\src\game\server\debug_mod_hl2mp\item_battery.obj
c:\users\hp\documents\hl2sb-src\src\game\server\debug_mod_hl2mp\look_door.obj
c:\users\hp\documents\hl2sb-src\src\game\server\debug_mod_hl2mp\npc_barnacle.obj
c:\users\hp\documents\hl2sb-src\src\game\server\debug_mod_hl2mp\npc_bullseye.obj
c:\users\hp\documents\hl2sb-src\src\game\server\debug_mod_hl2mp\npc_combines.obj
c:\users\hp\documents\hl2sb-src\src\game\server\debug_mod_hl2mp\npc_headcrab.obj
c:\users\hp\documents\hl2sb-src\src\game\server\debug_mod_hl2mp\npc_rollermine.obj
c:\users\hp\documents\hl2sb-src\src\game\server\debug_mod_hl2mp\npc_turret_ground.obj
c:\users\hp\documents\hl2sb-src\src\game\server\debug_mod_hl2mp\point_apc_controller.obj
c:\users\hp\documents\hl2sb-src\src\game\server\debug_mod_hl2mp\prop_thumper.obj
c:\users\hp\documents\hl2sb-src\src\game\server\debug_mod_hl2mp\weapon_annabelle.obj
c:\users\hp\documents\hl2sb-src\src\game\server\debug_mod_hl2mp\vehicle_apc.obj
c:\users\hp\documents\hl2sb-src\src\game\server\debug_mod_hl2mp\weapon_hl2mpbase.obj
c:\users\hp\documents\hl2sb-src\src\game\server\debug_mod_hl2mp\weapon_pistol.obj
c:\users\hp\documents\hl2sb-src\src\game\server\debug_mod_hl2mp\lkeyvalues.obj
c:\users\hp\documents\hl2sb-src\src\game\server\debug_mod_hl2mp\nav_edit.obj
c:\users\hp\documents\hl2sb-src\src\game\server\debug_mod_hl2mp\nav_mesh_factory.obj
c:\users\hp\documents\hl2sb-src\src\game\server\debug_mod_hl2mp\spritetrail.obj
c:\users\hp\documents\hl2sb-src\src\game\server\debug_mod_hl2mp\te_beamfollow.obj
c:\users\hp\documents\hl2sb-src\src\game\server\debug_mod_hl2mp\te_breakmodel.obj
c:\users\hp\documents\hl2sb-src\src\game\server\debug_mod_hl2mp\te_energysplash.obj
c:\users\hp\documents\hl2sb-src\src\game\server\debug_mod_hl2mp\te_killplayerattachments.obj
c:\users\hp\documents\hl2sb-src\src\game\server\debug_mod_hl2mp\te_smoke.obj
c:\users\hp\documents\hl2sb-src\src\game\server\debug_mod_hl2mp\pointeroverride.obj
c:\users\hp\documents\hl2sb-src\src\game\server\server_hl2mp.vpc.sentinel
c:\users\hp\documents\hl2sb-src\src\game\server\debug_mod_hl2mp\server (hl2mp).tlog\cl.command.1.tlog
c:\users\hp\documents\hl2sb-src\src\game\server\debug_mod_hl2mp\server (hl2mp).tlog\cl.read.1.tlog
c:\users\hp\documents\hl2sb-src\src\game\server\debug_mod_hl2mp\server (hl2mp).tlog\cl.write.1.tlog
c:\users\hp\documents\hl2sb-src\src\game\server\debug_mod_hl2mp\server (hl2mp).tlog\custombuild.command.1.tlog
c:\users\hp\documents\hl2sb-src\src\game\server\debug_mod_hl2mp\server (hl2mp).tlog\custombuild.read.1.tlog
c:\users\hp\documents\hl2sb-src\src\game\server\debug_mod_hl2mp\server (hl2mp).tlog\custombuild.write.1.tlog
